// Jest Snapshot v1, https://goo.gl/fbAQLP

exports[`ClassDeclaration4 1`] = `
Object {
  "EntryFiles": Array [
    Object {
      "ApiKind": "source-file",
      "Kind": 265,
      "KindString": "SourceFile",
      "Members": Object {
        "FooClass": "ClassDeclaration-0",
      },
      "Name": "ClassDeclaration4.ts",
      "Path": "cases/ClassDeclaration4.ts",
    },
  ],
  "Registry": Object {
    "ClassDeclaration-0": Object {
      "ApiKind": "class",
      "Extends": undefined,
      "Implements": Array [
        Object {
          "ApiTypeKind": "default",
          "Flags": 32768,
          "FlagsString": "Object",
          "Generics": undefined,
          "Name": "Foo",
          "Text": "Foo",
        },
        Object {
          "ApiTypeKind": "default",
          "Flags": 32768,
          "FlagsString": "Object",
          "Generics": undefined,
          "Name": "Foo2",
          "Text": "Foo2",
        },
      ],
      "IsAbstract": false,
      "Kind": 229,
      "KindString": "ClassDeclaration",
      "Members": Object {
        "Bar": "PropertyDeclaration-0",
        "Bar2": "PropertyDeclaration-1",
      },
      "Name": "FooClass",
    },
    "PropertyDeclaration-0": Object {
      "AccessModifier": "public",
      "ApiKind": "class-property",
      "IsAbstract": false,
      "IsReadonly": false,
      "IsStatic": false,
      "Kind": 149,
      "KindString": "PropertyDeclaration",
      "Name": "Bar",
      "Type": Object {
        "ApiTypeKind": "default",
        "Flags": 2,
        "FlagsString": "String",
        "Generics": undefined,
        "Name": undefined,
        "Text": "string",
      },
    },
    "PropertyDeclaration-1": Object {
      "AccessModifier": "public",
      "ApiKind": "class-property",
      "IsAbstract": false,
      "IsReadonly": false,
      "IsStatic": false,
      "Kind": 149,
      "KindString": "PropertyDeclaration",
      "Name": "Bar2",
      "Type": Object {
        "ApiTypeKind": "default",
        "Flags": 2,
        "FlagsString": "String",
        "Generics": undefined,
        "Name": undefined,
        "Text": "string",
      },
    },
  },
}
`;
