// Jest Snapshot v1, https://goo.gl/fbAQLP

exports[`ClassDeclaration11 1`] = `
Object {
  "EntryFiles": Array [
    "SourceFile-0",
  ],
  "Registry": Object {
    "ClassDeclaration-0": Object {
      "ApiKind": "class",
      "Extends": undefined,
      "Implements": Array [],
      "IsAbstract": false,
      "Location": Object {
        "Character": 0,
        "FileName": "./cases/ClassDeclaration11.ts",
        "IsExternalPackage": false,
        "Line": 0,
      },
      "Members": Array [
        Object {
          "Alias": "getFoo",
          "Ids": Array [
            "MethodDeclaration-0",
          ],
        },
      ],
      "Metadata": Object {
        "DocumentationComment": "",
        "JSDocTags": Array [],
      },
      "Name": "Foo",
      "ParentId": "SourceFile-0",
      "TypeParameters": Array [],
      "_ts": Object {
        "Kind": 229,
        "KindString": "ClassDeclaration",
      },
    },
    "MethodDeclaration-0": Object {
      "AccessModifier": "public",
      "ApiKind": "class-method",
      "IsAbstract": false,
      "IsAsync": false,
      "IsOptional": false,
      "IsOverloadBase": false,
      "IsStatic": false,
      "Location": Object {
        "Character": 4,
        "FileName": "./cases/ClassDeclaration11.ts",
        "IsExternalPackage": false,
        "Line": 1,
      },
      "Metadata": Object {
        "DocumentationComment": "",
        "JSDocTags": Array [],
      },
      "Name": "getFoo",
      "Parameters": Array [],
      "ParentId": "ClassDeclaration-0",
      "ReturnType": Object {
        "ApiTypeKind": "this",
        "Location": Object {
          "Character": 21,
          "FileName": "./cases/ClassDeclaration11.ts",
          "IsExternalPackage": false,
          "Line": 1,
        },
        "ReferenceId": "ClassDeclaration-0",
        "Text": "this",
        "_ts": Object {
          "Kind": 169,
          "KindString": "ThisType",
        },
      },
      "TypeParameters": Array [],
      "_ts": Object {
        "Kind": 151,
        "KindString": "MethodDeclaration",
      },
    },
    "SourceFile-0": Object {
      "ApiKind": "source-file",
      "Location": Object {
        "Character": 0,
        "FileName": "./cases/ClassDeclaration11.ts",
        "IsExternalPackage": false,
        "Line": 0,
      },
      "Members": Array [
        Object {
          "Alias": "Foo",
          "Ids": Array [
            "ClassDeclaration-0",
          ],
        },
      ],
      "Metadata": Object {
        "DocumentationComment": "",
        "JSDocTags": Array [],
      },
      "Name": "ClassDeclaration11.ts",
      "ParentId": undefined,
      "_ts": Object {
        "Kind": 268,
        "KindString": "SourceFile",
      },
    },
  },
}
`;
