// Jest Snapshot v1, https://goo.gl/fbAQLP

exports[`ClassDeclaration9 1`] = `
Object {
  "EntryFiles": Array [
    Object {
      "ApiKind": "source-file",
      "Kind": 268,
      "KindString": "SourceFile",
      "Members": Array [
        Array [
          "Point",
          Array [
            "ClassDeclaration-0",
          ],
        ],
        Array [
          "Point3d",
          Array [
            "ClassDeclaration-1",
          ],
        ],
      ],
      "Metadata": Object {
        "DocumentationComment": Array [],
        "JSDocTags": Array [],
      },
      "Name": "ClassDeclaration9.ts",
      "Path": "./cases/ClassDeclaration9.ts",
    },
  ],
  "Registry": Object {
    "ClassDeclaration-0": Object {
      "ApiKind": "class",
      "Extends": undefined,
      "Implements": Array [],
      "IsAbstract": false,
      "Kind": 229,
      "KindString": "ClassDeclaration",
      "Location": Object {
        "Character": 0,
        "FileName": "./cases/ClassDeclaration9.ts",
        "Line": 2,
      },
      "Members": Array [
        Array [
          "x",
          Array [
            "PropertyDeclaration-0",
          ],
        ],
        Array [
          "y",
          Array [
            "PropertyDeclaration-1",
          ],
        ],
      ],
      "Metadata": Object {
        "DocumentationComment": Array [],
        "JSDocTags": Array [],
      },
      "Name": "Point",
      "TypeParameters": Array [],
    },
    "ClassDeclaration-1": Object {
      "ApiKind": "class",
      "Extends": undefined,
      "Implements": Array [
        Object {
          "ApiTypeKind": "reference",
          "Generics": undefined,
          "Name": "Point",
          "ReferenceId": "ClassDeclaration-0",
          "Text": "Point",
        },
      ],
      "IsAbstract": false,
      "Kind": 229,
      "KindString": "ClassDeclaration",
      "Location": Object {
        "Character": 0,
        "FileName": "./cases/ClassDeclaration9.ts",
        "Line": 7,
      },
      "Members": Array [
        Array [
          "x",
          Array [
            "PropertyDeclaration-2",
          ],
        ],
        Array [
          "y",
          Array [
            "PropertyDeclaration-3",
          ],
        ],
        Array [
          "z",
          Array [
            "PropertyDeclaration-4",
          ],
        ],
      ],
      "Metadata": Object {
        "DocumentationComment": Array [],
        "JSDocTags": Array [],
      },
      "Name": "Point3d",
      "TypeParameters": Array [],
    },
    "PropertyDeclaration-0": Object {
      "AccessModifier": "public",
      "ApiKind": "class-property",
      "IsAbstract": false,
      "IsOptional": false,
      "IsReadonly": false,
      "IsStatic": false,
      "Kind": 149,
      "KindString": "PropertyDeclaration",
      "Location": Object {
        "Character": 4,
        "FileName": "./cases/ClassDeclaration9.ts",
        "Line": 3,
      },
      "Metadata": Object {
        "DocumentationComment": Array [],
        "JSDocTags": Array [],
      },
      "Name": "x",
      "Type": Object {
        "ApiTypeKind": "basic",
        "Flags": 4,
        "FlagsString": "Number",
        "Generics": undefined,
        "Name": undefined,
        "Text": "number",
      },
    },
    "PropertyDeclaration-1": Object {
      "AccessModifier": "public",
      "ApiKind": "class-property",
      "IsAbstract": false,
      "IsOptional": false,
      "IsReadonly": false,
      "IsStatic": false,
      "Kind": 149,
      "KindString": "PropertyDeclaration",
      "Location": Object {
        "Character": 4,
        "FileName": "./cases/ClassDeclaration9.ts",
        "Line": 4,
      },
      "Metadata": Object {
        "DocumentationComment": Array [],
        "JSDocTags": Array [],
      },
      "Name": "y",
      "Type": Object {
        "ApiTypeKind": "basic",
        "Flags": 4,
        "FlagsString": "Number",
        "Generics": undefined,
        "Name": undefined,
        "Text": "number",
      },
    },
    "PropertyDeclaration-2": Object {
      "AccessModifier": "public",
      "ApiKind": "class-property",
      "IsAbstract": false,
      "IsOptional": false,
      "IsReadonly": false,
      "IsStatic": false,
      "Kind": 149,
      "KindString": "PropertyDeclaration",
      "Location": Object {
        "Character": 4,
        "FileName": "./cases/ClassDeclaration9.ts",
        "Line": 8,
      },
      "Metadata": Object {
        "DocumentationComment": Array [],
        "JSDocTags": Array [],
      },
      "Name": "x",
      "Type": Object {
        "ApiTypeKind": "basic",
        "Flags": 4,
        "FlagsString": "Number",
        "Generics": undefined,
        "Name": undefined,
        "Text": "number",
      },
    },
    "PropertyDeclaration-3": Object {
      "AccessModifier": "public",
      "ApiKind": "class-property",
      "IsAbstract": false,
      "IsOptional": false,
      "IsReadonly": false,
      "IsStatic": false,
      "Kind": 149,
      "KindString": "PropertyDeclaration",
      "Location": Object {
        "Character": 4,
        "FileName": "./cases/ClassDeclaration9.ts",
        "Line": 9,
      },
      "Metadata": Object {
        "DocumentationComment": Array [],
        "JSDocTags": Array [],
      },
      "Name": "y",
      "Type": Object {
        "ApiTypeKind": "basic",
        "Flags": 4,
        "FlagsString": "Number",
        "Generics": undefined,
        "Name": undefined,
        "Text": "number",
      },
    },
    "PropertyDeclaration-4": Object {
      "AccessModifier": "public",
      "ApiKind": "class-property",
      "IsAbstract": false,
      "IsOptional": false,
      "IsReadonly": false,
      "IsStatic": false,
      "Kind": 149,
      "KindString": "PropertyDeclaration",
      "Location": Object {
        "Character": 4,
        "FileName": "./cases/ClassDeclaration9.ts",
        "Line": 10,
      },
      "Metadata": Object {
        "DocumentationComment": Array [],
        "JSDocTags": Array [],
      },
      "Name": "z",
      "Type": Object {
        "ApiTypeKind": "basic",
        "Flags": 4,
        "FlagsString": "Number",
        "Generics": undefined,
        "Name": undefined,
        "Text": "number",
      },
    },
  },
}
`;
