// Jest Snapshot v1, https://goo.gl/fbAQLP

exports[`ClassDeclaration8 1`] = `
Object {
  "EntryFiles": Array [
    Object {
      "ApiKind": "source-file",
      "Kind": 265,
      "KindString": "SourceFile",
      "Members": Array [
        Array [
          "Control",
          Array [
            "ClassDeclaration-0",
          ],
        ],
        Array [
          "SelectableControl",
          Array [
            "InterfaceDeclaration-0",
          ],
        ],
        Array [
          "Button",
          Array [
            "ClassDeclaration-1",
          ],
        ],
      ],
      "Metadata": Object {
        "DocumentationComment": Array [],
        "JSDocTags": Array [],
      },
      "Name": "ClassDeclaration8.ts",
      "Path": "cases/ClassDeclaration8.ts",
    },
  ],
  "Registry": Object {
    "ClassDeclaration-0": Object {
      "ApiKind": "class",
      "Extends": undefined,
      "Implements": Array [],
      "IsAbstract": false,
      "Kind": 229,
      "KindString": "ClassDeclaration",
      "Members": Array [
        Array [
          "state",
          Array [
            "PropertyDeclaration-0",
          ],
        ],
      ],
      "Metadata": Object {
        "DocumentationComment": Array [],
        "JSDocTags": Array [],
      },
      "Name": "Control",
      "TypeParameters": Array [],
    },
    "ClassDeclaration-1": Object {
      "ApiKind": "class",
      "Extends": Object {
        "ApiTypeKind": "reference",
        "Generics": undefined,
        "Name": "Control",
        "ReferenceId": "ClassDeclaration-0",
        "Text": "Control",
      },
      "Implements": Array [
        Object {
          "ApiTypeKind": "reference",
          "Generics": undefined,
          "Name": "SelectableControl",
          "ReferenceId": "InterfaceDeclaration-0",
          "Text": "SelectableControl",
        },
      ],
      "IsAbstract": false,
      "Kind": 229,
      "KindString": "ClassDeclaration",
      "Members": Array [
        Array [
          "select",
          Array [
            "MethodDeclaration-0",
          ],
        ],
      ],
      "Metadata": Object {
        "DocumentationComment": Array [],
        "JSDocTags": Array [],
      },
      "Name": "Button",
      "TypeParameters": Array [],
    },
    "InterfaceDeclaration-0": Object {
      "ApiKind": "interface",
      "Extends": Array [
        Object {
          "ApiTypeKind": "reference",
          "Generics": undefined,
          "Name": "Control",
          "ReferenceId": "ClassDeclaration-0",
          "Text": "Control",
        },
      ],
      "Kind": 230,
      "KindString": "InterfaceDeclaration",
      "Members": Array [
        Array [
          "select",
          Array [
            "MethodSignature-0",
          ],
        ],
      ],
      "Metadata": Object {
        "DocumentationComment": Array [],
        "JSDocTags": Array [],
      },
      "Name": "SelectableControl",
      "TypeParameters": Array [],
    },
    "MethodDeclaration-0": Object {
      "AccessModifier": "public",
      "ApiKind": "class-method",
      "IsAbstract": false,
      "IsOptional": false,
      "IsStatic": false,
      "Kind": 151,
      "KindString": "MethodDeclaration",
      "Metadata": Object {
        "DocumentationComment": Array [],
        "JSDocTags": Array [],
      },
      "Name": "select",
      "Parameters": Array [],
      "ReturnType": Object {
        "ApiTypeKind": "basic",
        "Flags": 1024,
        "FlagsString": "Void",
        "Generics": undefined,
        "Name": undefined,
        "Text": "void",
      },
      "TypeParameters": Array [],
    },
    "MethodSignature-0": Object {
      "ApiKind": "method",
      "IsOptional": false,
      "Kind": 150,
      "KindString": "MethodSignature",
      "Metadata": Object {
        "DocumentationComment": Array [],
        "JSDocTags": Array [],
      },
      "Name": "select",
      "Parameters": Array [],
      "ReturnType": Object {
        "ApiTypeKind": "basic",
        "Flags": 1024,
        "FlagsString": "Void",
        "Generics": undefined,
        "Name": undefined,
        "Text": "void",
      },
      "TypeParameters": Array [],
    },
    "PropertyDeclaration-0": Object {
      "AccessModifier": "private",
      "ApiKind": "class-property",
      "IsAbstract": false,
      "IsOptional": false,
      "IsReadonly": false,
      "IsStatic": false,
      "Kind": 149,
      "KindString": "PropertyDeclaration",
      "Metadata": Object {
        "DocumentationComment": Array [],
        "JSDocTags": Array [],
      },
      "Name": "state",
      "Type": Object {
        "ApiTypeKind": "basic",
        "Flags": 1,
        "FlagsString": "Any",
        "Generics": undefined,
        "Name": undefined,
        "Text": "any",
      },
    },
  },
}
`;
