// Jest Snapshot v1, https://goo.gl/fbAQLP

exports[`ClassDeclaration1 1`] = `
Object {
  "EntryFiles": Array [
    Object {
      "ApiKind": "source-file",
      "Kind": 265,
      "KindString": "SourceFile",
      "Members": Object {
        "Foo": "ClassDeclaration-0",
      },
      "Name": "ClassDeclaration1.ts",
      "Path": "cases/ClassDeclaration1.ts",
    },
  ],
  "Registry": Object {
    "ClassDeclaration-0": Object {
      "ApiKind": "class",
      "Extends": undefined,
      "Implements": Array [],
      "IsAbstract": false,
      "Kind": 229,
      "KindString": "ClassDeclaration",
      "Members": Object {
        "Bar": "PropertyDeclaration-1",
        "GetFoo": "MethodDeclaration-1",
        "Id": "PropertyDeclaration-0",
        "SetFoo": "MethodDeclaration-0",
      },
      "Name": "Foo",
    },
    "MethodDeclaration-0": Object {
      "AccessModifier": "protected",
      "ApiKind": "class-method",
      "IsAbstract": false,
      "IsStatic": false,
      "Kind": 151,
      "KindString": "MethodDeclaration",
      "Name": "SetFoo",
      "Parameters": Object {
        "foo": "Parameter-0",
      },
      "ReturnType": Object {
        "ApiTypeKind": "default",
        "Flags": 1024,
        "FlagsString": "Void",
        "Generics": undefined,
        "Name": undefined,
        "Text": "void",
      },
    },
    "MethodDeclaration-1": Object {
      "AccessModifier": "public",
      "ApiKind": "class-method",
      "IsAbstract": false,
      "IsStatic": false,
      "Kind": 151,
      "KindString": "MethodDeclaration",
      "Name": "GetFoo",
      "Parameters": Object {},
      "ReturnType": Object {
        "ApiTypeKind": "default",
        "Flags": 2,
        "FlagsString": "String",
        "Generics": undefined,
        "Name": undefined,
        "Text": "string",
      },
    },
    "Parameter-0": Object {
      "ApiKind": "parameter",
      "Kind": 146,
      "KindString": "Parameter",
      "Name": "foo",
      "Type": Object {
        "ApiTypeKind": "default",
        "Flags": 2,
        "FlagsString": "String",
        "Generics": undefined,
        "Name": undefined,
        "Text": "string",
      },
    },
    "PropertyDeclaration-0": Object {
      "AccessModifier": "public",
      "ApiKind": "class-property",
      "IsAbstract": false,
      "IsReadonly": true,
      "IsStatic": false,
      "Kind": 149,
      "KindString": "PropertyDeclaration",
      "Name": "Id",
      "Type": Object {
        "ApiTypeKind": "default",
        "Flags": 2,
        "FlagsString": "String",
        "Generics": undefined,
        "Name": undefined,
        "Text": "string",
      },
    },
    "PropertyDeclaration-1": Object {
      "AccessModifier": "public",
      "ApiKind": "class-property",
      "IsAbstract": false,
      "IsReadonly": false,
      "IsStatic": true,
      "Kind": 149,
      "KindString": "PropertyDeclaration",
      "Name": "Bar",
      "Type": Object {
        "ApiTypeKind": "default",
        "Flags": 2,
        "FlagsString": "String",
        "Generics": undefined,
        "Name": undefined,
        "Text": "string",
      },
    },
  },
}
`;
