// Jest Snapshot v1, https://goo.gl/fbAQLP

exports[`ClassDeclaration8 1`] = `
Object {
  "EntryFiles": Array [
    "SourceFile-0",
  ],
  "Registry": Object {
    "ClassDeclaration-0": Object {
      "ApiKind": "class",
      "Extends": undefined,
      "Implements": Array [],
      "IsAbstract": false,
      "Location": Object {
        "Character": 0,
        "FileName": "./cases/ClassDeclaration8.ts",
        "IsExternalPackage": false,
        "Line": 0,
      },
      "Members": Array [
        Object {
          "Alias": "state",
          "Ids": Array [
            "PropertyDeclaration-0",
          ],
        },
      ],
      "Metadata": Object {
        "DocumentationComment": "",
        "JSDocTags": Array [],
      },
      "Name": "Control",
      "TypeParameters": Array [],
      "_ts": Object {
        "Kind": 229,
        "KindString": "ClassDeclaration",
      },
    },
    "ClassDeclaration-1": Object {
      "ApiKind": "class",
      "Extends": Object {
        "ApiTypeKind": "basic",
        "Flags": 32768,
        "FlagsString": "Object",
        "Generics": undefined,
        "Name": "Control",
        "ReferenceId": "ClassDeclaration-0",
        "Text": "Control",
      },
      "Implements": Array [
        Object {
          "ApiTypeKind": "basic",
          "Flags": 32768,
          "FlagsString": "Object",
          "Generics": undefined,
          "Name": "SelectableControl",
          "ReferenceId": "InterfaceDeclaration-0",
          "Text": "SelectableControl",
        },
      ],
      "IsAbstract": false,
      "Location": Object {
        "Character": 0,
        "FileName": "./cases/ClassDeclaration8.ts",
        "IsExternalPackage": false,
        "Line": 8,
      },
      "Members": Array [
        Object {
          "Alias": "select",
          "Ids": Array [
            "MethodDeclaration-0",
          ],
        },
      ],
      "Metadata": Object {
        "DocumentationComment": "",
        "JSDocTags": Array [],
      },
      "Name": "Button",
      "TypeParameters": Array [],
      "_ts": Object {
        "Kind": 229,
        "KindString": "ClassDeclaration",
      },
    },
    "InterfaceDeclaration-0": Object {
      "ApiKind": "interface",
      "Extends": Array [
        Object {
          "ApiTypeKind": "basic",
          "Flags": 32768,
          "FlagsString": "Object",
          "Generics": undefined,
          "Name": "Control",
          "ReferenceId": "ClassDeclaration-0",
          "Text": "Control",
        },
      ],
      "Location": Object {
        "Character": 0,
        "FileName": "./cases/ClassDeclaration8.ts",
        "IsExternalPackage": false,
        "Line": 4,
      },
      "Members": Array [
        Object {
          "Alias": "select",
          "Ids": Array [
            "MethodSignature-0",
          ],
        },
      ],
      "Metadata": Object {
        "DocumentationComment": "",
        "JSDocTags": Array [],
      },
      "Name": "SelectableControl",
      "TypeParameters": Array [],
      "_ts": Object {
        "Kind": 230,
        "KindString": "InterfaceDeclaration",
      },
    },
    "MethodDeclaration-0": Object {
      "AccessModifier": "public",
      "ApiKind": "class-method",
      "IsAbstract": false,
      "IsAsync": false,
      "IsOptional": false,
      "IsOverloadBase": false,
      "IsStatic": false,
      "Location": Object {
        "Character": 4,
        "FileName": "./cases/ClassDeclaration8.ts",
        "IsExternalPackage": false,
        "Line": 9,
      },
      "Metadata": Object {
        "DocumentationComment": "",
        "JSDocTags": Array [],
      },
      "Name": "select",
      "Parameters": Array [],
      "ReturnType": Object {
        "ApiTypeKind": "basic",
        "Flags": 1024,
        "FlagsString": "Void",
        "Generics": undefined,
        "Name": undefined,
        "ReferenceId": undefined,
        "Text": "void",
      },
      "TypeParameters": Array [],
      "_ts": Object {
        "Kind": 151,
        "KindString": "MethodDeclaration",
      },
    },
    "MethodSignature-0": Object {
      "ApiKind": "method",
      "IsOptional": false,
      "IsOverloadBase": false,
      "Location": Object {
        "Character": 4,
        "FileName": "./cases/ClassDeclaration8.ts",
        "IsExternalPackage": false,
        "Line": 5,
      },
      "Metadata": Object {
        "DocumentationComment": "",
        "JSDocTags": Array [],
      },
      "Name": "select",
      "Parameters": Array [],
      "ReturnType": Object {
        "ApiTypeKind": "basic",
        "Flags": 1024,
        "FlagsString": "Void",
        "Generics": undefined,
        "Name": undefined,
        "ReferenceId": undefined,
        "Text": "void",
      },
      "TypeParameters": Array [],
      "_ts": Object {
        "Kind": 150,
        "KindString": "MethodSignature",
      },
    },
    "PropertyDeclaration-0": Object {
      "AccessModifier": "private",
      "ApiKind": "class-property",
      "IsAbstract": false,
      "IsOptional": false,
      "IsReadonly": false,
      "IsStatic": false,
      "Location": Object {
        "Character": 4,
        "FileName": "./cases/ClassDeclaration8.ts",
        "IsExternalPackage": false,
        "Line": 1,
      },
      "Metadata": Object {
        "DocumentationComment": "",
        "JSDocTags": Array [],
      },
      "Name": "state",
      "Type": Object {
        "ApiTypeKind": "basic",
        "Flags": 1,
        "FlagsString": "Any",
        "Generics": undefined,
        "Name": undefined,
        "ReferenceId": undefined,
        "Text": "any",
      },
      "_ts": Object {
        "Kind": 149,
        "KindString": "PropertyDeclaration",
      },
    },
    "SourceFile-0": Object {
      "ApiKind": "source-file",
      "Location": Object {
        "Character": 0,
        "FileName": "./cases/ClassDeclaration8.ts",
        "IsExternalPackage": false,
        "Line": 0,
      },
      "Members": Array [
        Object {
          "Alias": "Control",
          "Ids": Array [
            "ClassDeclaration-0",
          ],
        },
        Object {
          "Alias": "SelectableControl",
          "Ids": Array [
            "InterfaceDeclaration-0",
          ],
        },
        Object {
          "Alias": "Button",
          "Ids": Array [
            "ClassDeclaration-1",
          ],
        },
      ],
      "Metadata": Object {
        "DocumentationComment": "",
        "JSDocTags": Array [],
      },
      "Name": "ClassDeclaration8.ts",
      "_ts": Object {
        "Kind": 268,
        "KindString": "SourceFile",
      },
    },
  },
}
`;
