// Jest Snapshot v1, https://goo.gl/fbAQLP

exports[`ClassDeclaration6 1`] = `
Object {
  "EntryFiles": Array [
    "SourceFile-0",
  ],
  "Registry": Object {
    "ClassDeclaration-0": Object {
      "ApiKind": "class",
      "Extends": undefined,
      "Implements": Array [],
      "IsAbstract": true,
      "Kind": 229,
      "KindString": "ClassDeclaration",
      "Location": Object {
        "Character": 0,
        "FileName": "./cases/ClassDeclaration6.ts",
        "IsExternalPackage": false,
        "Line": 2,
      },
      "Members": Array [
        Object {
          "Alias": "GetValue",
          "Ids": Array [
            "MethodDeclaration-0",
          ],
        },
      ],
      "Metadata": Object {
        "DocumentationComment": "",
        "JSDocTags": Array [],
      },
      "Name": "FooBase",
      "TypeParameters": Array [
        Object {
          "Alias": "TValue",
          "Ids": Array [
            "TypeParameter-0",
          ],
        },
      ],
    },
    "ClassDeclaration-1": Object {
      "ApiKind": "class",
      "Extends": Object {
        "ApiTypeKind": "basic",
        "Flags": 32768,
        "FlagsString": "Object",
        "Generics": Array [
          Object {
            "ApiTypeKind": "basic",
            "Flags": 4,
            "FlagsString": "Number",
            "Generics": undefined,
            "Name": undefined,
            "ReferenceId": undefined,
            "Text": "number",
          },
        ],
        "Name": "FooBase",
        "ReferenceId": "ClassDeclaration-0",
        "Text": "FooBase<number>",
      },
      "Implements": Array [
        Object {
          "ApiTypeKind": "basic",
          "Flags": 32768,
          "FlagsString": "Object",
          "Generics": undefined,
          "Name": "Bar",
          "ReferenceId": "InterfaceDeclaration-0",
          "Text": "Bar",
        },
      ],
      "IsAbstract": false,
      "Kind": 229,
      "KindString": "ClassDeclaration",
      "Location": Object {
        "Character": 0,
        "FileName": "./cases/ClassDeclaration6.ts",
        "IsExternalPackage": false,
        "Line": 10,
      },
      "Members": Array [
        Object {
          "Alias": "GetValue",
          "Ids": Array [
            "MethodDeclaration-1",
          ],
        },
        Object {
          "Alias": "BarName",
          "Ids": Array [
            "PropertyDeclaration-0",
          ],
        },
      ],
      "Metadata": Object {
        "DocumentationComment": "",
        "JSDocTags": Array [],
      },
      "Name": "Foo",
      "TypeParameters": Array [],
    },
    "InterfaceDeclaration-0": Object {
      "ApiKind": "interface",
      "Extends": Array [],
      "Kind": 230,
      "KindString": "InterfaceDeclaration",
      "Location": Object {
        "Character": 0,
        "FileName": "./cases/ClassDeclaration6.ts",
        "IsExternalPackage": false,
        "Line": 6,
      },
      "Members": Array [
        Object {
          "Alias": "BarName",
          "Ids": Array [
            "PropertySignature-0",
          ],
        },
      ],
      "Metadata": Object {
        "DocumentationComment": "",
        "JSDocTags": Array [],
      },
      "Name": "Bar",
      "TypeParameters": Array [],
    },
    "MethodDeclaration-0": Object {
      "AccessModifier": "public",
      "ApiKind": "class-method",
      "IsAbstract": true,
      "IsAsync": false,
      "IsOptional": false,
      "IsOverloadBase": false,
      "IsStatic": false,
      "Kind": 151,
      "KindString": "MethodDeclaration",
      "Location": Object {
        "Character": 4,
        "FileName": "./cases/ClassDeclaration6.ts",
        "IsExternalPackage": false,
        "Line": 3,
      },
      "Metadata": Object {
        "DocumentationComment": "",
        "JSDocTags": Array [],
      },
      "Name": "GetValue",
      "Parameters": Array [],
      "ReturnType": Object {
        "ApiTypeKind": "type-parameter",
        "Flags": 16384,
        "FlagsString": "TypeParameter",
        "Generics": undefined,
        "Name": "TValue",
        "ReferenceId": "TypeParameter-0",
        "Text": "TValue",
      },
      "TypeParameters": Array [],
    },
    "MethodDeclaration-1": Object {
      "AccessModifier": "public",
      "ApiKind": "class-method",
      "IsAbstract": false,
      "IsAsync": false,
      "IsOptional": false,
      "IsOverloadBase": false,
      "IsStatic": false,
      "Kind": 151,
      "KindString": "MethodDeclaration",
      "Location": Object {
        "Character": 4,
        "FileName": "./cases/ClassDeclaration6.ts",
        "IsExternalPackage": false,
        "Line": 11,
      },
      "Metadata": Object {
        "DocumentationComment": "",
        "JSDocTags": Array [],
      },
      "Name": "GetValue",
      "Parameters": Array [],
      "ReturnType": Object {
        "ApiTypeKind": "basic",
        "Flags": 4,
        "FlagsString": "Number",
        "Generics": undefined,
        "Name": undefined,
        "ReferenceId": undefined,
        "Text": "number",
      },
      "TypeParameters": Array [],
    },
    "PropertyDeclaration-0": Object {
      "AccessModifier": "public",
      "ApiKind": "class-property",
      "IsAbstract": false,
      "IsOptional": false,
      "IsReadonly": false,
      "IsStatic": false,
      "Kind": 149,
      "KindString": "PropertyDeclaration",
      "Location": Object {
        "Character": 4,
        "FileName": "./cases/ClassDeclaration6.ts",
        "IsExternalPackage": false,
        "Line": 15,
      },
      "Metadata": Object {
        "DocumentationComment": "",
        "JSDocTags": Array [],
      },
      "Name": "BarName",
      "Type": Object {
        "ApiTypeKind": "basic",
        "Flags": 2,
        "FlagsString": "String",
        "Generics": undefined,
        "Name": undefined,
        "ReferenceId": undefined,
        "Text": "string",
      },
    },
    "PropertySignature-0": Object {
      "ApiKind": "property",
      "IsOptional": false,
      "IsReadonly": false,
      "Kind": 148,
      "KindString": "PropertySignature",
      "Location": Object {
        "Character": 4,
        "FileName": "./cases/ClassDeclaration6.ts",
        "IsExternalPackage": false,
        "Line": 7,
      },
      "Metadata": Object {
        "DocumentationComment": "",
        "JSDocTags": Array [],
      },
      "Name": "BarName",
      "Type": Object {
        "ApiTypeKind": "basic",
        "Flags": 2,
        "FlagsString": "String",
        "Generics": undefined,
        "Name": undefined,
        "ReferenceId": undefined,
        "Text": "string",
      },
    },
    "SourceFile-0": Object {
      "ApiKind": "source-file",
      "Kind": 268,
      "KindString": "SourceFile",
      "Location": Object {
        "Character": 0,
        "FileName": "./cases/ClassDeclaration6.ts",
        "IsExternalPackage": false,
        "Line": 2,
      },
      "Members": Array [
        Object {
          "Alias": "FooBase",
          "Ids": Array [
            "ClassDeclaration-0",
          ],
        },
        Object {
          "Alias": "Bar",
          "Ids": Array [
            "InterfaceDeclaration-0",
          ],
        },
        Object {
          "Alias": "Foo",
          "Ids": Array [
            "ClassDeclaration-1",
          ],
        },
      ],
      "Metadata": Object {
        "DocumentationComment": "",
        "JSDocTags": Array [],
      },
      "Name": "ClassDeclaration6.ts",
    },
    "TypeParameter-0": Object {
      "ApiKind": "type-parameter",
      "ConstraintType": undefined,
      "DefaultType": undefined,
      "Kind": 145,
      "KindString": "TypeParameter",
      "Location": Object {
        "Character": 30,
        "FileName": "./cases/ClassDeclaration6.ts",
        "IsExternalPackage": false,
        "Line": 2,
      },
      "Metadata": Object {
        "DocumentationComment": "",
        "JSDocTags": Array [],
      },
      "Name": "TValue",
    },
  },
}
`;
