// Jest Snapshot v1, https://goo.gl/fbAQLP

exports[`ConstructSignature1 1`] = `
Object {
  "EntryFiles": Array [
    "SourceFile-0",
  ],
  "Registry": Object {
    "ConstructSignature-0": Object {
      "ApiKind": "construct",
      "IsOverloadBase": false,
      "Location": Object {
        "Character": 4,
        "FileName": "./cases/ConstructSignature1.ts",
        "IsExternalPackage": false,
        "Line": 1,
      },
      "Metadata": Object {
        "DocumentationComment": "",
        "JSDocTags": Array [],
      },
      "Name": "__new",
      "Parameters": Array [
        Object {
          "Alias": "arg",
          "Ids": Array [
            "Parameter-0",
          ],
        },
      ],
      "ParentId": "InterfaceDeclaration-0",
      "ReturnType": Object {
        "ApiTypeKind": "reference",
        "ReferenceId": "InterfaceDeclaration-0",
        "SymbolName": "Foo",
        "Text": "Foo",
        "TypeParameters": undefined,
        "_ts": Object {
          "Kind": 159,
          "KindString": "TypeReference",
        },
      },
      "TypeParameters": Array [],
      "_ts": Object {
        "Kind": 156,
        "KindString": "ConstructSignature",
      },
    },
    "InterfaceDeclaration-0": Object {
      "ApiKind": "interface",
      "Extends": Array [],
      "Location": Object {
        "Character": 0,
        "FileName": "./cases/ConstructSignature1.ts",
        "IsExternalPackage": false,
        "Line": 0,
      },
      "Members": Array [
        Object {
          "Alias": "__new",
          "Ids": Array [
            "ConstructSignature-0",
          ],
        },
      ],
      "Metadata": Object {
        "DocumentationComment": "",
        "JSDocTags": Array [],
      },
      "Name": "Foo",
      "ParentId": "SourceFile-0",
      "TypeParameters": Array [],
      "_ts": Object {
        "Kind": 230,
        "KindString": "InterfaceDeclaration",
      },
    },
    "Parameter-0": Object {
      "ApiKind": "parameter",
      "Initializer": undefined,
      "IsOptional": false,
      "IsSpread": false,
      "Location": Object {
        "Character": 8,
        "FileName": "./cases/ConstructSignature1.ts",
        "IsExternalPackage": false,
        "Line": 1,
      },
      "Metadata": Object {
        "DocumentationComment": "",
        "JSDocTags": Array [],
      },
      "Name": "arg",
      "ParentId": "ConstructSignature-0",
      "Type": Object {
        "ApiTypeKind": "basic",
        "Text": "string",
        "_ts": Object {
          "Kind": 136,
          "KindString": "StringKeyword",
        },
      },
      "_ts": Object {
        "Kind": 146,
        "KindString": "Parameter",
      },
    },
    "SourceFile-0": Object {
      "ApiKind": "source-file",
      "Location": Object {
        "Character": 0,
        "FileName": "./cases/ConstructSignature1.ts",
        "IsExternalPackage": false,
        "Line": 0,
      },
      "Members": Array [
        Object {
          "Alias": "Foo",
          "Ids": Array [
            "InterfaceDeclaration-0",
          ],
        },
      ],
      "Metadata": Object {
        "DocumentationComment": "",
        "JSDocTags": Array [],
      },
      "Name": "ConstructSignature1.ts",
      "ParentId": undefined,
      "_ts": Object {
        "Kind": 268,
        "KindString": "SourceFile",
      },
    },
  },
}
`;
