// Jest Snapshot v1, https://goo.gl/fbAQLP

exports[`EnumDeclaration2 1`] = `
Object {
  "EntryFiles": Array [
    "SourceFile-0",
  ],
  "Registry": Object {
    "EnumDeclaration-0": Object {
      "ApiKind": "enum",
      "IsConst": false,
      "Kind": 232,
      "KindString": "EnumDeclaration",
      "Location": Object {
        "Character": 0,
        "FileName": "./cases/EnumDeclaration2.ts",
        "Line": 5,
      },
      "Members": Array [
        Array [
          "None",
          Array [
            "EnumMember-0",
          ],
        ],
        Array [
          "Critical",
          Array [
            "EnumMember-1",
          ],
        ],
        Array [
          "Error",
          Array [
            "EnumMember-2",
          ],
        ],
        Array [
          "Warning",
          Array [
            "EnumMember-3",
          ],
        ],
        Array [
          "Information",
          Array [
            "EnumMember-4",
          ],
        ],
        Array [
          "Debug",
          Array [
            "EnumMember-5",
          ],
        ],
        Array [
          "Trace",
          Array [
            "EnumMember-6",
          ],
        ],
      ],
      "Metadata": Object {
        "DocumentationComment": "Defines logging severity levels.",
        "JSDocTags": Array [],
      },
      "Name": "LogLevel",
    },
    "EnumMember-0": Object {
      "ApiKind": "enum-member",
      "Kind": 267,
      "KindString": "EnumMember",
      "Location": Object {
        "Character": 4,
        "FileName": "./cases/EnumDeclaration2.ts",
        "Line": 9,
      },
      "Metadata": Object {
        "DocumentationComment": "Not used for writing log messages. Specifies that a logging category should not write any messages.",
        "JSDocTags": Array [],
      },
      "Name": "None",
      "Value": "0",
    },
    "EnumMember-1": Object {
      "ApiKind": "enum-member",
      "Kind": 267,
      "KindString": "EnumMember",
      "Location": Object {
        "Character": 4,
        "FileName": "./cases/EnumDeclaration2.ts",
        "Line": 15,
      },
      "Metadata": Object {
        "DocumentationComment": "Logs that describe an unrecoverable application or system crash,
or a catastrophic failure that requires immediate attention.",
        "JSDocTags": Array [],
      },
      "Name": "Critical",
      "Value": "1 << 0",
    },
    "EnumMember-2": Object {
      "ApiKind": "enum-member",
      "Kind": 267,
      "KindString": "EnumMember",
      "Location": Object {
        "Character": 4,
        "FileName": "./cases/EnumDeclaration2.ts",
        "Line": 21,
      },
      "Metadata": Object {
        "DocumentationComment": "Logs that highlight when the current flow of execution is stopped due to a failure.
These should indicate a failure in the current activity, not an application-wide failure.",
        "JSDocTags": Array [],
      },
      "Name": "Error",
      "Value": "1 << 1",
    },
    "EnumMember-3": Object {
      "ApiKind": "enum-member",
      "Kind": 267,
      "KindString": "EnumMember",
      "Location": Object {
        "Character": 4,
        "FileName": "./cases/EnumDeclaration2.ts",
        "Line": 27,
      },
      "Metadata": Object {
        "DocumentationComment": "Logs that highlight an abnormal or unexpected event in the application flow,
but do not otherwise cause the application execution to stop.",
        "JSDocTags": Array [],
      },
      "Name": "Warning",
      "Value": "1 << 2",
    },
    "EnumMember-4": Object {
      "ApiKind": "enum-member",
      "Kind": 267,
      "KindString": "EnumMember",
      "Location": Object {
        "Character": 4,
        "FileName": "./cases/EnumDeclaration2.ts",
        "Line": 32,
      },
      "Metadata": Object {
        "DocumentationComment": "Logs that track the general flow of the application. These logs should have long-term value.",
        "JSDocTags": Array [],
      },
      "Name": "Information",
      "Value": "1 << 3",
    },
    "EnumMember-5": Object {
      "ApiKind": "enum-member",
      "Kind": 267,
      "KindString": "EnumMember",
      "Location": Object {
        "Character": 4,
        "FileName": "./cases/EnumDeclaration2.ts",
        "Line": 38,
      },
      "Metadata": Object {
        "DocumentationComment": "Logs that are used for interactive investigation during development.
These logs should primarily contain information useful for debugging and have no long-term value.",
        "JSDocTags": Array [],
      },
      "Name": "Debug",
      "Value": "1 << 4",
    },
    "EnumMember-6": Object {
      "ApiKind": "enum-member",
      "Kind": 267,
      "KindString": "EnumMember",
      "Location": Object {
        "Character": 4,
        "FileName": "./cases/EnumDeclaration2.ts",
        "Line": 44,
      },
      "Metadata": Object {
        "DocumentationComment": "Logs that contain the most detailed messages. These messages may contain sensitive application data.
These messages are disabled by default and should never be enabled in a production environment.",
        "JSDocTags": Array [],
      },
      "Name": "Trace",
      "Value": "1 << 5",
    },
    "SourceFile-0": Object {
      "ApiKind": "source-file",
      "Kind": 268,
      "KindString": "SourceFile",
      "Location": Object {
        "Character": 0,
        "FileName": "./cases/EnumDeclaration2.ts",
        "Line": 5,
      },
      "Members": Array [
        Array [
          "LogLevel",
          Array [
            "EnumDeclaration-0",
          ],
        ],
      ],
      "Metadata": Object {
        "DocumentationComment": "",
        "JSDocTags": Array [],
      },
      "Name": "EnumDeclaration2.ts",
    },
  },
}
`;
