// Jest Snapshot v1, https://goo.gl/fbAQLP

exports[`ExportDeclaration1 1`] = `
Object {
  "EntryFiles": Array [
    "SourceFile-0",
  ],
  "Registry": Object {
    "ClassDeclaration-0": Object {
      "ApiKind": "class",
      "Extends": undefined,
      "Implements": Array [],
      "IsAbstract": false,
      "Kind": 229,
      "KindString": "ClassDeclaration",
      "Location": Object {
        "Character": 0,
        "FileName": "./cases/ClassDeclaration1.ts",
        "IsExternalPackage": false,
        "Line": 6,
      },
      "Members": Array [
        Array [
          "SetFoo",
          Array [
            "MethodDeclaration-0",
          ],
        ],
        Array [
          "GetFoo",
          Array [
            "MethodDeclaration-1",
            "MethodDeclaration-2",
            "MethodDeclaration-3",
          ],
        ],
        Array [
          "AsyncGetFoo",
          Array [
            "MethodDeclaration-4",
          ],
        ],
        Array [
          "IdProperty",
          Array [
            "PropertyDeclaration-0",
          ],
        ],
        Array [
          "BarProperty",
          Array [
            "PropertyDeclaration-1",
          ],
        ],
      ],
      "Metadata": Object {
        "DocumentationComment": "Class Foo comment line.",
        "JSDocTags": Array [
          Object {
            "name": "summary",
            "text": "Summary of comment line.",
          },
        ],
      },
      "Name": "FooClass",
      "TypeParameters": Array [],
    },
    "ExportDeclaration-0": Object {
      "ApiKind": "export",
      "ExportPath": "./cases/ClassDeclaration1.ts",
      "Kind": 244,
      "KindString": "ExportDeclaration",
      "Location": Object {
        "Character": 0,
        "FileName": "./cases/ExportDeclaration1.ts",
        "IsExternalPackage": false,
        "Line": 0,
      },
      "Members": Array [
        Array [
          "FooClass",
          Array [
            "ClassDeclaration-0",
          ],
        ],
      ],
      "Metadata": Object {
        "DocumentationComment": "",
        "JSDocTags": Array [],
      },
      "Name": "__export",
    },
    "MethodDeclaration-0": Object {
      "AccessModifier": "protected",
      "ApiKind": "class-method",
      "IsAbstract": false,
      "IsAsync": false,
      "IsOptional": true,
      "IsOverloadBase": false,
      "IsStatic": false,
      "Kind": 151,
      "KindString": "MethodDeclaration",
      "Location": Object {
        "Character": 4,
        "FileName": "./cases/ClassDeclaration1.ts",
        "IsExternalPackage": false,
        "Line": 11,
      },
      "Metadata": Object {
        "DocumentationComment": "Sets foo.",
        "JSDocTags": Array [],
      },
      "Name": "SetFoo",
      "Parameters": Array [
        Array [
          "foo",
          Array [
            "Parameter-0",
          ],
        ],
      ],
      "ReturnType": Object {
        "ApiTypeKind": "basic",
        "Flags": 1024,
        "FlagsString": "Void",
        "Generics": undefined,
        "Name": undefined,
        "ReferenceId": undefined,
        "Text": "void",
      },
      "TypeParameters": Array [],
    },
    "MethodDeclaration-1": Object {
      "AccessModifier": "public",
      "ApiKind": "class-method",
      "IsAbstract": false,
      "IsAsync": false,
      "IsOptional": false,
      "IsOverloadBase": false,
      "IsStatic": false,
      "Kind": 151,
      "KindString": "MethodDeclaration",
      "Location": Object {
        "Character": 4,
        "FileName": "./cases/ClassDeclaration1.ts",
        "IsExternalPackage": false,
        "Line": 17,
      },
      "Metadata": Object {
        "DocumentationComment": "GetFoo overload comment.
GetFoo overload comment.
GetFoo without A parameter comment line.",
        "JSDocTags": Array [],
      },
      "Name": "GetFoo",
      "Parameters": Array [
        Array [
          "text",
          Array [
            "Parameter-1",
          ],
        ],
      ],
      "ReturnType": Object {
        "ApiTypeKind": "basic",
        "Flags": 2,
        "FlagsString": "String",
        "Generics": undefined,
        "Name": undefined,
        "ReferenceId": undefined,
        "Text": "string",
      },
      "TypeParameters": Array [],
    },
    "MethodDeclaration-2": Object {
      "AccessModifier": "public",
      "ApiKind": "class-method",
      "IsAbstract": false,
      "IsAsync": false,
      "IsOptional": false,
      "IsOverloadBase": false,
      "IsStatic": false,
      "Kind": 151,
      "KindString": "MethodDeclaration",
      "Location": Object {
        "Character": 4,
        "FileName": "./cases/ClassDeclaration1.ts",
        "IsExternalPackage": false,
        "Line": 22,
      },
      "Metadata": Object {
        "DocumentationComment": "GetFoo overload comment.
GetFoo overload comment.
GetFoo without A parameter comment line.",
        "JSDocTags": Array [],
      },
      "Name": "GetFoo",
      "Parameters": Array [
        Array [
          "open",
          Array [
            "Parameter-2",
          ],
        ],
      ],
      "ReturnType": Object {
        "ApiTypeKind": "basic",
        "Flags": 2,
        "FlagsString": "String",
        "Generics": undefined,
        "Name": undefined,
        "ReferenceId": undefined,
        "Text": "string",
      },
      "TypeParameters": Array [],
    },
    "MethodDeclaration-3": Object {
      "AccessModifier": "public",
      "ApiKind": "class-method",
      "IsAbstract": false,
      "IsAsync": false,
      "IsOptional": false,
      "IsOverloadBase": true,
      "IsStatic": false,
      "Kind": 151,
      "KindString": "MethodDeclaration",
      "Location": Object {
        "Character": 4,
        "FileName": "./cases/ClassDeclaration1.ts",
        "IsExternalPackage": false,
        "Line": 26,
      },
      "Metadata": Object {
        "DocumentationComment": "GetFoo overload comment.
GetFoo overload comment.
GetFoo without A parameter comment line.",
        "JSDocTags": Array [],
      },
      "Name": "GetFoo",
      "Parameters": Array [
        Array [
          "arg",
          Array [
            "Parameter-3",
          ],
        ],
      ],
      "ReturnType": Object {
        "ApiTypeKind": "basic",
        "Flags": 2,
        "FlagsString": "String",
        "Generics": undefined,
        "Name": undefined,
        "ReferenceId": undefined,
        "Text": "string",
      },
      "TypeParameters": Array [],
    },
    "MethodDeclaration-4": Object {
      "AccessModifier": "public",
      "ApiKind": "class-method",
      "IsAbstract": false,
      "IsAsync": true,
      "IsOptional": true,
      "IsOverloadBase": false,
      "IsStatic": false,
      "Kind": 151,
      "KindString": "MethodDeclaration",
      "Location": Object {
        "Character": 4,
        "FileName": "./cases/ClassDeclaration1.ts",
        "IsExternalPackage": false,
        "Line": 30,
      },
      "Metadata": Object {
        "DocumentationComment": "",
        "JSDocTags": Array [],
      },
      "Name": "AsyncGetFoo",
      "Parameters": Array [],
      "ReturnType": Object {
        "ApiTypeKind": "basic",
        "Flags": 32768,
        "FlagsString": "Object",
        "Generics": Array [
          Object {
            "ApiTypeKind": "basic",
            "Flags": 2,
            "FlagsString": "String",
            "Generics": undefined,
            "Name": undefined,
            "ReferenceId": undefined,
            "Text": "string",
          },
        ],
        "Name": "Promise",
        "ReferenceId": undefined,
        "Text": "Promise<string>",
      },
      "TypeParameters": Array [],
    },
    "Parameter-0": Object {
      "ApiKind": "parameter",
      "IsOptional": true,
      "IsSpread": false,
      "Kind": 146,
      "KindString": "Parameter",
      "Location": Object {
        "Character": 22,
        "FileName": "./cases/ClassDeclaration1.ts",
        "IsExternalPackage": false,
        "Line": 11,
      },
      "Metadata": Object {
        "DocumentationComment": "foo",
        "JSDocTags": Array [],
      },
      "Name": "foo",
      "Type": Object {
        "ApiTypeKind": "basic",
        "Flags": 2,
        "FlagsString": "String",
        "Generics": undefined,
        "Name": undefined,
        "ReferenceId": undefined,
        "Text": "string",
      },
    },
    "Parameter-1": Object {
      "ApiKind": "parameter",
      "IsOptional": false,
      "IsSpread": false,
      "Kind": 146,
      "KindString": "Parameter",
      "Location": Object {
        "Character": 18,
        "FileName": "./cases/ClassDeclaration1.ts",
        "IsExternalPackage": false,
        "Line": 17,
      },
      "Metadata": Object {
        "DocumentationComment": "GetFoo property comment.",
        "JSDocTags": Array [],
      },
      "Name": "text",
      "Type": Object {
        "ApiTypeKind": "basic",
        "Flags": 2,
        "FlagsString": "String",
        "Generics": undefined,
        "Name": undefined,
        "ReferenceId": undefined,
        "Text": "string",
      },
    },
    "Parameter-2": Object {
      "ApiKind": "parameter",
      "IsOptional": false,
      "IsSpread": false,
      "Kind": 146,
      "KindString": "Parameter",
      "Location": Object {
        "Character": 18,
        "FileName": "./cases/ClassDeclaration1.ts",
        "IsExternalPackage": false,
        "Line": 22,
      },
      "Metadata": Object {
        "DocumentationComment": "GetFoo property comment.",
        "JSDocTags": Array [],
      },
      "Name": "open",
      "Type": Object {
        "ApiTypeKind": "union",
        "Flags": 65544,
        "FlagsString": undefined,
        "Name": undefined,
        "ReferenceId": undefined,
        "Text": "boolean",
        "Types": Array [
          Object {
            "ApiTypeKind": "basic",
            "Flags": 128,
            "FlagsString": "BooleanLiteral",
            "Generics": undefined,
            "Name": undefined,
            "ReferenceId": undefined,
            "Text": "true",
          },
          Object {
            "ApiTypeKind": "basic",
            "Flags": 128,
            "FlagsString": "BooleanLiteral",
            "Generics": undefined,
            "Name": undefined,
            "ReferenceId": undefined,
            "Text": "false",
          },
        ],
      },
    },
    "Parameter-3": Object {
      "ApiKind": "parameter",
      "IsOptional": false,
      "IsSpread": false,
      "Kind": 146,
      "KindString": "Parameter",
      "Location": Object {
        "Character": 18,
        "FileName": "./cases/ClassDeclaration1.ts",
        "IsExternalPackage": false,
        "Line": 26,
      },
      "Metadata": Object {
        "DocumentationComment": "",
        "JSDocTags": Array [],
      },
      "Name": "arg",
      "Type": Object {
        "ApiTypeKind": "union",
        "Flags": 65536,
        "FlagsString": "Union",
        "Name": undefined,
        "ReferenceId": undefined,
        "Text": "string | boolean",
        "Types": Array [
          Object {
            "ApiTypeKind": "basic",
            "Flags": 2,
            "FlagsString": "String",
            "Generics": undefined,
            "Name": undefined,
            "ReferenceId": undefined,
            "Text": "string",
          },
          Object {
            "ApiTypeKind": "basic",
            "Flags": 128,
            "FlagsString": "BooleanLiteral",
            "Generics": undefined,
            "Name": undefined,
            "ReferenceId": undefined,
            "Text": "true",
          },
          Object {
            "ApiTypeKind": "basic",
            "Flags": 128,
            "FlagsString": "BooleanLiteral",
            "Generics": undefined,
            "Name": undefined,
            "ReferenceId": undefined,
            "Text": "false",
          },
        ],
      },
    },
    "PropertyDeclaration-0": Object {
      "AccessModifier": "public",
      "ApiKind": "class-property",
      "IsAbstract": false,
      "IsOptional": false,
      "IsReadonly": true,
      "IsStatic": false,
      "Kind": 149,
      "KindString": "PropertyDeclaration",
      "Location": Object {
        "Character": 4,
        "FileName": "./cases/ClassDeclaration1.ts",
        "IsExternalPackage": false,
        "Line": 36,
      },
      "Metadata": Object {
        "DocumentationComment": "Property Id comment line.",
        "JSDocTags": Array [
          Object {
            "name": "readonly",
            "text": "Id is Immutable.",
          },
        ],
      },
      "Name": "IdProperty",
      "Type": Object {
        "ApiTypeKind": "basic",
        "Flags": 2,
        "FlagsString": "String",
        "Generics": undefined,
        "Name": undefined,
        "ReferenceId": undefined,
        "Text": "string",
      },
    },
    "PropertyDeclaration-1": Object {
      "AccessModifier": "public",
      "ApiKind": "class-property",
      "IsAbstract": false,
      "IsOptional": false,
      "IsReadonly": false,
      "IsStatic": true,
      "Kind": 149,
      "KindString": "PropertyDeclaration",
      "Location": Object {
        "Character": 4,
        "FileName": "./cases/ClassDeclaration1.ts",
        "IsExternalPackage": false,
        "Line": 37,
      },
      "Metadata": Object {
        "DocumentationComment": "",
        "JSDocTags": Array [],
      },
      "Name": "BarProperty",
      "Type": Object {
        "ApiTypeKind": "basic",
        "Flags": 2,
        "FlagsString": "String",
        "Generics": undefined,
        "Name": undefined,
        "ReferenceId": undefined,
        "Text": "string",
      },
    },
    "SourceFile-0": Object {
      "ApiKind": "source-file",
      "Kind": 268,
      "KindString": "SourceFile",
      "Location": Object {
        "Character": 0,
        "FileName": "./cases/ExportDeclaration1.ts",
        "IsExternalPackage": false,
        "Line": 0,
      },
      "Members": Array [
        Array [
          "__export",
          Array [
            "ExportDeclaration-0",
          ],
        ],
      ],
      "Metadata": Object {
        "DocumentationComment": "",
        "JSDocTags": Array [],
      },
      "Name": "ExportDeclaration1.ts",
    },
  },
}
`;
