// Jest Snapshot v1, https://goo.gl/fbAQLP

exports[`ExportDeclaration2 1`] = `
Object {
  "EntryFiles": Array [
    Object {
      "ApiKind": "source-file",
      "Kind": 268,
      "KindString": "SourceFile",
      "Members": Array [
        Array [
          "__export",
          Array [
            "ExportDeclaration-0",
          ],
        ],
      ],
      "Metadata": Object {
        "DocumentationComment": "",
        "JSDocTags": Array [],
      },
      "Name": "ExportDeclaration2.ts",
      "Path": "./cases/ExportDeclaration2.ts",
    },
  ],
  "Registry": Object {
    "ExportDeclaration-0": Object {
      "ApiKind": "export",
      "ExportPath": undefined,
      "Kind": 244,
      "KindString": "ExportDeclaration",
      "Location": Object {
        "Character": 0,
        "FileName": "./cases/ExportDeclaration2.ts",
        "Line": 1,
      },
      "Members": Array [],
      "Metadata": Object {
        "DocumentationComment": "",
        "JSDocTags": Array [],
      },
      "Name": "__export",
    },
  },
}
`;
