// Jest Snapshot v1, https://goo.gl/fbAQLP

exports[`ExportSpecifier2 1`] = `
Object {
  "EntryFiles": Array [
    "SourceFile-0",
  ],
  "Registry": Object {
    "ExportSpecifier-0": Object {
      "ApiItems": Array [
        "InterfaceDeclaration-0",
      ],
      "ApiKind": "export-specifier",
      "Kind": 246,
      "KindString": "ExportSpecifier",
      "Location": Object {
        "Character": 9,
        "FileName": "./cases/ExportSpecifier2.ts",
        "Line": 0,
      },
      "Metadata": Object {
        "DocumentationComment": "",
        "JSDocTags": Array [],
      },
      "Name": "Foo",
    },
    "ExportSpecifier-1": Object {
      "ApiItems": Array [
        "InterfaceDeclaration-1",
      ],
      "ApiKind": "export-specifier",
      "Kind": 246,
      "KindString": "ExportSpecifier",
      "Location": Object {
        "Character": 14,
        "FileName": "./cases/ExportSpecifier2.ts",
        "Line": 0,
      },
      "Metadata": Object {
        "DocumentationComment": "",
        "JSDocTags": Array [],
      },
      "Name": "Foo2",
    },
    "InterfaceDeclaration-0": Object {
      "ApiKind": "interface",
      "Extends": Array [],
      "Kind": 230,
      "KindString": "InterfaceDeclaration",
      "Location": Object {
        "Character": 0,
        "FileName": "./cases/ClassDeclaration4.ts",
        "Line": 2,
      },
      "Members": Array [
        Array [
          "Bar",
          Array [
            "PropertySignature-0",
          ],
        ],
      ],
      "Metadata": Object {
        "DocumentationComment": "",
        "JSDocTags": Array [],
      },
      "Name": "Foo",
      "TypeParameters": Array [],
    },
    "InterfaceDeclaration-1": Object {
      "ApiKind": "interface",
      "Extends": Array [],
      "Kind": 230,
      "KindString": "InterfaceDeclaration",
      "Location": Object {
        "Character": 0,
        "FileName": "./cases/ClassDeclaration4.ts",
        "Line": 6,
      },
      "Members": Array [
        Array [
          "Bar2",
          Array [
            "PropertySignature-1",
          ],
        ],
      ],
      "Metadata": Object {
        "DocumentationComment": "",
        "JSDocTags": Array [],
      },
      "Name": "Foo2",
      "TypeParameters": Array [],
    },
    "PropertySignature-0": Object {
      "ApiKind": "property",
      "IsOptional": false,
      "Kind": 148,
      "KindString": "PropertySignature",
      "Location": Object {
        "Character": 4,
        "FileName": "./cases/ClassDeclaration4.ts",
        "Line": 3,
      },
      "Metadata": Object {
        "DocumentationComment": "",
        "JSDocTags": Array [],
      },
      "Name": "Bar",
      "Type": Object {
        "ApiTypeKind": "basic",
        "Flags": 2,
        "FlagsString": "String",
        "Generics": undefined,
        "Name": undefined,
        "ReferenceId": undefined,
        "Text": "string",
      },
    },
    "PropertySignature-1": Object {
      "ApiKind": "property",
      "IsOptional": false,
      "Kind": 148,
      "KindString": "PropertySignature",
      "Location": Object {
        "Character": 4,
        "FileName": "./cases/ClassDeclaration4.ts",
        "Line": 7,
      },
      "Metadata": Object {
        "DocumentationComment": "",
        "JSDocTags": Array [],
      },
      "Name": "Bar2",
      "Type": Object {
        "ApiTypeKind": "basic",
        "Flags": 2,
        "FlagsString": "String",
        "Generics": undefined,
        "Name": undefined,
        "ReferenceId": undefined,
        "Text": "string",
      },
    },
    "SourceFile-0": Object {
      "ApiKind": "source-file",
      "Kind": 268,
      "KindString": "SourceFile",
      "Location": Object {
        "Character": 0,
        "FileName": "./cases/ExportSpecifier2.ts",
        "Line": 0,
      },
      "Members": Array [
        Array [
          "Foo",
          Array [
            "ExportSpecifier-0",
          ],
        ],
        Array [
          "Foo2",
          Array [
            "ExportSpecifier-1",
          ],
        ],
      ],
      "Metadata": Object {
        "DocumentationComment": "",
        "JSDocTags": Array [],
      },
      "Name": "ExportSpecifier2.ts",
    },
  },
}
`;
