// Jest Snapshot v1, https://goo.gl/fbAQLP

exports[`ExportSpecifier2 1`] = `
Object {
  "EntryFiles": Array [
    Object {
      "ApiKind": "source-file",
      "Kind": 265,
      "KindString": "SourceFile",
      "Members": Object {
        "Foo": "ExportSpecifier-0",
        "Foo2": "ExportSpecifier-1",
      },
      "Name": "ExportSpecifier2.ts",
      "Path": "cases/ExportSpecifier2.ts",
    },
  ],
  "Registry": Object {
    "ExportSpecifier-0": Object {
      "ApiItems": Array [
        "InterfaceDeclaration-0",
      ],
      "ApiKind": "export-specifier",
      "Kind": 246,
      "KindString": "ExportSpecifier",
      "Name": "Foo",
    },
    "ExportSpecifier-1": Object {
      "ApiItems": Array [
        "InterfaceDeclaration-1",
      ],
      "ApiKind": "export-specifier",
      "Kind": 246,
      "KindString": "ExportSpecifier",
      "Name": "Foo2",
    },
  },
}
`;
