// Jest Snapshot v1, https://goo.gl/fbAQLP

exports[`FunctionDeclaration2 1`] = `
Object {
  "EntryFiles": Array [
    Object {
      "ApiKind": "source-file",
      "Kind": 265,
      "KindString": "SourceFile",
      "Members": Object {
        "Foo": "FunctionDeclaration-0",
      },
      "Metadata": Object {
        "DocumentationComment": Array [],
        "JSDocTags": Array [],
      },
      "Name": "FunctionDeclaration2.ts",
      "Path": "cases/FunctionDeclaration2.ts",
    },
  ],
  "Registry": Object {
    "FunctionDeclaration-0": Object {
      "ApiKind": "function",
      "Kind": 228,
      "KindString": "FunctionDeclaration",
      "Metadata": Object {
        "DocumentationComment": Array [],
        "JSDocTags": Array [],
      },
      "Name": "Foo",
      "Parameters": Object {
        "value": "Parameter-0",
      },
      "ReturnType": Object {
        "ApiTypeKind": "basic",
        "Flags": 1024,
        "FlagsString": "Void",
        "Generics": undefined,
        "Name": undefined,
        "Text": "void",
      },
      "TypeParameters": Object {
        "TValue": "TypeParameter-0",
      },
    },
    "Parameter-0": Object {
      "ApiKind": "parameter",
      "IsOptional": false,
      "IsSpread": false,
      "Kind": 146,
      "KindString": "Parameter",
      "Metadata": Object {
        "DocumentationComment": Array [],
        "JSDocTags": Array [],
      },
      "Name": "value",
      "Type": Object {
        "ApiTypeKind": "reference",
        "Generics": undefined,
        "Name": "TValue",
        "ReferenceId": "TypeParameter-0",
        "Text": "TValue",
      },
    },
    "TypeParameter-0": Object {
      "ApiKind": "type-parameter",
      "ConstraintType": undefined,
      "DefaultType": undefined,
      "Kind": 145,
      "KindString": "TypeParameter",
      "Metadata": Object {
        "DocumentationComment": Array [],
        "JSDocTags": Array [],
      },
      "Name": "TValue",
    },
  },
}
`;
