// Jest Snapshot v1, https://goo.gl/fbAQLP

exports[`FunctionDeclaration1 1`] = `
Object {
  "EntryFiles": Array [
    "SourceFile-0",
  ],
  "Registry": Object {
    "FunctionDeclaration-0": Object {
      "ApiKind": "function",
      "IsAsync": false,
      "IsOverloadBase": false,
      "Kind": 228,
      "KindString": "FunctionDeclaration",
      "Location": Object {
        "Character": 0,
        "FileName": "./cases/FunctionDeclaration1.ts",
        "IsExternalPackage": false,
        "Line": 0,
      },
      "Metadata": Object {
        "DocumentationComment": "",
        "JSDocTags": Array [],
      },
      "Name": "Foo",
      "Parameters": Array [],
      "ReturnType": Object {
        "ApiTypeKind": "basic",
        "Flags": 2,
        "FlagsString": "String",
        "Generics": undefined,
        "Name": undefined,
        "ReferenceId": undefined,
        "Text": "string",
      },
      "TypeParameters": Array [],
    },
    "SourceFile-0": Object {
      "ApiKind": "source-file",
      "Kind": 268,
      "KindString": "SourceFile",
      "Location": Object {
        "Character": 0,
        "FileName": "./cases/FunctionDeclaration1.ts",
        "IsExternalPackage": false,
        "Line": 0,
      },
      "Members": Array [
        Array [
          "Foo",
          Array [
            "FunctionDeclaration-0",
          ],
        ],
      ],
      "Metadata": Object {
        "DocumentationComment": "",
        "JSDocTags": Array [],
      },
      "Name": "FunctionDeclaration1.ts",
    },
  },
}
`;
