// Jest Snapshot v1, https://goo.gl/fbAQLP

exports[`get-accessor3 1`] = `
Object {
  "EntryFiles": Array [
    "SourceFile-0",
  ],
  "Registry": Object {
    "ClassDeclaration-0": Object {
      "ApiKind": "class",
      "Extends": undefined,
      "Implements": Array [],
      "IsAbstract": true,
      "Location": Object {
        "Character": 0,
        "FileName": "./main.ts",
        "IsExternalPackage": false,
        "Line": 0,
      },
      "Members": Array [
        Object {
          "Alias": "Foo",
          "Ids": Array [
            "GetAccessor-0",
          ],
        },
        Object {
          "Alias": "StaticFoo",
          "Ids": Array [
            "GetAccessor-1",
          ],
        },
        Object {
          "Alias": "foo",
          "Ids": Array [
            "GetAccessor-2",
          ],
        },
        Object {
          "Alias": "ProtectedFoo",
          "Ids": Array [
            "GetAccessor-3",
          ],
        },
      ],
      "Metadata": Object {
        "DocumentationComment": "",
        "JSDocTags": Array [],
      },
      "Name": "Foo",
      "ParentId": "SourceFile-0",
      "TypeParameters": Array [],
      "_ts": undefined,
    },
    "GetAccessor-0": Object {
      "AccessModifier": "public",
      "ApiKind": "get-accessor",
      "IsAbstract": true,
      "IsStatic": false,
      "Location": Object {
        "Character": 4,
        "FileName": "./main.ts",
        "IsExternalPackage": false,
        "Line": 1,
      },
      "Metadata": Object {
        "DocumentationComment": "",
        "JSDocTags": Array [],
      },
      "Name": "Foo",
      "ParentId": "ClassDeclaration-0",
      "Type": Object {
        "ApiTypeKind": "basic",
        "Location": Object {
          "Character": 31,
          "FileName": "./main.ts",
          "IsExternalPackage": false,
          "Line": 1,
        },
        "Text": "string",
      },
      "_ts": undefined,
    },
    "GetAccessor-1": Object {
      "AccessModifier": "public",
      "ApiKind": "get-accessor",
      "IsAbstract": false,
      "IsStatic": true,
      "Location": Object {
        "Character": 4,
        "FileName": "./main.ts",
        "IsExternalPackage": false,
        "Line": 3,
      },
      "Metadata": Object {
        "DocumentationComment": "",
        "JSDocTags": Array [],
      },
      "Name": "StaticFoo",
      "ParentId": "ClassDeclaration-0",
      "Type": Object {
        "ApiTypeKind": "basic",
        "Location": Object {
          "Character": 35,
          "FileName": "./main.ts",
          "IsExternalPackage": false,
          "Line": 3,
        },
        "Text": "string",
      },
      "_ts": undefined,
    },
    "GetAccessor-2": Object {
      "AccessModifier": "private",
      "ApiKind": "get-accessor",
      "IsAbstract": false,
      "IsStatic": false,
      "Location": Object {
        "Character": 4,
        "FileName": "./main.ts",
        "IsExternalPackage": false,
        "Line": 7,
      },
      "Metadata": Object {
        "DocumentationComment": "",
        "JSDocTags": Array [],
      },
      "Name": "foo",
      "ParentId": "ClassDeclaration-0",
      "Type": Object {
        "ApiTypeKind": "basic",
        "Location": Object {
          "Character": 23,
          "FileName": "./main.ts",
          "IsExternalPackage": false,
          "Line": 7,
        },
        "Text": "string",
      },
      "_ts": undefined,
    },
    "GetAccessor-3": Object {
      "AccessModifier": "protected",
      "ApiKind": "get-accessor",
      "IsAbstract": false,
      "IsStatic": false,
      "Location": Object {
        "Character": 4,
        "FileName": "./main.ts",
        "IsExternalPackage": false,
        "Line": 11,
      },
      "Metadata": Object {
        "DocumentationComment": "",
        "JSDocTags": Array [],
      },
      "Name": "ProtectedFoo",
      "ParentId": "ClassDeclaration-0",
      "Type": Object {
        "ApiTypeKind": "basic",
        "Location": Object {
          "Character": 34,
          "FileName": "./main.ts",
          "IsExternalPackage": false,
          "Line": 11,
        },
        "Text": "string",
      },
      "_ts": undefined,
    },
    "SourceFile-0": Object {
      "ApiKind": "source-file",
      "Location": Object {
        "Character": 0,
        "FileName": "./main.ts",
        "IsExternalPackage": false,
        "Line": 0,
      },
      "Members": Array [
        Object {
          "Alias": "Foo",
          "Ids": Array [
            "ClassDeclaration-0",
          ],
        },
      ],
      "Metadata": Object {
        "DocumentationComment": "",
        "JSDocTags": Array [],
      },
      "Name": "main.ts",
      "ParentId": undefined,
      "_ts": undefined,
    },
  },
}
`;
