// Jest Snapshot v1, https://goo.gl/fbAQLP

exports[`GetAccessor3 1`] = `
Object {
  "EntryFiles": Array [
    "SourceFile-0",
  ],
  "Registry": Object {
    "ClassDeclaration-0": Object {
      "ApiKind": "class",
      "Extends": undefined,
      "Implements": Array [],
      "IsAbstract": true,
      "Location": Object {
        "Character": 0,
        "FileName": "./cases/GetAccessor3.ts",
        "IsExternalPackage": false,
        "Line": 0,
      },
      "Members": Array [
        Object {
          "Alias": "Foo",
          "Ids": Array [
            "GetAccessor-0",
          ],
        },
        Object {
          "Alias": "StaticFoo",
          "Ids": Array [
            "GetAccessor-1",
          ],
        },
        Object {
          "Alias": "foo",
          "Ids": Array [
            "GetAccessor-2",
          ],
        },
        Object {
          "Alias": "ProtectedFoo",
          "Ids": Array [
            "GetAccessor-3",
          ],
        },
      ],
      "Metadata": Object {
        "DocumentationComment": "",
        "JSDocTags": Array [],
      },
      "Name": "Foo",
      "TypeParameters": Array [],
      "_ts": Object {
        "Kind": 229,
        "KindString": "ClassDeclaration",
      },
    },
    "GetAccessor-0": Object {
      "AccessModifier": "public",
      "ApiKind": "get-accessor",
      "IsAbstract": true,
      "IsStatic": false,
      "Location": Object {
        "Character": 4,
        "FileName": "./cases/GetAccessor3.ts",
        "IsExternalPackage": false,
        "Line": 1,
      },
      "Metadata": Object {
        "DocumentationComment": "",
        "JSDocTags": Array [],
      },
      "Name": "Foo",
      "Type": Object {
        "ApiTypeKind": "basic",
        "Text": "string",
        "_ts": Object {
          "Kind": 136,
          "KindString": "StringKeyword",
        },
      },
      "_ts": Object {
        "Kind": 153,
        "KindString": "GetAccessor",
      },
    },
    "GetAccessor-1": Object {
      "AccessModifier": "public",
      "ApiKind": "get-accessor",
      "IsAbstract": false,
      "IsStatic": true,
      "Location": Object {
        "Character": 4,
        "FileName": "./cases/GetAccessor3.ts",
        "IsExternalPackage": false,
        "Line": 3,
      },
      "Metadata": Object {
        "DocumentationComment": "",
        "JSDocTags": Array [],
      },
      "Name": "StaticFoo",
      "Type": Object {
        "ApiTypeKind": "basic",
        "Text": "string",
        "_ts": Object {
          "Kind": 136,
          "KindString": "StringKeyword",
        },
      },
      "_ts": Object {
        "Kind": 153,
        "KindString": "GetAccessor",
      },
    },
    "GetAccessor-2": Object {
      "AccessModifier": "private",
      "ApiKind": "get-accessor",
      "IsAbstract": false,
      "IsStatic": false,
      "Location": Object {
        "Character": 4,
        "FileName": "./cases/GetAccessor3.ts",
        "IsExternalPackage": false,
        "Line": 7,
      },
      "Metadata": Object {
        "DocumentationComment": "",
        "JSDocTags": Array [],
      },
      "Name": "foo",
      "Type": Object {
        "ApiTypeKind": "basic",
        "Text": "string",
        "_ts": Object {
          "Kind": 136,
          "KindString": "StringKeyword",
        },
      },
      "_ts": Object {
        "Kind": 153,
        "KindString": "GetAccessor",
      },
    },
    "GetAccessor-3": Object {
      "AccessModifier": "protected",
      "ApiKind": "get-accessor",
      "IsAbstract": false,
      "IsStatic": false,
      "Location": Object {
        "Character": 4,
        "FileName": "./cases/GetAccessor3.ts",
        "IsExternalPackage": false,
        "Line": 11,
      },
      "Metadata": Object {
        "DocumentationComment": "",
        "JSDocTags": Array [],
      },
      "Name": "ProtectedFoo",
      "Type": Object {
        "ApiTypeKind": "basic",
        "Text": "string",
        "_ts": Object {
          "Kind": 136,
          "KindString": "StringKeyword",
        },
      },
      "_ts": Object {
        "Kind": 153,
        "KindString": "GetAccessor",
      },
    },
    "SourceFile-0": Object {
      "ApiKind": "source-file",
      "Location": Object {
        "Character": 0,
        "FileName": "./cases/GetAccessor3.ts",
        "IsExternalPackage": false,
        "Line": 0,
      },
      "Members": Array [
        Object {
          "Alias": "Foo",
          "Ids": Array [
            "ClassDeclaration-0",
          ],
        },
      ],
      "Metadata": Object {
        "DocumentationComment": "",
        "JSDocTags": Array [],
      },
      "Name": "GetAccessor3.ts",
      "_ts": Object {
        "Kind": 268,
        "KindString": "SourceFile",
      },
    },
  },
}
`;
