// Jest Snapshot v1, https://goo.gl/fbAQLP

exports[`IndexSignature3 1`] = `
Object {
  "EntryFiles": Array [
    "SourceFile-0",
  ],
  "Registry": Object {
    "IndexSignature-0": Object {
      "ApiKind": "index",
      "IsReadonly": false,
      "Location": Object {
        "Character": 4,
        "FileName": "./cases/IndexSignature3.ts",
        "IsExternalPackage": false,
        "Line": 2,
      },
      "Metadata": Object {
        "DocumentationComment": "",
        "JSDocTags": Array [],
      },
      "Name": "__index",
      "Parameter": undefined,
      "ParentId": "InterfaceDeclaration-0",
      "Type": Object {
        "ApiTypeKind": "basic",
        "Location": Object {
          "Character": 33,
          "FileName": "./cases/IndexSignature3.ts",
          "IsExternalPackage": false,
          "Line": 2,
        },
        "Text": "number",
        "_ts": Object {
          "Kind": 133,
          "KindString": "NumberKeyword",
        },
      },
      "_ts": Object {
        "Kind": 157,
        "KindString": "IndexSignature",
      },
    },
    "IndexSignature-1": Object {
      "ApiKind": "index",
      "IsReadonly": false,
      "Location": Object {
        "Character": 4,
        "FileName": "./cases/IndexSignature3.ts",
        "IsExternalPackage": false,
        "Line": 5,
      },
      "Metadata": Object {
        "DocumentationComment": "",
        "JSDocTags": Array [],
      },
      "Name": "__index",
      "Parameter": "Parameter-2",
      "ParentId": "InterfaceDeclaration-0",
      "Type": Object {
        "ApiTypeKind": "basic",
        "Location": Object {
          "Character": 4,
          "FileName": "./cases/IndexSignature3.ts",
          "IsExternalPackage": false,
          "Line": 5,
        },
        "Text": "any",
        "_ts": Object {
          "Kind": 119,
          "KindString": "AnyKeyword",
        },
      },
      "_ts": Object {
        "Kind": 157,
        "KindString": "IndexSignature",
      },
    },
    "InterfaceDeclaration-0": Object {
      "ApiKind": "interface",
      "Extends": Array [],
      "Location": Object {
        "Character": 0,
        "FileName": "./cases/IndexSignature3.ts",
        "IsExternalPackage": false,
        "Line": 0,
      },
      "Members": Array [
        Object {
          "Alias": "__index",
          "Ids": Array [
            "IndexSignature-0",
            "IndexSignature-1",
          ],
        },
      ],
      "Metadata": Object {
        "DocumentationComment": "",
        "JSDocTags": Array [],
      },
      "Name": "Foo",
      "ParentId": "SourceFile-0",
      "TypeParameters": Array [],
      "_ts": Object {
        "Kind": 230,
        "KindString": "InterfaceDeclaration",
      },
    },
    "Parameter-0": Object {
      "ApiKind": "parameter",
      "Initializer": undefined,
      "IsOptional": false,
      "IsSpread": false,
      "Location": Object {
        "Character": 5,
        "FileName": "./cases/IndexSignature3.ts",
        "IsExternalPackage": false,
        "Line": 2,
      },
      "Metadata": Object {
        "DocumentationComment": "",
        "JSDocTags": Array [],
      },
      "Name": "key",
      "ParentId": "IndexSignature-0",
      "Type": Object {
        "ApiTypeKind": "basic",
        "Location": Object {
          "Character": 10,
          "FileName": "./cases/IndexSignature3.ts",
          "IsExternalPackage": false,
          "Line": 2,
        },
        "Text": "string",
        "_ts": Object {
          "Kind": 136,
          "KindString": "StringKeyword",
        },
      },
      "_ts": Object {
        "Kind": 146,
        "KindString": "Parameter",
      },
    },
    "Parameter-1": Object {
      "ApiKind": "parameter",
      "Initializer": undefined,
      "IsOptional": false,
      "IsSpread": false,
      "Location": Object {
        "Character": 18,
        "FileName": "./cases/IndexSignature3.ts",
        "IsExternalPackage": false,
        "Line": 2,
      },
      "Metadata": Object {
        "DocumentationComment": "",
        "JSDocTags": Array [],
      },
      "Name": "key2",
      "ParentId": "IndexSignature-0",
      "Type": Object {
        "ApiTypeKind": "basic",
        "Location": Object {
          "Character": 24,
          "FileName": "./cases/IndexSignature3.ts",
          "IsExternalPackage": false,
          "Line": 2,
        },
        "Text": "string",
        "_ts": Object {
          "Kind": 136,
          "KindString": "StringKeyword",
        },
      },
      "_ts": Object {
        "Kind": 146,
        "KindString": "Parameter",
      },
    },
    "Parameter-2": Object {
      "ApiKind": "parameter",
      "Initializer": undefined,
      "IsOptional": false,
      "IsSpread": false,
      "Location": Object {
        "Character": 5,
        "FileName": "./cases/IndexSignature3.ts",
        "IsExternalPackage": false,
        "Line": 5,
      },
      "Metadata": Object {
        "DocumentationComment": "",
        "JSDocTags": Array [],
      },
      "Name": "a",
      "ParentId": "IndexSignature-1",
      "Type": Object {
        "ApiTypeKind": "basic",
        "Location": Object {
          "Character": 8,
          "FileName": "./cases/IndexSignature3.ts",
          "IsExternalPackage": false,
          "Line": 5,
        },
        "Text": "number",
        "_ts": Object {
          "Kind": 133,
          "KindString": "NumberKeyword",
        },
      },
      "_ts": Object {
        "Kind": 146,
        "KindString": "Parameter",
      },
    },
    "SourceFile-0": Object {
      "ApiKind": "source-file",
      "Location": Object {
        "Character": 0,
        "FileName": "./cases/IndexSignature3.ts",
        "IsExternalPackage": false,
        "Line": 0,
      },
      "Members": Array [
        Object {
          "Alias": "Foo",
          "Ids": Array [
            "InterfaceDeclaration-0",
          ],
        },
      ],
      "Metadata": Object {
        "DocumentationComment": "",
        "JSDocTags": Array [],
      },
      "Name": "IndexSignature3.ts",
      "ParentId": undefined,
      "_ts": Object {
        "Kind": 268,
        "KindString": "SourceFile",
      },
    },
  },
}
`;
