// Jest Snapshot v1, https://goo.gl/fbAQLP

exports[`InterfaceDeclaration4 1`] = `
Object {
  "EntryFiles": Array [
    Object {
      "ApiKind": "source-file",
      "FileName": "D:/Packages/quatrodev/ts-extractor/tests/cases/InterfaceDeclaration4.ts",
      "Kind": 265,
      "KindString": "SourceFile",
      "Members": Object {
        "a": "InterfaceDeclaration-3",
        "a0": "InterfaceDeclaration-0",
        "a1": "InterfaceDeclaration-1",
        "a2": "InterfaceDeclaration-2",
        "b": "InterfaceDeclaration-4",
        "c": "InterfaceDeclaration-5",
        "c1": Array [],
        "d": "InterfaceDeclaration-6",
        "instance2": "VariableDeclaration-0",
      },
      "Name": "D:/Packages/quatrodev/ts-extractor/tests/cases/InterfaceDeclaration4.ts",
    },
  ],
  "Registry": Object {
    "InterfaceDeclaration-0": Object {
      "ApiKind": "interface",
      "Extends": Array [],
      "Kind": 230,
      "KindString": "InterfaceDeclaration",
      "Members": Object {
        "f1": "MethodSignature-1",
        "f2": "MethodSignature-2",
        "f3": "MethodSignature-3",
        "f4": "MethodSignature-4",
        "p1": "PropertySignature-0",
        "p2": "PropertySignature-2",
        "p3": "PropertySignature-1",
        "p4": "PropertySignature-3",
        "p5": "MethodSignature-0",
      },
      "Name": "a0",
    },
    "InterfaceDeclaration-1": Object {
      "ApiKind": "interface",
      "Extends": Array [],
      "Kind": 230,
      "KindString": "InterfaceDeclaration",
      "Members": Object {},
      "Name": "a1",
    },
    "InterfaceDeclaration-2": Object {
      "ApiKind": "interface",
      "Extends": Array [],
      "Kind": 230,
      "KindString": "InterfaceDeclaration",
      "Members": Object {},
      "Name": "a2",
    },
    "InterfaceDeclaration-3": Object {
      "ApiKind": "interface",
      "Extends": Array [],
      "Kind": 230,
      "KindString": "InterfaceDeclaration",
      "Members": Object {},
      "Name": "a",
    },
    "InterfaceDeclaration-4": Object {
      "ApiKind": "interface",
      "Extends": Array [
        Object {
          "ApiTypeKind": "reference",
          "Generics": undefined,
          "Name": "a",
          "ReferenceId": "InterfaceDeclaration-3",
          "Text": "a",
        },
      ],
      "Kind": 230,
      "KindString": "InterfaceDeclaration",
      "Members": Object {},
      "Name": "b",
    },
    "InterfaceDeclaration-5": Object {
      "ApiKind": "interface",
      "Extends": Array [
        Object {
          "ApiTypeKind": "reference",
          "Generics": undefined,
          "Name": "a",
          "ReferenceId": "InterfaceDeclaration-3",
          "Text": "a",
        },
        Object {
          "ApiTypeKind": "reference",
          "Generics": undefined,
          "Name": "b",
          "ReferenceId": "InterfaceDeclaration-4",
          "Text": "b",
        },
      ],
      "Kind": 230,
      "KindString": "InterfaceDeclaration",
      "Members": Object {},
      "Name": "c",
    },
    "InterfaceDeclaration-6": Object {
      "ApiKind": "interface",
      "Extends": Array [
        Object {
          "ApiTypeKind": "reference",
          "Generics": undefined,
          "Name": "a",
          "ReferenceId": "InterfaceDeclaration-3",
          "Text": "a",
        },
      ],
      "Kind": 230,
      "KindString": "InterfaceDeclaration",
      "Members": Object {},
      "Name": "d",
    },
    "MethodSignature-0": Object {
      "ApiKind": "method",
      "Kind": 150,
      "KindString": "MethodSignature",
      "Name": "p5",
      "Parameters": Object {
        "s": "Parameter-0",
      },
      "ReturnType": Object {
        "ApiTypeKind": "reference",
        "Generics": undefined,
        "Name": "p5",
        "ReferenceId": "MethodSignature-0",
        "Text": "(s: number) => string",
      },
    },
    "MethodSignature-1": Object {
      "ApiKind": "method",
      "Kind": 150,
      "KindString": "MethodSignature",
      "Name": "f1",
      "Parameters": Object {},
      "ReturnType": Object {
        "ApiTypeKind": "reference",
        "Generics": undefined,
        "Name": "f1",
        "ReferenceId": "MethodSignature-1",
        "Text": "() => any",
      },
    },
    "MethodSignature-2": Object {
      "ApiKind": "method",
      "Kind": 150,
      "KindString": "MethodSignature",
      "Name": "f2",
      "Parameters": Object {},
      "ReturnType": Object {
        "ApiTypeKind": "reference",
        "Generics": undefined,
        "Name": "f2",
        "ReferenceId": "MethodSignature-2",
        "Text": "() => any",
      },
    },
    "MethodSignature-3": Object {
      "ApiKind": "method",
      "Kind": 150,
      "KindString": "MethodSignature",
      "Name": "f3",
      "Parameters": Object {
        "a": "Parameter-1",
      },
      "ReturnType": Object {
        "ApiTypeKind": "reference",
        "Generics": undefined,
        "Name": "f3",
        "ReferenceId": "MethodSignature-3",
        "Text": "(a: string) => number",
      },
    },
    "MethodSignature-4": Object {
      "ApiKind": "method",
      "Kind": 150,
      "KindString": "MethodSignature",
      "Name": "f4",
      "Parameters": Object {
        "s": "Parameter-2",
      },
      "ReturnType": Object {
        "ApiTypeKind": "reference",
        "Generics": undefined,
        "Name": "f4",
        "ReferenceId": "MethodSignature-4",
        "Text": "(s: number) => string",
      },
    },
    "Parameter-0": Object {
      "ApiKind": "parameter",
      "Kind": 146,
      "KindString": "Parameter",
      "Name": "s",
      "ReturnType": Object {
        "ApiTypeKind": "default",
        "Flags": 4,
        "FlagsString": "Number",
        "Generics": undefined,
        "Name": undefined,
        "Text": "number",
      },
    },
    "Parameter-1": Object {
      "ApiKind": "parameter",
      "Kind": 146,
      "KindString": "Parameter",
      "Name": "a",
      "ReturnType": Object {
        "ApiTypeKind": "default",
        "Flags": 2,
        "FlagsString": "String",
        "Generics": undefined,
        "Name": undefined,
        "Text": "string",
      },
    },
    "Parameter-2": Object {
      "ApiKind": "parameter",
      "Kind": 146,
      "KindString": "Parameter",
      "Name": "s",
      "ReturnType": Object {
        "ApiTypeKind": "default",
        "Flags": 4,
        "FlagsString": "Number",
        "Generics": undefined,
        "Name": undefined,
        "Text": "number",
      },
    },
    "PropertySignature-0": Object {
      "ApiKind": "property",
      "Kind": 148,
      "KindString": "PropertySignature",
      "Name": "p1",
      "Type": Object {
        "ApiTypeKind": "default",
        "Flags": 1,
        "FlagsString": "Any",
        "Generics": undefined,
        "Name": undefined,
        "Text": "any",
      },
    },
    "PropertySignature-1": Object {
      "ApiKind": "property",
      "Kind": 148,
      "KindString": "PropertySignature",
      "Name": "p3",
      "Type": Object {
        "ApiTypeKind": "default",
        "Flags": 1,
        "FlagsString": "Any",
        "Generics": undefined,
        "Name": undefined,
        "Text": "any",
      },
    },
    "PropertySignature-2": Object {
      "ApiKind": "property",
      "Kind": 148,
      "KindString": "PropertySignature",
      "Name": "p2",
      "Type": Object {
        "ApiTypeKind": "default",
        "Flags": 2,
        "FlagsString": "String",
        "Generics": undefined,
        "Name": undefined,
        "Text": "string",
      },
    },
    "PropertySignature-3": Object {
      "ApiKind": "property",
      "Kind": 148,
      "KindString": "PropertySignature",
      "Name": "p4",
      "Type": Object {
        "ApiTypeKind": "default",
        "Flags": 4,
        "FlagsString": "Number",
        "Generics": undefined,
        "Name": undefined,
        "Text": "number",
      },
    },
    "VariableDeclaration-0": Object {
      "ApiKind": "variable",
      "Kind": 226,
      "KindString": "VariableDeclaration",
      "Name": "instance2",
      "Type": Object {
        "ApiTypeKind": "default",
        "Flags": 32768,
        "FlagsString": "Object",
        "Generics": undefined,
        "Name": "c1",
        "Text": "c1",
      },
    },
  },
}
`;
