// Jest Snapshot v1, https://goo.gl/fbAQLP

exports[`InterfaceDeclaration3 1`] = `
Object {
  "EntryFiles": Array [
    "SourceFile-0",
  ],
  "Registry": Object {
    "InterfaceDeclaration-0": Object {
      "ApiKind": "interface",
      "Extends": Array [],
      "Location": Object {
        "Character": 0,
        "FileName": "./cases/InterfaceDeclaration3.ts",
        "IsExternalPackage": false,
        "Line": 0,
      },
      "Members": Array [
        Object {
          "Alias": "x",
          "Ids": Array [
            "PropertySignature-0",
          ],
        },
      ],
      "Metadata": Object {
        "DocumentationComment": "",
        "JSDocTags": Array [],
      },
      "Name": "Generic",
      "ParentId": "SourceFile-0",
      "TypeParameters": Array [
        Object {
          "Alias": "T",
          "Ids": Array [
            "TypeParameter-0",
          ],
        },
      ],
      "_ts": Object {
        "Kind": 230,
        "KindString": "InterfaceDeclaration",
      },
    },
    "PropertySignature-0": Object {
      "ApiKind": "property",
      "IsOptional": false,
      "IsReadonly": false,
      "Location": Object {
        "Character": 4,
        "FileName": "./cases/InterfaceDeclaration3.ts",
        "IsExternalPackage": false,
        "Line": 1,
      },
      "Metadata": Object {
        "DocumentationComment": "",
        "JSDocTags": Array [],
      },
      "Name": "x",
      "ParentId": "InterfaceDeclaration-0",
      "Type": Object {
        "ApiTypeKind": "reference",
        "Location": Object {
          "Character": 7,
          "FileName": "./cases/InterfaceDeclaration3.ts",
          "IsExternalPackage": false,
          "Line": 1,
        },
        "ReferenceId": "TypeParameter-0",
        "SymbolName": "T",
        "Text": "T",
        "TypeParameters": undefined,
        "_ts": Object {
          "Kind": 159,
          "KindString": "TypeReference",
        },
      },
      "_ts": Object {
        "Kind": 148,
        "KindString": "PropertySignature",
      },
    },
    "SourceFile-0": Object {
      "ApiKind": "source-file",
      "Location": Object {
        "Character": 0,
        "FileName": "./cases/InterfaceDeclaration3.ts",
        "IsExternalPackage": false,
        "Line": 0,
      },
      "Members": Array [
        Object {
          "Alias": "Generic",
          "Ids": Array [
            "InterfaceDeclaration-0",
          ],
        },
        Object {
          "Alias": "y",
          "Ids": Array [
            "VariableDeclaration-0",
          ],
        },
      ],
      "Metadata": Object {
        "DocumentationComment": "",
        "JSDocTags": Array [],
      },
      "Name": "InterfaceDeclaration3.ts",
      "ParentId": undefined,
      "_ts": Object {
        "Kind": 268,
        "KindString": "SourceFile",
      },
    },
    "TypeParameter-0": Object {
      "ApiKind": "type-parameter",
      "ConstraintType": undefined,
      "DefaultType": undefined,
      "Location": Object {
        "Character": 25,
        "FileName": "./cases/InterfaceDeclaration3.ts",
        "IsExternalPackage": false,
        "Line": 0,
      },
      "Metadata": Object {
        "DocumentationComment": "",
        "JSDocTags": Array [],
      },
      "Name": "T",
      "ParentId": "InterfaceDeclaration-0",
      "_ts": Object {
        "Kind": 145,
        "KindString": "TypeParameter",
      },
    },
    "VariableDeclaration-0": Object {
      "ApiKind": "variable",
      "Location": Object {
        "Character": 13,
        "FileName": "./cases/InterfaceDeclaration3.ts",
        "IsExternalPackage": false,
        "Line": 4,
      },
      "Metadata": Object {
        "DocumentationComment": "",
        "JSDocTags": Array [],
      },
      "Name": "y",
      "ParentId": undefined,
      "Type": Object {
        "ApiTypeKind": "reference",
        "Location": Object {
          "Character": 16,
          "FileName": "./cases/InterfaceDeclaration3.ts",
          "IsExternalPackage": false,
          "Line": 4,
        },
        "ReferenceId": "InterfaceDeclaration-0",
        "SymbolName": "Generic",
        "Text": "Generic<number>",
        "TypeParameters": Array [
          Object {
            "ApiTypeKind": "basic",
            "Location": Object {
              "Character": 24,
              "FileName": "./cases/InterfaceDeclaration3.ts",
              "IsExternalPackage": false,
              "Line": 4,
            },
            "Text": "number",
            "_ts": Object {
              "Kind": 133,
              "KindString": "NumberKeyword",
            },
          },
        ],
        "_ts": Object {
          "Kind": 159,
          "KindString": "TypeReference",
        },
      },
      "VariableDeclarationType": "const",
      "_ts": Object {
        "Kind": 226,
        "KindString": "VariableDeclaration",
      },
    },
  },
}
`;
