// Jest Snapshot v1, https://goo.gl/fbAQLP

exports[`InterfaceDeclaration1 1`] = `
Object {
  "EntryFiles": Array [
    Object {
      "ApiKind": "source-file",
      "Kind": 265,
      "KindString": "SourceFile",
      "Members": Object {
        "Foo": "InterfaceDeclaration-0",
      },
      "Meta": Object {
        "DocumentationComment": Array [],
        "JSDocTags": Array [],
      },
      "Name": "InterfaceDeclaration1.ts",
      "Path": "cases/InterfaceDeclaration1.ts",
    },
  ],
  "Registry": Object {
    "InterfaceDeclaration-0": Object {
      "ApiKind": "interface",
      "Extends": Array [],
      "Kind": 230,
      "KindString": "InterfaceDeclaration",
      "Members": Object {},
      "Meta": Object {
        "DocumentationComment": Array [],
        "JSDocTags": Array [],
      },
      "Name": "Foo",
    },
  },
}
`;
