// Jest Snapshot v1, https://goo.gl/fbAQLP

exports[`InterfaceDeclaration4 1`] = `
Object {
  "EntryFiles": Array [
    Object {
      "ApiKind": "source-file",
      "Kind": 265,
      "KindString": "SourceFile",
      "Members": Object {
        "a": "InterfaceDeclaration-3",
        "a0": "InterfaceDeclaration-0",
        "a1": "InterfaceDeclaration-1",
        "a2": "InterfaceDeclaration-2",
        "b": "InterfaceDeclaration-4",
        "c": "InterfaceDeclaration-5",
        "c1": "ClassDeclaration-0",
        "d": "InterfaceDeclaration-6",
        "instance2": "VariableDeclaration-0",
      },
      "Metadata": Object {
        "DocumentationComment": Array [],
        "JSDocTags": Array [],
      },
      "Name": "InterfaceDeclaration4.ts",
      "Path": "cases/InterfaceDeclaration4.ts",
    },
  ],
  "Registry": Object {
    "CallSignature-0": Object {
      "ApiKind": "call",
      "Kind": 155,
      "KindString": "CallSignature",
      "Metadata": Object {
        "DocumentationComment": Array [],
        "JSDocTags": Array [],
      },
      "Name": "__call",
      "Parameters": Object {},
      "ReturnType": Object {
        "ApiTypeKind": "basic",
        "Flags": 2,
        "FlagsString": "String",
        "Generics": undefined,
        "Name": undefined,
        "Text": "string",
      },
      "TypeParameters": Object {},
    },
    "CallSignature-1": Object {
      "ApiKind": "call",
      "Kind": 155,
      "KindString": "CallSignature",
      "Metadata": Object {
        "DocumentationComment": Array [],
        "JSDocTags": Array [],
      },
      "Name": "__call",
      "Parameters": Object {
        "a": "Parameter-0",
        "b": "Parameter-1",
        "c": "Parameter-2",
      },
      "ReturnType": Object {
        "ApiTypeKind": "basic",
        "Flags": 4,
        "FlagsString": "Number",
        "Generics": undefined,
        "Name": undefined,
        "Text": "number",
      },
      "TypeParameters": Object {},
    },
    "ClassDeclaration-0": Object {
      "ApiKind": "class",
      "Extends": undefined,
      "Implements": Array [
        Object {
          "ApiTypeKind": "reference",
          "Generics": undefined,
          "Name": "a",
          "ReferenceId": "InterfaceDeclaration-3",
          "Text": "a",
        },
      ],
      "IsAbstract": false,
      "Kind": 229,
      "KindString": "ClassDeclaration",
      "Members": Object {},
      "Metadata": Object {
        "DocumentationComment": Array [],
        "JSDocTags": Array [],
      },
      "Name": "c1",
      "TypeParameters": Object {},
    },
    "ConstructSignature-0": Object {
      "ApiKind": "construct",
      "Kind": 156,
      "KindString": "ConstructSignature",
      "Metadata": Object {
        "DocumentationComment": Array [],
        "JSDocTags": Array [],
      },
      "Name": "__new",
      "Parameters": Object {},
    },
    "ConstructSignature-1": Object {
      "ApiKind": "construct",
      "Kind": 156,
      "KindString": "ConstructSignature",
      "Metadata": Object {
        "DocumentationComment": Array [],
        "JSDocTags": Array [],
      },
      "Name": "__new",
      "Parameters": Object {
        "s": "Parameter-3",
      },
    },
    "FunctionType-0": Object {
      "ApiKind": "function",
      "Kind": 160,
      "KindString": "FunctionType",
      "Metadata": Object {
        "DocumentationComment": Array [],
        "JSDocTags": Array [],
      },
      "Name": "__type",
      "Parameters": Object {},
      "ReturnType": Object {
        "ApiTypeKind": "basic",
        "Flags": 2,
        "FlagsString": "String",
        "Generics": undefined,
        "Name": undefined,
        "Text": "string",
      },
      "TypeParameters": Object {},
    },
    "IndexSignature-0": Object {
      "ApiKind": "index",
      "Kind": 157,
      "KindString": "IndexSignature",
      "Metadata": Object {
        "DocumentationComment": Array [],
        "JSDocTags": Array [],
      },
      "Name": "__index",
      "Parameter": "Parameter-4",
      "Type": Object {
        "ApiTypeKind": "reference",
        "Generics": undefined,
        "Name": "__type",
        "ReferenceId": "FunctionType-0",
        "Text": "() => string",
      },
    },
    "IndexSignature-1": Object {
      "ApiKind": "index",
      "Kind": 157,
      "KindString": "IndexSignature",
      "Metadata": Object {
        "DocumentationComment": Array [],
        "JSDocTags": Array [],
      },
      "Name": "__index",
      "Parameter": "Parameter-5",
      "Type": Object {
        "ApiTypeKind": "basic",
        "Flags": 1,
        "FlagsString": "Any",
        "Generics": undefined,
        "Name": undefined,
        "Text": "any",
      },
    },
    "IndexSignature-2": Object {
      "ApiKind": "index",
      "Kind": 157,
      "KindString": "IndexSignature",
      "Metadata": Object {
        "DocumentationComment": Array [],
        "JSDocTags": Array [],
      },
      "Name": "__index",
      "Parameter": "Parameter-9",
      "Type": Object {
        "ApiTypeKind": "basic",
        "Flags": 4,
        "FlagsString": "Number",
        "Generics": undefined,
        "Name": undefined,
        "Text": "number",
      },
    },
    "IndexSignature-3": Object {
      "ApiKind": "index",
      "Kind": 157,
      "KindString": "IndexSignature",
      "Metadata": Object {
        "DocumentationComment": Array [],
        "JSDocTags": Array [],
      },
      "Name": "__index",
      "Parameter": "Parameter-10",
      "Type": Object {
        "ApiTypeKind": "basic",
        "Flags": 4,
        "FlagsString": "Number",
        "Generics": undefined,
        "Name": undefined,
        "Text": "number",
      },
    },
    "InterfaceDeclaration-0": Object {
      "ApiKind": "interface",
      "Extends": Array [],
      "Kind": 230,
      "KindString": "InterfaceDeclaration",
      "Members": Object {
        "__call": Array [
          "CallSignature-0",
          "CallSignature-1",
        ],
        "__index": Array [
          "IndexSignature-0",
          "IndexSignature-1",
        ],
        "__new": Array [
          "ConstructSignature-0",
          "ConstructSignature-1",
        ],
        "f1": "MethodSignature-1",
        "f2": "MethodSignature-2",
        "f3": "MethodSignature-3",
        "f4": "MethodSignature-4",
        "p1": "PropertySignature-0",
        "p2": "PropertySignature-2",
        "p3": "PropertySignature-1",
        "p4": "PropertySignature-3",
        "p5": "MethodSignature-0",
      },
      "Metadata": Object {
        "DocumentationComment": Array [],
        "JSDocTags": Array [],
      },
      "Name": "a0",
      "TypeParameters": Object {},
    },
    "InterfaceDeclaration-1": Object {
      "ApiKind": "interface",
      "Extends": Array [],
      "Kind": 230,
      "KindString": "InterfaceDeclaration",
      "Members": Object {
        "__index": "IndexSignature-2",
      },
      "Metadata": Object {
        "DocumentationComment": Array [],
        "JSDocTags": Array [],
      },
      "Name": "a1",
      "TypeParameters": Object {},
    },
    "InterfaceDeclaration-2": Object {
      "ApiKind": "interface",
      "Extends": Array [],
      "Kind": 230,
      "KindString": "InterfaceDeclaration",
      "Members": Object {
        "__index": "IndexSignature-3",
      },
      "Metadata": Object {
        "DocumentationComment": Array [],
        "JSDocTags": Array [],
      },
      "Name": "a2",
      "TypeParameters": Object {},
    },
    "InterfaceDeclaration-3": Object {
      "ApiKind": "interface",
      "Extends": Array [],
      "Kind": 230,
      "KindString": "InterfaceDeclaration",
      "Members": Object {},
      "Metadata": Object {
        "DocumentationComment": Array [],
        "JSDocTags": Array [],
      },
      "Name": "a",
      "TypeParameters": Object {},
    },
    "InterfaceDeclaration-4": Object {
      "ApiKind": "interface",
      "Extends": Array [
        Object {
          "ApiTypeKind": "reference",
          "Generics": undefined,
          "Name": "a",
          "ReferenceId": "InterfaceDeclaration-3",
          "Text": "a",
        },
      ],
      "Kind": 230,
      "KindString": "InterfaceDeclaration",
      "Members": Object {},
      "Metadata": Object {
        "DocumentationComment": Array [],
        "JSDocTags": Array [],
      },
      "Name": "b",
      "TypeParameters": Object {},
    },
    "InterfaceDeclaration-5": Object {
      "ApiKind": "interface",
      "Extends": Array [
        Object {
          "ApiTypeKind": "reference",
          "Generics": undefined,
          "Name": "a",
          "ReferenceId": "InterfaceDeclaration-3",
          "Text": "a",
        },
        Object {
          "ApiTypeKind": "reference",
          "Generics": undefined,
          "Name": "b",
          "ReferenceId": "InterfaceDeclaration-4",
          "Text": "b",
        },
      ],
      "Kind": 230,
      "KindString": "InterfaceDeclaration",
      "Members": Object {},
      "Metadata": Object {
        "DocumentationComment": Array [],
        "JSDocTags": Array [],
      },
      "Name": "c",
      "TypeParameters": Object {},
    },
    "InterfaceDeclaration-6": Object {
      "ApiKind": "interface",
      "Extends": Array [
        Object {
          "ApiTypeKind": "reference",
          "Generics": undefined,
          "Name": "a",
          "ReferenceId": "InterfaceDeclaration-3",
          "Text": "a",
        },
      ],
      "Kind": 230,
      "KindString": "InterfaceDeclaration",
      "Members": Object {},
      "Metadata": Object {
        "DocumentationComment": Array [],
        "JSDocTags": Array [],
      },
      "Name": "d",
      "TypeParameters": Object {},
    },
    "MethodSignature-0": Object {
      "ApiKind": "method",
      "IsOptional": false,
      "Kind": 150,
      "KindString": "MethodSignature",
      "Metadata": Object {
        "DocumentationComment": Array [],
        "JSDocTags": Array [],
      },
      "Name": "p5",
      "Parameters": Object {
        "s": "Parameter-6",
      },
      "ReturnType": Object {
        "ApiTypeKind": "basic",
        "Flags": 2,
        "FlagsString": "String",
        "Generics": undefined,
        "Name": undefined,
        "Text": "string",
      },
      "TypeParameters": Object {},
    },
    "MethodSignature-1": Object {
      "ApiKind": "method",
      "IsOptional": false,
      "Kind": 150,
      "KindString": "MethodSignature",
      "Metadata": Object {
        "DocumentationComment": Array [],
        "JSDocTags": Array [],
      },
      "Name": "f1",
      "Parameters": Object {},
      "ReturnType": Object {
        "ApiTypeKind": "basic",
        "Flags": 1,
        "FlagsString": "Any",
        "Generics": undefined,
        "Name": undefined,
        "Text": "any",
      },
      "TypeParameters": Object {},
    },
    "MethodSignature-2": Object {
      "ApiKind": "method",
      "IsOptional": true,
      "Kind": 150,
      "KindString": "MethodSignature",
      "Metadata": Object {
        "DocumentationComment": Array [],
        "JSDocTags": Array [],
      },
      "Name": "f2",
      "Parameters": Object {},
      "ReturnType": Object {
        "ApiTypeKind": "basic",
        "Flags": 1,
        "FlagsString": "Any",
        "Generics": undefined,
        "Name": undefined,
        "Text": "any",
      },
      "TypeParameters": Object {},
    },
    "MethodSignature-3": Object {
      "ApiKind": "method",
      "IsOptional": false,
      "Kind": 150,
      "KindString": "MethodSignature",
      "Metadata": Object {
        "DocumentationComment": Array [],
        "JSDocTags": Array [],
      },
      "Name": "f3",
      "Parameters": Object {
        "a": "Parameter-7",
      },
      "ReturnType": Object {
        "ApiTypeKind": "basic",
        "Flags": 4,
        "FlagsString": "Number",
        "Generics": undefined,
        "Name": undefined,
        "Text": "number",
      },
      "TypeParameters": Object {},
    },
    "MethodSignature-4": Object {
      "ApiKind": "method",
      "IsOptional": true,
      "Kind": 150,
      "KindString": "MethodSignature",
      "Metadata": Object {
        "DocumentationComment": Array [],
        "JSDocTags": Array [],
      },
      "Name": "f4",
      "Parameters": Object {
        "s": "Parameter-8",
      },
      "ReturnType": Object {
        "ApiTypeKind": "basic",
        "Flags": 2,
        "FlagsString": "String",
        "Generics": undefined,
        "Name": undefined,
        "Text": "string",
      },
      "TypeParameters": Object {},
    },
    "Parameter-0": Object {
      "ApiKind": "parameter",
      "IsOptional": false,
      "IsSpread": false,
      "Kind": 146,
      "KindString": "Parameter",
      "Metadata": Object {
        "DocumentationComment": Array [],
        "JSDocTags": Array [],
      },
      "Name": "a",
      "Type": Object {
        "ApiTypeKind": "basic",
        "Flags": 1,
        "FlagsString": "Any",
        "Generics": undefined,
        "Name": undefined,
        "Text": "any",
      },
    },
    "Parameter-1": Object {
      "ApiKind": "parameter",
      "IsOptional": false,
      "IsSpread": false,
      "Kind": 146,
      "KindString": "Parameter",
      "Metadata": Object {
        "DocumentationComment": Array [],
        "JSDocTags": Array [],
      },
      "Name": "b",
      "Type": Object {
        "ApiTypeKind": "basic",
        "Flags": 1,
        "FlagsString": "Any",
        "Generics": undefined,
        "Name": undefined,
        "Text": "any",
      },
    },
    "Parameter-10": Object {
      "ApiKind": "parameter",
      "IsOptional": false,
      "IsSpread": false,
      "Kind": 146,
      "KindString": "Parameter",
      "Metadata": Object {
        "DocumentationComment": Array [],
        "JSDocTags": Array [],
      },
      "Name": "s",
      "Type": Object {
        "ApiTypeKind": "basic",
        "Flags": 2,
        "FlagsString": "String",
        "Generics": undefined,
        "Name": undefined,
        "Text": "string",
      },
    },
    "Parameter-2": Object {
      "ApiKind": "parameter",
      "IsOptional": true,
      "IsSpread": false,
      "Kind": 146,
      "KindString": "Parameter",
      "Metadata": Object {
        "DocumentationComment": Array [],
        "JSDocTags": Array [],
      },
      "Name": "c",
      "Type": Object {
        "ApiTypeKind": "basic",
        "Flags": 2,
        "FlagsString": "String",
        "Generics": undefined,
        "Name": undefined,
        "Text": "string",
      },
    },
    "Parameter-3": Object {
      "ApiKind": "parameter",
      "IsOptional": false,
      "IsSpread": false,
      "Kind": 146,
      "KindString": "Parameter",
      "Metadata": Object {
        "DocumentationComment": Array [],
        "JSDocTags": Array [],
      },
      "Name": "s",
      "Type": Object {
        "ApiTypeKind": "basic",
        "Flags": 2,
        "FlagsString": "String",
        "Generics": undefined,
        "Name": undefined,
        "Text": "string",
      },
    },
    "Parameter-4": Object {
      "ApiKind": "parameter",
      "IsOptional": false,
      "IsSpread": false,
      "Kind": 146,
      "KindString": "Parameter",
      "Metadata": Object {
        "DocumentationComment": Array [],
        "JSDocTags": Array [],
      },
      "Name": "n",
      "Type": Object {
        "ApiTypeKind": "basic",
        "Flags": 4,
        "FlagsString": "Number",
        "Generics": undefined,
        "Name": undefined,
        "Text": "number",
      },
    },
    "Parameter-5": Object {
      "ApiKind": "parameter",
      "IsOptional": false,
      "IsSpread": false,
      "Kind": 146,
      "KindString": "Parameter",
      "Metadata": Object {
        "DocumentationComment": Array [],
        "JSDocTags": Array [],
      },
      "Name": "s",
      "Type": Object {
        "ApiTypeKind": "basic",
        "Flags": 2,
        "FlagsString": "String",
        "Generics": undefined,
        "Name": undefined,
        "Text": "string",
      },
    },
    "Parameter-6": Object {
      "ApiKind": "parameter",
      "IsOptional": false,
      "IsSpread": false,
      "Kind": 146,
      "KindString": "Parameter",
      "Metadata": Object {
        "DocumentationComment": Array [],
        "JSDocTags": Array [],
      },
      "Name": "s",
      "Type": Object {
        "ApiTypeKind": "basic",
        "Flags": 4,
        "FlagsString": "Number",
        "Generics": undefined,
        "Name": undefined,
        "Text": "number",
      },
    },
    "Parameter-7": Object {
      "ApiKind": "parameter",
      "IsOptional": false,
      "IsSpread": false,
      "Kind": 146,
      "KindString": "Parameter",
      "Metadata": Object {
        "DocumentationComment": Array [],
        "JSDocTags": Array [],
      },
      "Name": "a",
      "Type": Object {
        "ApiTypeKind": "basic",
        "Flags": 2,
        "FlagsString": "String",
        "Generics": undefined,
        "Name": undefined,
        "Text": "string",
      },
    },
    "Parameter-8": Object {
      "ApiKind": "parameter",
      "IsOptional": false,
      "IsSpread": false,
      "Kind": 146,
      "KindString": "Parameter",
      "Metadata": Object {
        "DocumentationComment": Array [],
        "JSDocTags": Array [],
      },
      "Name": "s",
      "Type": Object {
        "ApiTypeKind": "basic",
        "Flags": 4,
        "FlagsString": "Number",
        "Generics": undefined,
        "Name": undefined,
        "Text": "number",
      },
    },
    "Parameter-9": Object {
      "ApiKind": "parameter",
      "IsOptional": false,
      "IsSpread": false,
      "Kind": 146,
      "KindString": "Parameter",
      "Metadata": Object {
        "DocumentationComment": Array [],
        "JSDocTags": Array [],
      },
      "Name": "n",
      "Type": Object {
        "ApiTypeKind": "basic",
        "Flags": 4,
        "FlagsString": "Number",
        "Generics": undefined,
        "Name": undefined,
        "Text": "number",
      },
    },
    "PropertySignature-0": Object {
      "ApiKind": "property",
      "IsOptional": false,
      "Kind": 148,
      "KindString": "PropertySignature",
      "Metadata": Object {
        "DocumentationComment": Array [],
        "JSDocTags": Array [],
      },
      "Name": "p1",
      "Type": Object {
        "ApiTypeKind": "basic",
        "Flags": 1,
        "FlagsString": "Any",
        "Generics": undefined,
        "Name": undefined,
        "Text": "any",
      },
    },
    "PropertySignature-1": Object {
      "ApiKind": "property",
      "IsOptional": true,
      "Kind": 148,
      "KindString": "PropertySignature",
      "Metadata": Object {
        "DocumentationComment": Array [],
        "JSDocTags": Array [],
      },
      "Name": "p3",
      "Type": Object {
        "ApiTypeKind": "basic",
        "Flags": 1,
        "FlagsString": "Any",
        "Generics": undefined,
        "Name": undefined,
        "Text": "any",
      },
    },
    "PropertySignature-2": Object {
      "ApiKind": "property",
      "IsOptional": false,
      "Kind": 148,
      "KindString": "PropertySignature",
      "Metadata": Object {
        "DocumentationComment": Array [],
        "JSDocTags": Array [],
      },
      "Name": "p2",
      "Type": Object {
        "ApiTypeKind": "basic",
        "Flags": 2,
        "FlagsString": "String",
        "Generics": undefined,
        "Name": undefined,
        "Text": "string",
      },
    },
    "PropertySignature-3": Object {
      "ApiKind": "property",
      "IsOptional": true,
      "Kind": 148,
      "KindString": "PropertySignature",
      "Metadata": Object {
        "DocumentationComment": Array [],
        "JSDocTags": Array [],
      },
      "Name": "p4",
      "Type": Object {
        "ApiTypeKind": "basic",
        "Flags": 4,
        "FlagsString": "Number",
        "Generics": undefined,
        "Name": undefined,
        "Text": "number",
      },
    },
    "VariableDeclaration-0": Object {
      "ApiKind": "variable",
      "Kind": 226,
      "KindString": "VariableDeclaration",
      "Metadata": Object {
        "DocumentationComment": Array [],
        "JSDocTags": Array [],
      },
      "Name": "instance2",
      "Type": Object {
        "ApiTypeKind": "reference",
        "Generics": undefined,
        "Name": "c1",
        "ReferenceId": "ClassDeclaration-0",
        "Text": "c1",
      },
    },
  },
}
`;
