// Jest Snapshot v1, https://goo.gl/fbAQLP

exports[`InterfaceDeclaration2 1`] = `
Object {
  "EntryFiles": Array [
    Object {
      "ApiKind": "source-file",
      "Kind": 265,
      "KindString": "SourceFile",
      "Members": Object {
        "Foo": "InterfaceDeclaration-0",
      },
      "Name": "InterfaceDeclaration2.ts",
      "Path": "cases/InterfaceDeclaration2.ts",
    },
  ],
  "Registry": Object {
    "InterfaceDeclaration-0": Object {
      "ApiKind": "interface",
      "Extends": Array [],
      "Kind": 230,
      "KindString": "InterfaceDeclaration",
      "Members": Object {
        "Bar": "PropertySignature-0",
      },
      "Name": "Foo",
    },
    "PropertySignature-0": Object {
      "ApiKind": "property",
      "Kind": 148,
      "KindString": "PropertySignature",
      "Name": "Bar",
      "Type": Object {
        "ApiTypeKind": "default",
        "Flags": 2,
        "FlagsString": "String",
        "Generics": undefined,
        "Name": undefined,
        "Text": "string",
      },
    },
  },
}
`;
