// Jest Snapshot v1, https://goo.gl/fbAQLP

exports[`InterfaceDeclaration1 1`] = `
Object {
  "EntryFiles": Array [
    "SourceFile-0",
  ],
  "Registry": Object {
    "InterfaceDeclaration-0": Object {
      "ApiKind": "interface",
      "Extends": Array [],
      "Kind": 230,
      "KindString": "InterfaceDeclaration",
      "Location": Object {
        "Character": 0,
        "FileName": "./cases/InterfaceDeclaration1.ts",
        "Line": 0,
      },
      "Members": Array [],
      "Metadata": Object {
        "DocumentationComment": "",
        "JSDocTags": Array [],
      },
      "Name": "Foo",
      "TypeParameters": Array [],
    },
    "SourceFile-0": Object {
      "ApiKind": "source-file",
      "Kind": 268,
      "KindString": "SourceFile",
      "Location": Object {
        "Character": 0,
        "FileName": "./cases/InterfaceDeclaration1.ts",
        "Line": 0,
      },
      "Members": Array [
        Array [
          "Foo",
          Array [
            "InterfaceDeclaration-0",
          ],
        ],
      ],
      "Metadata": Object {
        "DocumentationComment": "",
        "JSDocTags": Array [],
      },
      "Name": "InterfaceDeclaration1.ts",
    },
  },
}
`;
