// Jest Snapshot v1, https://goo.gl/fbAQLP

exports[`InterfaceDeclaration6 1`] = `
Object {
  "EntryFiles": Array [
    Object {
      "ApiKind": "source-file",
      "Kind": 268,
      "KindString": "SourceFile",
      "Members": Array [
        Array [
          "Foo",
          Array [
            "InterfaceDeclaration-0",
          ],
        ],
      ],
      "Metadata": Object {
        "DocumentationComment": Array [],
        "JSDocTags": Array [],
      },
      "Name": "InterfaceDeclaration6.ts",
      "Path": "./cases/InterfaceDeclaration6.ts",
    },
  ],
  "Registry": Object {
    "InterfaceDeclaration-0": Object {
      "ApiKind": "interface",
      "Extends": Array [],
      "Kind": 230,
      "KindString": "InterfaceDeclaration",
      "Location": Object {
        "Character": 0,
        "FileName": "./cases/InterfaceDeclaration6.ts",
        "Line": 2,
      },
      "Members": Array [
        Array [
          "Bar",
          Array [
            "MethodSignature-0",
          ],
        ],
      ],
      "Metadata": Object {
        "DocumentationComment": Array [],
        "JSDocTags": Array [],
      },
      "Name": "Foo",
      "TypeParameters": Array [
        Array [
          "TValue",
          Array [
            "TypeParameter-1",
          ],
        ],
      ],
    },
    "MethodSignature-0": Object {
      "ApiKind": "method",
      "IsOptional": false,
      "Kind": 150,
      "KindString": "MethodSignature",
      "Location": Object {
        "Character": 4,
        "FileName": "./cases/InterfaceDeclaration6.ts",
        "Line": 3,
      },
      "Metadata": Object {
        "DocumentationComment": Array [],
        "JSDocTags": Array [],
      },
      "Name": "Bar",
      "Parameters": Array [
        Array [
          "args",
          Array [
            "Parameter-0",
          ],
        ],
      ],
      "ReturnType": Object {
        "ApiTypeKind": "basic",
        "Flags": 1024,
        "FlagsString": "Void",
        "Generics": undefined,
        "Name": undefined,
        "Text": "void",
      },
      "TypeParameters": Array [
        Array [
          "TValue",
          Array [
            "TypeParameter-0",
          ],
        ],
      ],
    },
    "Parameter-0": Object {
      "ApiKind": "parameter",
      "IsOptional": false,
      "IsSpread": false,
      "Kind": 146,
      "KindString": "Parameter",
      "Location": Object {
        "Character": 16,
        "FileName": "./cases/InterfaceDeclaration6.ts",
        "Line": 3,
      },
      "Metadata": Object {
        "DocumentationComment": Array [],
        "JSDocTags": Array [],
      },
      "Name": "args",
      "Type": Object {
        "ApiTypeKind": "basic",
        "Flags": 2,
        "FlagsString": "String",
        "Generics": undefined,
        "Name": undefined,
        "Text": "string",
      },
    },
    "TypeParameter-0": Object {
      "ApiKind": "type-parameter",
      "ConstraintType": undefined,
      "DefaultType": undefined,
      "Kind": 145,
      "KindString": "TypeParameter",
      "Location": Object {
        "Character": 8,
        "FileName": "./cases/InterfaceDeclaration6.ts",
        "Line": 3,
      },
      "Metadata": Object {
        "DocumentationComment": Array [],
        "JSDocTags": Array [],
      },
      "Name": "TValue",
    },
    "TypeParameter-1": Object {
      "ApiKind": "type-parameter",
      "ConstraintType": undefined,
      "DefaultType": undefined,
      "Kind": 145,
      "KindString": "TypeParameter",
      "Location": Object {
        "Character": 21,
        "FileName": "./cases/InterfaceDeclaration6.ts",
        "Line": 2,
      },
      "Metadata": Object {
        "DocumentationComment": Array [],
        "JSDocTags": Array [],
      },
      "Name": "TValue",
    },
  },
}
`;
