// Jest Snapshot v1, https://goo.gl/fbAQLP

exports[`InterfaceClassMerging 1`] = `
Object {
  "EntryFiles": Array [
    Object {
      "ApiKind": "source-file",
      "Kind": 268,
      "KindString": "SourceFile",
      "Members": Array [
        Array [
          "Foo",
          Array [
            "InterfaceDeclaration-0",
            "ClassDeclaration-0",
          ],
        ],
        Array [
          "Bar",
          Array [
            "ClassDeclaration-1",
          ],
        ],
        Array [
          "bar",
          Array [
            "VariableDeclaration-0",
          ],
        ],
        Array [
          "foo",
          Array [
            "VariableDeclaration-1",
          ],
        ],
        Array [
          "iFoo",
          Array [
            "VariableDeclaration-2",
          ],
        ],
      ],
      "Metadata": Object {
        "DocumentationComment": "",
        "JSDocTags": Array [],
      },
      "Name": "InterfaceClassMerging.ts",
      "Path": "./cases/InterfaceClassMerging.ts",
    },
  ],
  "Registry": Object {
    "ClassDeclaration-0": Object {
      "ApiKind": "class",
      "Extends": undefined,
      "Implements": Array [],
      "IsAbstract": false,
      "Kind": 229,
      "KindString": "ClassDeclaration",
      "Location": Object {
        "Character": 0,
        "FileName": "./cases/InterfaceClassMerging.ts",
        "Line": 7,
      },
      "Members": Array [
        Array [
          "additionalProperty",
          Array [
            "PropertyDeclaration-0",
          ],
        ],
        Array [
          "additionalMethod",
          Array [
            "MethodDeclaration-0",
          ],
        ],
      ],
      "Metadata": Object {
        "DocumentationComment": "",
        "JSDocTags": Array [],
      },
      "Name": "Foo",
      "TypeParameters": Array [],
    },
    "ClassDeclaration-1": Object {
      "ApiKind": "class",
      "Extends": Object {
        "ApiTypeKind": "reference",
        "Generics": undefined,
        "Name": "Foo",
        "ReferenceId": "InterfaceDeclaration-0",
        "Text": "Foo",
      },
      "Implements": Array [],
      "IsAbstract": false,
      "Kind": 229,
      "KindString": "ClassDeclaration",
      "Location": Object {
        "Character": 0,
        "FileName": "./cases/InterfaceClassMerging.ts",
        "Line": 15,
      },
      "Members": Array [
        Array [
          "method",
          Array [
            "MethodDeclaration-1",
          ],
        ],
      ],
      "Metadata": Object {
        "DocumentationComment": "",
        "JSDocTags": Array [],
      },
      "Name": "Bar",
      "TypeParameters": Array [],
    },
    "InterfaceDeclaration-0": Object {
      "ApiKind": "interface",
      "Extends": Array [],
      "Kind": 230,
      "KindString": "InterfaceDeclaration",
      "Location": Object {
        "Character": 0,
        "FileName": "./cases/InterfaceClassMerging.ts",
        "Line": 0,
      },
      "Members": Array [
        Array [
          "method",
          Array [
            "MethodSignature-0",
          ],
        ],
        Array [
          "optionalMethod",
          Array [
            "MethodSignature-1",
          ],
        ],
        Array [
          "property",
          Array [
            "PropertySignature-0",
          ],
        ],
        Array [
          "optionalProperty",
          Array [
            "PropertySignature-1",
          ],
        ],
      ],
      "Metadata": Object {
        "DocumentationComment": "",
        "JSDocTags": Array [],
      },
      "Name": "Foo",
      "TypeParameters": Array [],
    },
    "MethodDeclaration-0": Object {
      "AccessModifier": "public",
      "ApiKind": "class-method",
      "IsAbstract": false,
      "IsAsync": false,
      "IsOptional": false,
      "IsOverloadBase": false,
      "IsStatic": false,
      "Kind": 151,
      "KindString": "MethodDeclaration",
      "Location": Object {
        "Character": 4,
        "FileName": "./cases/InterfaceClassMerging.ts",
        "Line": 10,
      },
      "Metadata": Object {
        "DocumentationComment": "",
        "JSDocTags": Array [],
      },
      "Name": "additionalMethod",
      "Parameters": Array [
        Array [
          "a",
          Array [
            "Parameter-2",
          ],
        ],
      ],
      "ReturnType": Object {
        "ApiTypeKind": "basic",
        "Flags": 2,
        "FlagsString": "String",
        "Generics": undefined,
        "Name": undefined,
        "Text": "string",
      },
      "TypeParameters": Array [],
    },
    "MethodDeclaration-1": Object {
      "AccessModifier": "public",
      "ApiKind": "class-method",
      "IsAbstract": false,
      "IsAsync": false,
      "IsOptional": false,
      "IsOverloadBase": false,
      "IsStatic": false,
      "Kind": 151,
      "KindString": "MethodDeclaration",
      "Location": Object {
        "Character": 4,
        "FileName": "./cases/InterfaceClassMerging.ts",
        "Line": 16,
      },
      "Metadata": Object {
        "DocumentationComment": "",
        "JSDocTags": Array [],
      },
      "Name": "method",
      "Parameters": Array [
        Array [
          "a",
          Array [
            "Parameter-3",
          ],
        ],
      ],
      "ReturnType": Object {
        "ApiTypeKind": "basic",
        "Flags": 2,
        "FlagsString": "String",
        "Generics": undefined,
        "Name": undefined,
        "Text": "string",
      },
      "TypeParameters": Array [],
    },
    "MethodSignature-0": Object {
      "ApiKind": "method",
      "IsOptional": false,
      "IsOverloadBase": false,
      "Kind": 150,
      "KindString": "MethodSignature",
      "Location": Object {
        "Character": 4,
        "FileName": "./cases/InterfaceClassMerging.ts",
        "Line": 1,
      },
      "Metadata": Object {
        "DocumentationComment": "",
        "JSDocTags": Array [],
      },
      "Name": "method",
      "Parameters": Array [
        Array [
          "a",
          Array [
            "Parameter-0",
          ],
        ],
      ],
      "ReturnType": Object {
        "ApiTypeKind": "basic",
        "Flags": 2,
        "FlagsString": "String",
        "Generics": undefined,
        "Name": undefined,
        "Text": "string",
      },
      "TypeParameters": Array [],
    },
    "MethodSignature-1": Object {
      "ApiKind": "method",
      "IsOptional": true,
      "IsOverloadBase": false,
      "Kind": 150,
      "KindString": "MethodSignature",
      "Location": Object {
        "Character": 4,
        "FileName": "./cases/InterfaceClassMerging.ts",
        "Line": 2,
      },
      "Metadata": Object {
        "DocumentationComment": "",
        "JSDocTags": Array [],
      },
      "Name": "optionalMethod",
      "Parameters": Array [
        Array [
          "a",
          Array [
            "Parameter-1",
          ],
        ],
      ],
      "ReturnType": Object {
        "ApiTypeKind": "basic",
        "Flags": 2,
        "FlagsString": "String",
        "Generics": undefined,
        "Name": undefined,
        "Text": "string",
      },
      "TypeParameters": Array [],
    },
    "Parameter-0": Object {
      "ApiKind": "parameter",
      "IsOptional": false,
      "IsSpread": false,
      "Kind": 146,
      "KindString": "Parameter",
      "Location": Object {
        "Character": 11,
        "FileName": "./cases/InterfaceClassMerging.ts",
        "Line": 1,
      },
      "Metadata": Object {
        "DocumentationComment": "",
        "JSDocTags": Array [],
      },
      "Name": "a",
      "Type": Object {
        "ApiTypeKind": "basic",
        "Flags": 4,
        "FlagsString": "Number",
        "Generics": undefined,
        "Name": undefined,
        "Text": "number",
      },
    },
    "Parameter-1": Object {
      "ApiKind": "parameter",
      "IsOptional": false,
      "IsSpread": false,
      "Kind": 146,
      "KindString": "Parameter",
      "Location": Object {
        "Character": 20,
        "FileName": "./cases/InterfaceClassMerging.ts",
        "Line": 2,
      },
      "Metadata": Object {
        "DocumentationComment": "",
        "JSDocTags": Array [],
      },
      "Name": "a",
      "Type": Object {
        "ApiTypeKind": "basic",
        "Flags": 4,
        "FlagsString": "Number",
        "Generics": undefined,
        "Name": undefined,
        "Text": "number",
      },
    },
    "Parameter-2": Object {
      "ApiKind": "parameter",
      "IsOptional": false,
      "IsSpread": false,
      "Kind": 146,
      "KindString": "Parameter",
      "Location": Object {
        "Character": 28,
        "FileName": "./cases/InterfaceClassMerging.ts",
        "Line": 10,
      },
      "Metadata": Object {
        "DocumentationComment": "",
        "JSDocTags": Array [],
      },
      "Name": "a",
      "Type": Object {
        "ApiTypeKind": "basic",
        "Flags": 4,
        "FlagsString": "Number",
        "Generics": undefined,
        "Name": undefined,
        "Text": "number",
      },
    },
    "Parameter-3": Object {
      "ApiKind": "parameter",
      "IsOptional": false,
      "IsSpread": false,
      "Kind": 146,
      "KindString": "Parameter",
      "Location": Object {
        "Character": 18,
        "FileName": "./cases/InterfaceClassMerging.ts",
        "Line": 16,
      },
      "Metadata": Object {
        "DocumentationComment": "",
        "JSDocTags": Array [],
      },
      "Name": "a",
      "Type": Object {
        "ApiTypeKind": "basic",
        "Flags": 4,
        "FlagsString": "Number",
        "Generics": undefined,
        "Name": undefined,
        "Text": "number",
      },
    },
    "PropertyDeclaration-0": Object {
      "AccessModifier": "public",
      "ApiKind": "class-property",
      "IsAbstract": false,
      "IsOptional": false,
      "IsReadonly": false,
      "IsStatic": false,
      "Kind": 149,
      "KindString": "PropertyDeclaration",
      "Location": Object {
        "Character": 4,
        "FileName": "./cases/InterfaceClassMerging.ts",
        "Line": 8,
      },
      "Metadata": Object {
        "DocumentationComment": "",
        "JSDocTags": Array [],
      },
      "Name": "additionalProperty",
      "Type": Object {
        "ApiTypeKind": "basic",
        "Flags": 2,
        "FlagsString": "String",
        "Generics": undefined,
        "Name": undefined,
        "Text": "string",
      },
    },
    "PropertySignature-0": Object {
      "ApiKind": "property",
      "IsOptional": false,
      "Kind": 148,
      "KindString": "PropertySignature",
      "Location": Object {
        "Character": 4,
        "FileName": "./cases/InterfaceClassMerging.ts",
        "Line": 3,
      },
      "Metadata": Object {
        "DocumentationComment": "",
        "JSDocTags": Array [],
      },
      "Name": "property",
      "Type": Object {
        "ApiTypeKind": "basic",
        "Flags": 2,
        "FlagsString": "String",
        "Generics": undefined,
        "Name": undefined,
        "Text": "string",
      },
    },
    "PropertySignature-1": Object {
      "ApiKind": "property",
      "IsOptional": true,
      "Kind": 148,
      "KindString": "PropertySignature",
      "Location": Object {
        "Character": 4,
        "FileName": "./cases/InterfaceClassMerging.ts",
        "Line": 4,
      },
      "Metadata": Object {
        "DocumentationComment": "",
        "JSDocTags": Array [],
      },
      "Name": "optionalProperty",
      "Type": Object {
        "ApiTypeKind": "basic",
        "Flags": 2,
        "FlagsString": "String",
        "Generics": undefined,
        "Name": undefined,
        "Text": "string",
      },
    },
    "VariableDeclaration-0": Object {
      "ApiKind": "variable",
      "Kind": 226,
      "KindString": "VariableDeclaration",
      "Location": Object {
        "Character": 11,
        "FileName": "./cases/InterfaceClassMerging.ts",
        "Line": 21,
      },
      "Metadata": Object {
        "DocumentationComment": "",
        "JSDocTags": Array [],
      },
      "Name": "bar",
      "Type": Object {
        "ApiTypeKind": "reference",
        "Generics": undefined,
        "Name": "Bar",
        "ReferenceId": "ClassDeclaration-1",
        "Text": "Bar",
      },
      "VariableDeclarationType": "let",
    },
    "VariableDeclaration-1": Object {
      "ApiKind": "variable",
      "Kind": 226,
      "KindString": "VariableDeclaration",
      "Location": Object {
        "Character": 11,
        "FileName": "./cases/InterfaceClassMerging.ts",
        "Line": 22,
      },
      "Metadata": Object {
        "DocumentationComment": "",
        "JSDocTags": Array [],
      },
      "Name": "foo",
      "Type": Object {
        "ApiTypeKind": "reference",
        "Generics": undefined,
        "Name": "Foo",
        "ReferenceId": "InterfaceDeclaration-0",
        "Text": "Foo",
      },
      "VariableDeclarationType": "let",
    },
    "VariableDeclaration-2": Object {
      "ApiKind": "variable",
      "Kind": 226,
      "KindString": "VariableDeclaration",
      "Location": Object {
        "Character": 11,
        "FileName": "./cases/InterfaceClassMerging.ts",
        "Line": 23,
      },
      "Metadata": Object {
        "DocumentationComment": "",
        "JSDocTags": Array [],
      },
      "Name": "iFoo",
      "Type": Object {
        "ApiTypeKind": "reference",
        "Generics": undefined,
        "Name": "Foo",
        "ReferenceId": "InterfaceDeclaration-0",
        "Text": "Foo",
      },
      "VariableDeclarationType": "let",
    },
  },
}
`;
