// Jest Snapshot v1, https://goo.gl/fbAQLP

exports[`InterfaceSubtyping 1`] = `
Object {
  "EntryFiles": Array [
    Object {
      "ApiKind": "source-file",
      "Kind": 265,
      "KindString": "SourceFile",
      "Members": Array [
        Array [
          "Face",
          Array [
            "InterfaceDeclaration-0",
          ],
        ],
        Array [
          "Camera",
          Array [
            "ClassDeclaration-0",
          ],
        ],
      ],
      "Metadata": Object {
        "DocumentationComment": Array [],
        "JSDocTags": Array [],
      },
      "Name": "InterfaceSubtyping.ts",
      "Path": "./cases/InterfaceSubtyping.ts",
    },
  ],
  "Registry": Object {
    "ClassDeclaration-0": Object {
      "ApiKind": "class",
      "Extends": undefined,
      "Implements": Array [
        Object {
          "ApiTypeKind": "reference",
          "Generics": undefined,
          "Name": "Face",
          "ReferenceId": "InterfaceDeclaration-0",
          "Text": "Face",
        },
      ],
      "IsAbstract": false,
      "Kind": 229,
      "KindString": "ClassDeclaration",
      "Location": Object {
        "Character": 0,
        "FileName": "./cases/InterfaceSubtyping.ts",
        "Line": 4,
      },
      "Members": Array [
        Array [
          "__constructor",
          Array [
            "Constructor-0",
          ],
        ],
        Array [
          "foo",
          Array [
            "MethodDeclaration-0",
          ],
        ],
      ],
      "Metadata": Object {
        "DocumentationComment": Array [],
        "JSDocTags": Array [],
      },
      "Name": "Camera",
      "TypeParameters": Array [],
    },
    "Constructor-0": Object {
      "AccessModifier": "public",
      "ApiKind": "class-constructor",
      "Kind": 152,
      "KindString": "Constructor",
      "Location": Object {
        "Character": 4,
        "FileName": "./cases/InterfaceSubtyping.ts",
        "Line": 5,
      },
      "Metadata": Object {
        "DocumentationComment": Array [],
        "JSDocTags": Array [],
      },
      "Name": "__constructor",
      "Parameters": Array [
        Array [
          "str",
          Array [
            "Parameter-0",
          ],
        ],
      ],
    },
    "InterfaceDeclaration-0": Object {
      "ApiKind": "interface",
      "Extends": Array [],
      "Kind": 230,
      "KindString": "InterfaceDeclaration",
      "Location": Object {
        "Character": 0,
        "FileName": "./cases/InterfaceSubtyping.ts",
        "Line": 0,
      },
      "Members": Array [
        Array [
          "foo",
          Array [
            "MethodSignature-0",
          ],
        ],
      ],
      "Metadata": Object {
        "DocumentationComment": Array [],
        "JSDocTags": Array [],
      },
      "Name": "Face",
      "TypeParameters": Array [],
    },
    "MethodDeclaration-0": Object {
      "AccessModifier": "public",
      "ApiKind": "class-method",
      "IsAbstract": false,
      "IsAsync": false,
      "IsOptional": false,
      "IsStatic": false,
      "Kind": 151,
      "KindString": "MethodDeclaration",
      "Location": Object {
        "Character": 4,
        "FileName": "./cases/InterfaceSubtyping.ts",
        "Line": 7,
      },
      "Metadata": Object {
        "DocumentationComment": Array [],
        "JSDocTags": Array [],
      },
      "Name": "foo",
      "Parameters": Array [],
      "ReturnType": Object {
        "ApiTypeKind": "basic",
        "Flags": 2,
        "FlagsString": "String",
        "Generics": undefined,
        "Name": undefined,
        "Text": "string",
      },
      "TypeParameters": Array [],
    },
    "MethodSignature-0": Object {
      "ApiKind": "method",
      "IsOptional": false,
      "Kind": 150,
      "KindString": "MethodSignature",
      "Location": Object {
        "Character": 4,
        "FileName": "./cases/InterfaceSubtyping.ts",
        "Line": 1,
      },
      "Metadata": Object {
        "DocumentationComment": Array [],
        "JSDocTags": Array [],
      },
      "Name": "foo",
      "Parameters": Array [],
      "ReturnType": Object {
        "ApiTypeKind": "basic",
        "Flags": 1024,
        "FlagsString": "Void",
        "Generics": undefined,
        "Name": undefined,
        "Text": "void",
      },
      "TypeParameters": Array [],
    },
    "Parameter-0": Object {
      "ApiKind": "parameter",
      "IsOptional": false,
      "IsSpread": false,
      "Kind": 146,
      "KindString": "Parameter",
      "Location": Object {
        "Character": 16,
        "FileName": "./cases/InterfaceSubtyping.ts",
        "Line": 5,
      },
      "Metadata": Object {
        "DocumentationComment": Array [],
        "JSDocTags": Array [],
      },
      "Name": "str",
      "Type": Object {
        "ApiTypeKind": "basic",
        "Flags": 2,
        "FlagsString": "String",
        "Generics": undefined,
        "Name": undefined,
        "Text": "string",
      },
    },
  },
}
`;
