// Jest Snapshot v1, https://goo.gl/fbAQLP

exports[`InterfaceDeclaration4 1`] = `
Object {
  "EntryFiles": Array [
    "SourceFile-0",
  ],
  "Registry": Object {
    "CallSignature-0": Object {
      "ApiKind": "call",
      "IsOverloadBase": false,
      "Kind": 155,
      "KindString": "CallSignature",
      "Location": Object {
        "Character": 4,
        "FileName": "./cases/InterfaceDeclaration4.ts",
        "IsExternalPackage": false,
        "Line": 1,
      },
      "Metadata": Object {
        "DocumentationComment": "",
        "JSDocTags": Array [],
      },
      "Name": "__call",
      "Parameters": Array [],
      "ReturnType": Object {
        "ApiTypeKind": "basic",
        "Flags": 2,
        "FlagsString": "String",
        "Generics": undefined,
        "Name": undefined,
        "ReferenceId": undefined,
        "Text": "string",
      },
      "TypeParameters": Array [],
    },
    "CallSignature-1": Object {
      "ApiKind": "call",
      "IsOverloadBase": false,
      "Kind": 155,
      "KindString": "CallSignature",
      "Location": Object {
        "Character": 4,
        "FileName": "./cases/InterfaceDeclaration4.ts",
        "IsExternalPackage": false,
        "Line": 2,
      },
      "Metadata": Object {
        "DocumentationComment": "",
        "JSDocTags": Array [],
      },
      "Name": "__call",
      "Parameters": Array [
        Object {
          "Alias": "a",
          "Ids": Array [
            "Parameter-0",
          ],
        },
        Object {
          "Alias": "b",
          "Ids": Array [
            "Parameter-1",
          ],
        },
        Object {
          "Alias": "c",
          "Ids": Array [
            "Parameter-2",
          ],
        },
      ],
      "ReturnType": Object {
        "ApiTypeKind": "basic",
        "Flags": 4,
        "FlagsString": "Number",
        "Generics": undefined,
        "Name": undefined,
        "ReferenceId": undefined,
        "Text": "number",
      },
      "TypeParameters": Array [],
    },
    "ClassDeclaration-0": Object {
      "ApiKind": "class",
      "Extends": undefined,
      "Implements": Array [
        Object {
          "ApiTypeKind": "basic",
          "Flags": 32768,
          "FlagsString": "Object",
          "Generics": undefined,
          "Name": "a",
          "ReferenceId": "InterfaceDeclaration-3",
          "Text": "a",
        },
      ],
      "IsAbstract": false,
      "Kind": 229,
      "KindString": "ClassDeclaration",
      "Location": Object {
        "Character": 0,
        "FileName": "./cases/InterfaceDeclaration4.ts",
        "IsExternalPackage": false,
        "Line": 42,
      },
      "Members": Array [],
      "Metadata": Object {
        "DocumentationComment": "",
        "JSDocTags": Array [],
      },
      "Name": "c1",
      "TypeParameters": Array [],
    },
    "ConstructSignature-0": Object {
      "ApiKind": "construct",
      "IsOverloadBase": false,
      "Kind": 156,
      "KindString": "ConstructSignature",
      "Location": Object {
        "Character": 4,
        "FileName": "./cases/InterfaceDeclaration4.ts",
        "IsExternalPackage": false,
        "Line": 4,
      },
      "Metadata": Object {
        "DocumentationComment": "",
        "JSDocTags": Array [],
      },
      "Name": "__new",
      "Parameters": Array [],
      "ReturnType": Object {
        "ApiTypeKind": "basic",
        "Flags": 2,
        "FlagsString": "String",
        "Generics": undefined,
        "Name": undefined,
        "ReferenceId": undefined,
        "Text": "string",
      },
      "TypeParameters": Array [],
    },
    "ConstructSignature-1": Object {
      "ApiKind": "construct",
      "IsOverloadBase": false,
      "Kind": 156,
      "KindString": "ConstructSignature",
      "Location": Object {
        "Character": 4,
        "FileName": "./cases/InterfaceDeclaration4.ts",
        "IsExternalPackage": false,
        "Line": 5,
      },
      "Metadata": Object {
        "DocumentationComment": "",
        "JSDocTags": Array [],
      },
      "Name": "__new",
      "Parameters": Array [
        Object {
          "Alias": "s",
          "Ids": Array [
            "Parameter-3",
          ],
        },
      ],
      "ReturnType": Object {
        "ApiTypeKind": "basic",
        "Flags": 1,
        "FlagsString": "Any",
        "Generics": undefined,
        "Name": undefined,
        "ReferenceId": undefined,
        "Text": "any",
      },
      "TypeParameters": Array [],
    },
    "FunctionType-0": Object {
      "ApiKind": "function",
      "IsOverloadBase": false,
      "Kind": 160,
      "KindString": "FunctionType",
      "Location": Object {
        "Character": 17,
        "FileName": "./cases/InterfaceDeclaration4.ts",
        "IsExternalPackage": false,
        "Line": 7,
      },
      "Metadata": Object {
        "DocumentationComment": "",
        "JSDocTags": Array [],
      },
      "Name": "__type",
      "Parameters": Array [],
      "ReturnType": Object {
        "ApiTypeKind": "basic",
        "Flags": 2,
        "FlagsString": "String",
        "Generics": undefined,
        "Name": undefined,
        "ReferenceId": undefined,
        "Text": "string",
      },
      "TypeParameters": Array [],
    },
    "IndexSignature-0": Object {
      "ApiKind": "index",
      "IsReadonly": false,
      "Kind": 157,
      "KindString": "IndexSignature",
      "Location": Object {
        "Character": 4,
        "FileName": "./cases/InterfaceDeclaration4.ts",
        "IsExternalPackage": false,
        "Line": 7,
      },
      "Metadata": Object {
        "DocumentationComment": "",
        "JSDocTags": Array [],
      },
      "Name": "__index",
      "Parameter": "Parameter-4",
      "Type": Object {
        "ApiTypeKind": "basic",
        "Flags": 32768,
        "FlagsString": "Object",
        "Generics": undefined,
        "Name": "__type",
        "ReferenceId": "FunctionType-0",
        "Text": "() => string",
      },
    },
    "IndexSignature-1": Object {
      "ApiKind": "index",
      "IsReadonly": false,
      "Kind": 157,
      "KindString": "IndexSignature",
      "Location": Object {
        "Character": 4,
        "FileName": "./cases/InterfaceDeclaration4.ts",
        "IsExternalPackage": false,
        "Line": 8,
      },
      "Metadata": Object {
        "DocumentationComment": "",
        "JSDocTags": Array [],
      },
      "Name": "__index",
      "Parameter": "Parameter-5",
      "Type": Object {
        "ApiTypeKind": "basic",
        "Flags": 1,
        "FlagsString": "Any",
        "Generics": undefined,
        "Name": undefined,
        "ReferenceId": undefined,
        "Text": "any",
      },
    },
    "IndexSignature-2": Object {
      "ApiKind": "index",
      "IsReadonly": false,
      "Kind": 157,
      "KindString": "IndexSignature",
      "Location": Object {
        "Character": 4,
        "FileName": "./cases/InterfaceDeclaration4.ts",
        "IsExternalPackage": false,
        "Line": 23,
      },
      "Metadata": Object {
        "DocumentationComment": "",
        "JSDocTags": Array [],
      },
      "Name": "__index",
      "Parameter": "Parameter-9",
      "Type": Object {
        "ApiTypeKind": "basic",
        "Flags": 4,
        "FlagsString": "Number",
        "Generics": undefined,
        "Name": undefined,
        "ReferenceId": undefined,
        "Text": "number",
      },
    },
    "IndexSignature-3": Object {
      "ApiKind": "index",
      "IsReadonly": false,
      "Kind": 157,
      "KindString": "IndexSignature",
      "Location": Object {
        "Character": 4,
        "FileName": "./cases/InterfaceDeclaration4.ts",
        "IsExternalPackage": false,
        "Line": 27,
      },
      "Metadata": Object {
        "DocumentationComment": "",
        "JSDocTags": Array [],
      },
      "Name": "__index",
      "Parameter": "Parameter-10",
      "Type": Object {
        "ApiTypeKind": "basic",
        "Flags": 4,
        "FlagsString": "Number",
        "Generics": undefined,
        "Name": undefined,
        "ReferenceId": undefined,
        "Text": "number",
      },
    },
    "InterfaceDeclaration-0": Object {
      "ApiKind": "interface",
      "Extends": Array [],
      "Kind": 230,
      "KindString": "InterfaceDeclaration",
      "Location": Object {
        "Character": 0,
        "FileName": "./cases/InterfaceDeclaration4.ts",
        "IsExternalPackage": false,
        "Line": 0,
      },
      "Members": Array [
        Object {
          "Alias": "__call",
          "Ids": Array [
            "CallSignature-0",
            "CallSignature-1",
          ],
        },
        Object {
          "Alias": "__new",
          "Ids": Array [
            "ConstructSignature-0",
            "ConstructSignature-1",
          ],
        },
        Object {
          "Alias": "__index",
          "Ids": Array [
            "IndexSignature-0",
            "IndexSignature-1",
          ],
        },
        Object {
          "Alias": "p1",
          "Ids": Array [
            "PropertySignature-0",
          ],
        },
        Object {
          "Alias": "p3",
          "Ids": Array [
            "PropertySignature-1",
          ],
        },
        Object {
          "Alias": "p2",
          "Ids": Array [
            "PropertySignature-2",
          ],
        },
        Object {
          "Alias": "p4",
          "Ids": Array [
            "PropertySignature-3",
          ],
        },
        Object {
          "Alias": "p5",
          "Ids": Array [
            "MethodSignature-0",
          ],
        },
        Object {
          "Alias": "f1",
          "Ids": Array [
            "MethodSignature-1",
          ],
        },
        Object {
          "Alias": "f2",
          "Ids": Array [
            "MethodSignature-2",
          ],
        },
        Object {
          "Alias": "f3",
          "Ids": Array [
            "MethodSignature-3",
          ],
        },
        Object {
          "Alias": "f4",
          "Ids": Array [
            "MethodSignature-4",
          ],
        },
      ],
      "Metadata": Object {
        "DocumentationComment": "",
        "JSDocTags": Array [],
      },
      "Name": "a0",
      "TypeParameters": Array [],
    },
    "InterfaceDeclaration-1": Object {
      "ApiKind": "interface",
      "Extends": Array [],
      "Kind": 230,
      "KindString": "InterfaceDeclaration",
      "Location": Object {
        "Character": 0,
        "FileName": "./cases/InterfaceDeclaration4.ts",
        "IsExternalPackage": false,
        "Line": 22,
      },
      "Members": Array [
        Object {
          "Alias": "__index",
          "Ids": Array [
            "IndexSignature-2",
          ],
        },
      ],
      "Metadata": Object {
        "DocumentationComment": "",
        "JSDocTags": Array [],
      },
      "Name": "a1",
      "TypeParameters": Array [],
    },
    "InterfaceDeclaration-2": Object {
      "ApiKind": "interface",
      "Extends": Array [],
      "Kind": 230,
      "KindString": "InterfaceDeclaration",
      "Location": Object {
        "Character": 0,
        "FileName": "./cases/InterfaceDeclaration4.ts",
        "IsExternalPackage": false,
        "Line": 26,
      },
      "Members": Array [
        Object {
          "Alias": "__index",
          "Ids": Array [
            "IndexSignature-3",
          ],
        },
      ],
      "Metadata": Object {
        "DocumentationComment": "",
        "JSDocTags": Array [],
      },
      "Name": "a2",
      "TypeParameters": Array [],
    },
    "InterfaceDeclaration-3": Object {
      "ApiKind": "interface",
      "Extends": Array [],
      "Kind": 230,
      "KindString": "InterfaceDeclaration",
      "Location": Object {
        "Character": 0,
        "FileName": "./cases/InterfaceDeclaration4.ts",
        "IsExternalPackage": false,
        "Line": 30,
      },
      "Members": Array [],
      "Metadata": Object {
        "DocumentationComment": "",
        "JSDocTags": Array [],
      },
      "Name": "a",
      "TypeParameters": Array [],
    },
    "InterfaceDeclaration-4": Object {
      "ApiKind": "interface",
      "Extends": Array [
        Object {
          "ApiTypeKind": "basic",
          "Flags": 32768,
          "FlagsString": "Object",
          "Generics": undefined,
          "Name": "a",
          "ReferenceId": "InterfaceDeclaration-3",
          "Text": "a",
        },
      ],
      "Kind": 230,
      "KindString": "InterfaceDeclaration",
      "Location": Object {
        "Character": 0,
        "FileName": "./cases/InterfaceDeclaration4.ts",
        "IsExternalPackage": false,
        "Line": 33,
      },
      "Members": Array [],
      "Metadata": Object {
        "DocumentationComment": "",
        "JSDocTags": Array [],
      },
      "Name": "b",
      "TypeParameters": Array [],
    },
    "InterfaceDeclaration-5": Object {
      "ApiKind": "interface",
      "Extends": Array [
        Object {
          "ApiTypeKind": "basic",
          "Flags": 32768,
          "FlagsString": "Object",
          "Generics": undefined,
          "Name": "a",
          "ReferenceId": "InterfaceDeclaration-3",
          "Text": "a",
        },
        Object {
          "ApiTypeKind": "basic",
          "Flags": 32768,
          "FlagsString": "Object",
          "Generics": undefined,
          "Name": "b",
          "ReferenceId": "InterfaceDeclaration-4",
          "Text": "b",
        },
      ],
      "Kind": 230,
      "KindString": "InterfaceDeclaration",
      "Location": Object {
        "Character": 0,
        "FileName": "./cases/InterfaceDeclaration4.ts",
        "IsExternalPackage": false,
        "Line": 36,
      },
      "Members": Array [],
      "Metadata": Object {
        "DocumentationComment": "",
        "JSDocTags": Array [],
      },
      "Name": "c",
      "TypeParameters": Array [],
    },
    "InterfaceDeclaration-6": Object {
      "ApiKind": "interface",
      "Extends": Array [
        Object {
          "ApiTypeKind": "basic",
          "Flags": 32768,
          "FlagsString": "Object",
          "Generics": undefined,
          "Name": "a",
          "ReferenceId": "InterfaceDeclaration-3",
          "Text": "a",
        },
      ],
      "Kind": 230,
      "KindString": "InterfaceDeclaration",
      "Location": Object {
        "Character": 0,
        "FileName": "./cases/InterfaceDeclaration4.ts",
        "IsExternalPackage": false,
        "Line": 39,
      },
      "Members": Array [],
      "Metadata": Object {
        "DocumentationComment": "",
        "JSDocTags": Array [],
      },
      "Name": "d",
      "TypeParameters": Array [],
    },
    "MethodSignature-0": Object {
      "ApiKind": "method",
      "IsOptional": false,
      "IsOverloadBase": false,
      "Kind": 150,
      "KindString": "MethodSignature",
      "Location": Object {
        "Character": 4,
        "FileName": "./cases/InterfaceDeclaration4.ts",
        "IsExternalPackage": false,
        "Line": 14,
      },
      "Metadata": Object {
        "DocumentationComment": "",
        "JSDocTags": Array [],
      },
      "Name": "p5",
      "Parameters": Array [
        Object {
          "Alias": "s",
          "Ids": Array [
            "Parameter-6",
          ],
        },
      ],
      "ReturnType": Object {
        "ApiTypeKind": "basic",
        "Flags": 2,
        "FlagsString": "String",
        "Generics": undefined,
        "Name": undefined,
        "ReferenceId": undefined,
        "Text": "string",
      },
      "TypeParameters": Array [],
    },
    "MethodSignature-1": Object {
      "ApiKind": "method",
      "IsOptional": false,
      "IsOverloadBase": false,
      "Kind": 150,
      "KindString": "MethodSignature",
      "Location": Object {
        "Character": 4,
        "FileName": "./cases/InterfaceDeclaration4.ts",
        "IsExternalPackage": false,
        "Line": 16,
      },
      "Metadata": Object {
        "DocumentationComment": "",
        "JSDocTags": Array [],
      },
      "Name": "f1",
      "Parameters": Array [],
      "ReturnType": Object {
        "ApiTypeKind": "basic",
        "Flags": 1,
        "FlagsString": "Any",
        "Generics": undefined,
        "Name": undefined,
        "ReferenceId": undefined,
        "Text": "any",
      },
      "TypeParameters": Array [],
    },
    "MethodSignature-2": Object {
      "ApiKind": "method",
      "IsOptional": true,
      "IsOverloadBase": false,
      "Kind": 150,
      "KindString": "MethodSignature",
      "Location": Object {
        "Character": 4,
        "FileName": "./cases/InterfaceDeclaration4.ts",
        "IsExternalPackage": false,
        "Line": 17,
      },
      "Metadata": Object {
        "DocumentationComment": "",
        "JSDocTags": Array [],
      },
      "Name": "f2",
      "Parameters": Array [],
      "ReturnType": Object {
        "ApiTypeKind": "basic",
        "Flags": 1,
        "FlagsString": "Any",
        "Generics": undefined,
        "Name": undefined,
        "ReferenceId": undefined,
        "Text": "any",
      },
      "TypeParameters": Array [],
    },
    "MethodSignature-3": Object {
      "ApiKind": "method",
      "IsOptional": false,
      "IsOverloadBase": false,
      "Kind": 150,
      "KindString": "MethodSignature",
      "Location": Object {
        "Character": 4,
        "FileName": "./cases/InterfaceDeclaration4.ts",
        "IsExternalPackage": false,
        "Line": 18,
      },
      "Metadata": Object {
        "DocumentationComment": "",
        "JSDocTags": Array [],
      },
      "Name": "f3",
      "Parameters": Array [
        Object {
          "Alias": "a",
          "Ids": Array [
            "Parameter-7",
          ],
        },
      ],
      "ReturnType": Object {
        "ApiTypeKind": "basic",
        "Flags": 4,
        "FlagsString": "Number",
        "Generics": undefined,
        "Name": undefined,
        "ReferenceId": undefined,
        "Text": "number",
      },
      "TypeParameters": Array [],
    },
    "MethodSignature-4": Object {
      "ApiKind": "method",
      "IsOptional": true,
      "IsOverloadBase": false,
      "Kind": 150,
      "KindString": "MethodSignature",
      "Location": Object {
        "Character": 4,
        "FileName": "./cases/InterfaceDeclaration4.ts",
        "IsExternalPackage": false,
        "Line": 19,
      },
      "Metadata": Object {
        "DocumentationComment": "",
        "JSDocTags": Array [],
      },
      "Name": "f4",
      "Parameters": Array [
        Object {
          "Alias": "s",
          "Ids": Array [
            "Parameter-8",
          ],
        },
      ],
      "ReturnType": Object {
        "ApiTypeKind": "basic",
        "Flags": 2,
        "FlagsString": "String",
        "Generics": undefined,
        "Name": undefined,
        "ReferenceId": undefined,
        "Text": "string",
      },
      "TypeParameters": Array [],
    },
    "Parameter-0": Object {
      "ApiKind": "parameter",
      "IsOptional": false,
      "IsSpread": false,
      "Kind": 146,
      "KindString": "Parameter",
      "Location": Object {
        "Character": 5,
        "FileName": "./cases/InterfaceDeclaration4.ts",
        "IsExternalPackage": false,
        "Line": 2,
      },
      "Metadata": Object {
        "DocumentationComment": "",
        "JSDocTags": Array [],
      },
      "Name": "a",
      "Type": Object {
        "ApiTypeKind": "basic",
        "Flags": 1,
        "FlagsString": "Any",
        "Generics": undefined,
        "Name": undefined,
        "ReferenceId": undefined,
        "Text": "any",
      },
    },
    "Parameter-1": Object {
      "ApiKind": "parameter",
      "IsOptional": false,
      "IsSpread": false,
      "Kind": 146,
      "KindString": "Parameter",
      "Location": Object {
        "Character": 8,
        "FileName": "./cases/InterfaceDeclaration4.ts",
        "IsExternalPackage": false,
        "Line": 2,
      },
      "Metadata": Object {
        "DocumentationComment": "",
        "JSDocTags": Array [],
      },
      "Name": "b",
      "Type": Object {
        "ApiTypeKind": "basic",
        "Flags": 1,
        "FlagsString": "Any",
        "Generics": undefined,
        "Name": undefined,
        "ReferenceId": undefined,
        "Text": "any",
      },
    },
    "Parameter-10": Object {
      "ApiKind": "parameter",
      "IsOptional": false,
      "IsSpread": false,
      "Kind": 146,
      "KindString": "Parameter",
      "Location": Object {
        "Character": 5,
        "FileName": "./cases/InterfaceDeclaration4.ts",
        "IsExternalPackage": false,
        "Line": 27,
      },
      "Metadata": Object {
        "DocumentationComment": "",
        "JSDocTags": Array [],
      },
      "Name": "s",
      "Type": Object {
        "ApiTypeKind": "basic",
        "Flags": 2,
        "FlagsString": "String",
        "Generics": undefined,
        "Name": undefined,
        "ReferenceId": undefined,
        "Text": "string",
      },
    },
    "Parameter-2": Object {
      "ApiKind": "parameter",
      "IsOptional": true,
      "IsSpread": false,
      "Kind": 146,
      "KindString": "Parameter",
      "Location": Object {
        "Character": 11,
        "FileName": "./cases/InterfaceDeclaration4.ts",
        "IsExternalPackage": false,
        "Line": 2,
      },
      "Metadata": Object {
        "DocumentationComment": "",
        "JSDocTags": Array [],
      },
      "Name": "c",
      "Type": Object {
        "ApiTypeKind": "basic",
        "Flags": 2,
        "FlagsString": "String",
        "Generics": undefined,
        "Name": undefined,
        "ReferenceId": undefined,
        "Text": "string",
      },
    },
    "Parameter-3": Object {
      "ApiKind": "parameter",
      "IsOptional": false,
      "IsSpread": false,
      "Kind": 146,
      "KindString": "Parameter",
      "Location": Object {
        "Character": 8,
        "FileName": "./cases/InterfaceDeclaration4.ts",
        "IsExternalPackage": false,
        "Line": 5,
      },
      "Metadata": Object {
        "DocumentationComment": "",
        "JSDocTags": Array [],
      },
      "Name": "s",
      "Type": Object {
        "ApiTypeKind": "basic",
        "Flags": 2,
        "FlagsString": "String",
        "Generics": undefined,
        "Name": undefined,
        "ReferenceId": undefined,
        "Text": "string",
      },
    },
    "Parameter-4": Object {
      "ApiKind": "parameter",
      "IsOptional": false,
      "IsSpread": false,
      "Kind": 146,
      "KindString": "Parameter",
      "Location": Object {
        "Character": 5,
        "FileName": "./cases/InterfaceDeclaration4.ts",
        "IsExternalPackage": false,
        "Line": 7,
      },
      "Metadata": Object {
        "DocumentationComment": "",
        "JSDocTags": Array [],
      },
      "Name": "n",
      "Type": Object {
        "ApiTypeKind": "basic",
        "Flags": 4,
        "FlagsString": "Number",
        "Generics": undefined,
        "Name": undefined,
        "ReferenceId": undefined,
        "Text": "number",
      },
    },
    "Parameter-5": Object {
      "ApiKind": "parameter",
      "IsOptional": false,
      "IsSpread": false,
      "Kind": 146,
      "KindString": "Parameter",
      "Location": Object {
        "Character": 5,
        "FileName": "./cases/InterfaceDeclaration4.ts",
        "IsExternalPackage": false,
        "Line": 8,
      },
      "Metadata": Object {
        "DocumentationComment": "",
        "JSDocTags": Array [],
      },
      "Name": "s",
      "Type": Object {
        "ApiTypeKind": "basic",
        "Flags": 2,
        "FlagsString": "String",
        "Generics": undefined,
        "Name": undefined,
        "ReferenceId": undefined,
        "Text": "string",
      },
    },
    "Parameter-6": Object {
      "ApiKind": "parameter",
      "IsOptional": false,
      "IsSpread": false,
      "Kind": 146,
      "KindString": "Parameter",
      "Location": Object {
        "Character": 7,
        "FileName": "./cases/InterfaceDeclaration4.ts",
        "IsExternalPackage": false,
        "Line": 14,
      },
      "Metadata": Object {
        "DocumentationComment": "",
        "JSDocTags": Array [],
      },
      "Name": "s",
      "Type": Object {
        "ApiTypeKind": "basic",
        "Flags": 4,
        "FlagsString": "Number",
        "Generics": undefined,
        "Name": undefined,
        "ReferenceId": undefined,
        "Text": "number",
      },
    },
    "Parameter-7": Object {
      "ApiKind": "parameter",
      "IsOptional": false,
      "IsSpread": false,
      "Kind": 146,
      "KindString": "Parameter",
      "Location": Object {
        "Character": 7,
        "FileName": "./cases/InterfaceDeclaration4.ts",
        "IsExternalPackage": false,
        "Line": 18,
      },
      "Metadata": Object {
        "DocumentationComment": "",
        "JSDocTags": Array [],
      },
      "Name": "a",
      "Type": Object {
        "ApiTypeKind": "basic",
        "Flags": 2,
        "FlagsString": "String",
        "Generics": undefined,
        "Name": undefined,
        "ReferenceId": undefined,
        "Text": "string",
      },
    },
    "Parameter-8": Object {
      "ApiKind": "parameter",
      "IsOptional": false,
      "IsSpread": false,
      "Kind": 146,
      "KindString": "Parameter",
      "Location": Object {
        "Character": 8,
        "FileName": "./cases/InterfaceDeclaration4.ts",
        "IsExternalPackage": false,
        "Line": 19,
      },
      "Metadata": Object {
        "DocumentationComment": "",
        "JSDocTags": Array [],
      },
      "Name": "s",
      "Type": Object {
        "ApiTypeKind": "basic",
        "Flags": 4,
        "FlagsString": "Number",
        "Generics": undefined,
        "Name": undefined,
        "ReferenceId": undefined,
        "Text": "number",
      },
    },
    "Parameter-9": Object {
      "ApiKind": "parameter",
      "IsOptional": false,
      "IsSpread": false,
      "Kind": 146,
      "KindString": "Parameter",
      "Location": Object {
        "Character": 5,
        "FileName": "./cases/InterfaceDeclaration4.ts",
        "IsExternalPackage": false,
        "Line": 23,
      },
      "Metadata": Object {
        "DocumentationComment": "",
        "JSDocTags": Array [],
      },
      "Name": "n",
      "Type": Object {
        "ApiTypeKind": "basic",
        "Flags": 4,
        "FlagsString": "Number",
        "Generics": undefined,
        "Name": undefined,
        "ReferenceId": undefined,
        "Text": "number",
      },
    },
    "PropertySignature-0": Object {
      "ApiKind": "property",
      "IsOptional": false,
      "Kind": 148,
      "KindString": "PropertySignature",
      "Location": Object {
        "Character": 4,
        "FileName": "./cases/InterfaceDeclaration4.ts",
        "IsExternalPackage": false,
        "Line": 10,
      },
      "Metadata": Object {
        "DocumentationComment": "",
        "JSDocTags": Array [],
      },
      "Name": "p1",
      "Type": Object {
        "ApiTypeKind": "basic",
        "Flags": 1,
        "FlagsString": "Any",
        "Generics": undefined,
        "Name": undefined,
        "ReferenceId": undefined,
        "Text": "any",
      },
    },
    "PropertySignature-1": Object {
      "ApiKind": "property",
      "IsOptional": true,
      "Kind": 148,
      "KindString": "PropertySignature",
      "Location": Object {
        "Character": 4,
        "FileName": "./cases/InterfaceDeclaration4.ts",
        "IsExternalPackage": false,
        "Line": 11,
      },
      "Metadata": Object {
        "DocumentationComment": "",
        "JSDocTags": Array [],
      },
      "Name": "p3",
      "Type": Object {
        "ApiTypeKind": "basic",
        "Flags": 1,
        "FlagsString": "Any",
        "Generics": undefined,
        "Name": undefined,
        "ReferenceId": undefined,
        "Text": "any",
      },
    },
    "PropertySignature-2": Object {
      "ApiKind": "property",
      "IsOptional": false,
      "Kind": 148,
      "KindString": "PropertySignature",
      "Location": Object {
        "Character": 4,
        "FileName": "./cases/InterfaceDeclaration4.ts",
        "IsExternalPackage": false,
        "Line": 12,
      },
      "Metadata": Object {
        "DocumentationComment": "",
        "JSDocTags": Array [],
      },
      "Name": "p2",
      "Type": Object {
        "ApiTypeKind": "basic",
        "Flags": 2,
        "FlagsString": "String",
        "Generics": undefined,
        "Name": undefined,
        "ReferenceId": undefined,
        "Text": "string",
      },
    },
    "PropertySignature-3": Object {
      "ApiKind": "property",
      "IsOptional": true,
      "Kind": 148,
      "KindString": "PropertySignature",
      "Location": Object {
        "Character": 4,
        "FileName": "./cases/InterfaceDeclaration4.ts",
        "IsExternalPackage": false,
        "Line": 13,
      },
      "Metadata": Object {
        "DocumentationComment": "",
        "JSDocTags": Array [],
      },
      "Name": "p4",
      "Type": Object {
        "ApiTypeKind": "basic",
        "Flags": 4,
        "FlagsString": "Number",
        "Generics": undefined,
        "Name": undefined,
        "ReferenceId": undefined,
        "Text": "number",
      },
    },
    "SourceFile-0": Object {
      "ApiKind": "source-file",
      "Kind": 268,
      "KindString": "SourceFile",
      "Location": Object {
        "Character": 0,
        "FileName": "./cases/InterfaceDeclaration4.ts",
        "IsExternalPackage": false,
        "Line": 0,
      },
      "Members": Array [
        Object {
          "Alias": "a0",
          "Ids": Array [
            "InterfaceDeclaration-0",
          ],
        },
        Object {
          "Alias": "a1",
          "Ids": Array [
            "InterfaceDeclaration-1",
          ],
        },
        Object {
          "Alias": "a2",
          "Ids": Array [
            "InterfaceDeclaration-2",
          ],
        },
        Object {
          "Alias": "a",
          "Ids": Array [
            "InterfaceDeclaration-3",
          ],
        },
        Object {
          "Alias": "b",
          "Ids": Array [
            "InterfaceDeclaration-4",
          ],
        },
        Object {
          "Alias": "c",
          "Ids": Array [
            "InterfaceDeclaration-5",
          ],
        },
        Object {
          "Alias": "d",
          "Ids": Array [
            "InterfaceDeclaration-6",
          ],
        },
        Object {
          "Alias": "c1",
          "Ids": Array [
            "ClassDeclaration-0",
          ],
        },
        Object {
          "Alias": "instance2",
          "Ids": Array [
            "VariableDeclaration-0",
          ],
        },
      ],
      "Metadata": Object {
        "DocumentationComment": "",
        "JSDocTags": Array [],
      },
      "Name": "InterfaceDeclaration4.ts",
    },
    "VariableDeclaration-0": Object {
      "ApiKind": "variable",
      "Kind": 226,
      "KindString": "VariableDeclaration",
      "Location": Object {
        "Character": 11,
        "FileName": "./cases/InterfaceDeclaration4.ts",
        "IsExternalPackage": false,
        "Line": 45,
      },
      "Metadata": Object {
        "DocumentationComment": "",
        "JSDocTags": Array [],
      },
      "Name": "instance2",
      "Type": Object {
        "ApiTypeKind": "basic",
        "Flags": 32768,
        "FlagsString": "Object",
        "Generics": undefined,
        "Name": "c1",
        "ReferenceId": "ClassDeclaration-0",
        "Text": "c1",
      },
      "VariableDeclarationType": "var",
    },
  },
}
`;
