// Jest Snapshot v1, https://goo.gl/fbAQLP

exports[`MappedDeclaration1 1`] = `
Object {
  "EntryFiles": Array [
    "SourceFile-0",
  ],
  "Registry": Object {
    "MappedType-0": Object {
      "ApiKind": "mapped",
      "IsOptional": false,
      "IsReadonly": false,
      "Location": Object {
        "Character": 21,
        "FileName": "./cases/MappedDeclaration1.ts",
        "IsExternalPackage": false,
        "Line": 0,
      },
      "Metadata": Object {
        "DocumentationComment": "",
        "JSDocTags": Array [],
      },
      "Name": "__type",
      "ParentId": "TypeAliasDeclaration-0",
      "Type": Object {
        "ApiTypeKind": "basic",
        "Text": "number",
        "_ts": Object {
          "Kind": 133,
          "KindString": "NumberKeyword",
        },
      },
      "TypeParameter": "TypeParameter-0",
      "_ts": Object {
        "Kind": 172,
        "KindString": "MappedType",
      },
    },
    "SourceFile-0": Object {
      "ApiKind": "source-file",
      "Location": Object {
        "Character": 0,
        "FileName": "./cases/MappedDeclaration1.ts",
        "IsExternalPackage": false,
        "Line": 0,
      },
      "Members": Array [
        Object {
          "Alias": "mapped",
          "Ids": Array [
            "TypeAliasDeclaration-0",
          ],
        },
      ],
      "Metadata": Object {
        "DocumentationComment": "",
        "JSDocTags": Array [],
      },
      "Name": "MappedDeclaration1.ts",
      "ParentId": undefined,
      "_ts": Object {
        "Kind": 268,
        "KindString": "SourceFile",
      },
    },
    "TypeAliasDeclaration-0": Object {
      "ApiKind": "type-alias",
      "Location": Object {
        "Character": 0,
        "FileName": "./cases/MappedDeclaration1.ts",
        "IsExternalPackage": false,
        "Line": 0,
      },
      "Metadata": Object {
        "DocumentationComment": "",
        "JSDocTags": Array [],
      },
      "Name": "mapped",
      "ParentId": "SourceFile-0",
      "Type": Object {
        "ApiTypeKind": "mapped",
        "ReferenceId": "MappedType-0",
        "Text": "mapped",
        "_ts": Object {
          "Kind": 172,
          "KindString": "MappedType",
        },
      },
      "TypeParameters": Array [],
      "_ts": Object {
        "Kind": 231,
        "KindString": "TypeAliasDeclaration",
      },
    },
    "TypeParameter-0": Object {
      "ApiKind": "type-parameter",
      "ConstraintType": Object {
        "ApiTypeKind": "basic",
        "Text": "\\"a-b-c\\"",
        "_ts": Object {
          "Kind": 173,
          "KindString": "LastTypeNode",
        },
      },
      "DefaultType": undefined,
      "Location": Object {
        "Character": 23,
        "FileName": "./cases/MappedDeclaration1.ts",
        "IsExternalPackage": false,
        "Line": 0,
      },
      "Metadata": Object {
        "DocumentationComment": "",
        "JSDocTags": Array [],
      },
      "Name": "K",
      "ParentId": "MappedType-0",
      "_ts": Object {
        "Kind": 145,
        "KindString": "TypeParameter",
      },
    },
  },
}
`;
