// Jest Snapshot v1, https://goo.gl/fbAQLP

exports[`MultipleDeclaration 1`] = `
Object {
  "EntryFiles": Array [
    Object {
      "ApiKind": "source-file",
      "Kind": 265,
      "KindString": "SourceFile",
      "Members": Object {
        "Bar": "InterfaceDeclaration-1",
        "Foo": "InterfaceDeclaration-0",
        "M": "ModuleDeclaration-0",
      },
      "Name": "MultipleDeclaration.ts",
      "Path": "cases/MultipleDeclaration.ts",
    },
  ],
  "Registry": Object {
    "InterfaceDeclaration-0": Object {
      "ApiKind": "interface",
      "Extends": Array [],
      "Kind": 230,
      "KindString": "InterfaceDeclaration",
      "Members": Object {
        "a": "PropertySignature-0",
      },
      "Name": "Foo",
    },
    "InterfaceDeclaration-1": Object {
      "ApiKind": "interface",
      "Extends": Array [],
      "Kind": 230,
      "KindString": "InterfaceDeclaration",
      "Members": Object {
        "a": "PropertySignature-1",
      },
      "Name": "Bar",
    },
    "ModuleDeclaration-0": Object {
      "ApiKind": "namespace",
      "Kind": 233,
      "KindString": "ModuleDeclaration",
      "Members": Object {},
      "Name": "M",
    },
    "PropertySignature-0": Object {
      "ApiKind": "property",
      "Kind": 148,
      "KindString": "PropertySignature",
      "Name": "a",
      "Type": Object {
        "ApiTypeKind": "default",
        "Flags": 2,
        "FlagsString": "String",
        "Generics": undefined,
        "Name": undefined,
        "Text": "string",
      },
    },
    "PropertySignature-1": Object {
      "ApiKind": "property",
      "Kind": 148,
      "KindString": "PropertySignature",
      "Name": "a",
      "Type": Object {
        "ApiTypeKind": "default",
        "Flags": 2,
        "FlagsString": "String",
        "Generics": undefined,
        "Name": undefined,
        "Text": "string",
      },
    },
  },
}
`;
