// Jest Snapshot v1, https://goo.gl/fbAQLP

exports[`multiple-declaration 1`] = `
Object {
  "EntryFiles": Array [
    "SourceFile-0",
  ],
  "Registry": Object {
    "ClassDeclaration-0": Object {
      "ApiKind": "class",
      "Extends": undefined,
      "Implements": Array [],
      "IsAbstract": false,
      "Location": Object {
        "Character": 0,
        "FileName": "./main.ts",
        "IsExternalPackage": false,
        "Line": 11,
      },
      "Members": Array [
        Object {
          "Alias": "b",
          "Ids": Array [
            "PropertyDeclaration-0",
          ],
        },
      ],
      "Metadata": Object {
        "DocumentationComment": "",
        "JSDocTags": Array [],
      },
      "Name": "Foo",
      "ParentId": "SourceFile-0",
      "TypeParameters": Array [
        Object {
          "Alias": "T",
          "Ids": Array [
            "TypeParameter-1",
          ],
        },
      ],
      "_ts": undefined,
    },
    "ClassDeclaration-1": Object {
      "ApiKind": "class",
      "Extends": undefined,
      "Implements": Array [],
      "IsAbstract": false,
      "Location": Object {
        "Character": 0,
        "FileName": "./main.ts",
        "IsExternalPackage": false,
        "Line": 15,
      },
      "Members": Array [
        Object {
          "Alias": "b",
          "Ids": Array [
            "PropertyDeclaration-1",
          ],
        },
      ],
      "Metadata": Object {
        "DocumentationComment": "",
        "JSDocTags": Array [],
      },
      "Name": "Bar",
      "ParentId": "SourceFile-0",
      "TypeParameters": Array [
        Object {
          "Alias": "T",
          "Ids": Array [
            "TypeParameter-2",
          ],
        },
      ],
      "_ts": undefined,
    },
    "InterfaceDeclaration-0": Object {
      "ApiKind": "interface",
      "Extends": Array [],
      "Location": Object {
        "Character": 0,
        "FileName": "./main.ts",
        "IsExternalPackage": false,
        "Line": 7,
      },
      "Members": Array [
        Object {
          "Alias": "a",
          "Ids": Array [
            "PropertySignature-0",
          ],
        },
      ],
      "Metadata": Object {
        "DocumentationComment": "",
        "JSDocTags": Array [],
      },
      "Name": "Foo",
      "ParentId": "SourceFile-0",
      "TypeParameters": Array [
        Object {
          "Alias": "T",
          "Ids": Array [
            "TypeParameter-0",
          ],
        },
      ],
      "_ts": undefined,
    },
    "InterfaceDeclaration-1": Object {
      "ApiKind": "interface",
      "Extends": Array [],
      "Location": Object {
        "Character": 0,
        "FileName": "./main.ts",
        "IsExternalPackage": false,
        "Line": 19,
      },
      "Members": Array [
        Object {
          "Alias": "a",
          "Ids": Array [
            "PropertySignature-1",
          ],
        },
      ],
      "Metadata": Object {
        "DocumentationComment": "",
        "JSDocTags": Array [],
      },
      "Name": "Bar",
      "ParentId": "SourceFile-0",
      "TypeParameters": Array [
        Object {
          "Alias": "T",
          "Ids": Array [
            "TypeParameter-3",
          ],
        },
      ],
      "_ts": undefined,
    },
    "ModuleDeclaration-0": Object {
      "ApiKind": "namespace",
      "Location": Object {
        "Character": 0,
        "FileName": "./main.ts",
        "IsExternalPackage": false,
        "Line": 0,
      },
      "Members": Array [],
      "Metadata": Object {
        "DocumentationComment": "",
        "JSDocTags": Array [],
      },
      "Name": "M",
      "ParentId": "SourceFile-0",
      "_ts": undefined,
    },
    "PropertyDeclaration-0": Object {
      "AccessModifier": "public",
      "ApiKind": "class-property",
      "IsAbstract": false,
      "IsOptional": false,
      "IsReadonly": false,
      "IsStatic": false,
      "Location": Object {
        "Character": 4,
        "FileName": "./main.ts",
        "IsExternalPackage": false,
        "Line": 12,
      },
      "Metadata": Object {
        "DocumentationComment": "",
        "JSDocTags": Array [],
      },
      "Name": "b",
      "ParentId": "ClassDeclaration-0",
      "Type": Object {
        "ApiTypeKind": "basic",
        "Location": Object {
          "Character": 14,
          "FileName": "./main.ts",
          "IsExternalPackage": false,
          "Line": 12,
        },
        "Text": "number",
      },
      "_ts": undefined,
    },
    "PropertyDeclaration-1": Object {
      "AccessModifier": "public",
      "ApiKind": "class-property",
      "IsAbstract": false,
      "IsOptional": false,
      "IsReadonly": false,
      "IsStatic": false,
      "Location": Object {
        "Character": 4,
        "FileName": "./main.ts",
        "IsExternalPackage": false,
        "Line": 16,
      },
      "Metadata": Object {
        "DocumentationComment": "",
        "JSDocTags": Array [],
      },
      "Name": "b",
      "ParentId": "ClassDeclaration-1",
      "Type": Object {
        "ApiTypeKind": "basic",
        "Location": Object {
          "Character": 14,
          "FileName": "./main.ts",
          "IsExternalPackage": false,
          "Line": 16,
        },
        "Text": "number",
      },
      "_ts": undefined,
    },
    "PropertySignature-0": Object {
      "ApiKind": "property",
      "IsOptional": false,
      "IsReadonly": false,
      "Location": Object {
        "Character": 4,
        "FileName": "./main.ts",
        "IsExternalPackage": false,
        "Line": 8,
      },
      "Metadata": Object {
        "DocumentationComment": "",
        "JSDocTags": Array [],
      },
      "Name": "a",
      "ParentId": "InterfaceDeclaration-0",
      "Type": Object {
        "ApiTypeKind": "basic",
        "Location": Object {
          "Character": 7,
          "FileName": "./main.ts",
          "IsExternalPackage": false,
          "Line": 8,
        },
        "Text": "string",
      },
      "_ts": undefined,
    },
    "PropertySignature-1": Object {
      "ApiKind": "property",
      "IsOptional": false,
      "IsReadonly": false,
      "Location": Object {
        "Character": 4,
        "FileName": "./main.ts",
        "IsExternalPackage": false,
        "Line": 20,
      },
      "Metadata": Object {
        "DocumentationComment": "",
        "JSDocTags": Array [],
      },
      "Name": "a",
      "ParentId": "InterfaceDeclaration-1",
      "Type": Object {
        "ApiTypeKind": "basic",
        "Location": Object {
          "Character": 7,
          "FileName": "./main.ts",
          "IsExternalPackage": false,
          "Line": 20,
        },
        "Text": "string",
      },
      "_ts": undefined,
    },
    "SourceFile-0": Object {
      "ApiKind": "source-file",
      "Location": Object {
        "Character": 0,
        "FileName": "./main.ts",
        "IsExternalPackage": false,
        "Line": 0,
      },
      "Members": Array [
        Object {
          "Alias": "M",
          "Ids": Array [
            "ModuleDeclaration-0",
          ],
        },
        Object {
          "Alias": "Foo",
          "Ids": Array [
            "InterfaceDeclaration-0",
            "ClassDeclaration-0",
          ],
        },
        Object {
          "Alias": "Bar",
          "Ids": Array [
            "ClassDeclaration-1",
            "InterfaceDeclaration-1",
          ],
        },
      ],
      "Metadata": Object {
        "DocumentationComment": "",
        "JSDocTags": Array [],
      },
      "Name": "main.ts",
      "ParentId": undefined,
      "_ts": undefined,
    },
    "TypeParameter-0": Object {
      "ApiKind": "type-parameter",
      "ConstraintType": undefined,
      "DefaultType": undefined,
      "Location": Object {
        "Character": 21,
        "FileName": "./main.ts",
        "IsExternalPackage": false,
        "Line": 7,
      },
      "Metadata": Object {
        "DocumentationComment": "",
        "JSDocTags": Array [],
      },
      "Name": "T",
      "ParentId": "InterfaceDeclaration-0",
      "_ts": undefined,
    },
    "TypeParameter-1": Object {
      "ApiKind": "type-parameter",
      "ConstraintType": undefined,
      "DefaultType": undefined,
      "Location": Object {
        "Character": 17,
        "FileName": "./main.ts",
        "IsExternalPackage": false,
        "Line": 11,
      },
      "Metadata": Object {
        "DocumentationComment": "",
        "JSDocTags": Array [],
      },
      "Name": "T",
      "ParentId": "ClassDeclaration-0",
      "_ts": undefined,
    },
    "TypeParameter-2": Object {
      "ApiKind": "type-parameter",
      "ConstraintType": undefined,
      "DefaultType": undefined,
      "Location": Object {
        "Character": 17,
        "FileName": "./main.ts",
        "IsExternalPackage": false,
        "Line": 15,
      },
      "Metadata": Object {
        "DocumentationComment": "",
        "JSDocTags": Array [],
      },
      "Name": "T",
      "ParentId": "ClassDeclaration-1",
      "_ts": undefined,
    },
    "TypeParameter-3": Object {
      "ApiKind": "type-parameter",
      "ConstraintType": undefined,
      "DefaultType": undefined,
      "Location": Object {
        "Character": 21,
        "FileName": "./main.ts",
        "IsExternalPackage": false,
        "Line": 19,
      },
      "Metadata": Object {
        "DocumentationComment": "",
        "JSDocTags": Array [],
      },
      "Name": "T",
      "ParentId": "InterfaceDeclaration-1",
      "_ts": undefined,
    },
  },
}
`;
