// Jest Snapshot v1, https://goo.gl/fbAQLP

exports[`NamespaceDeclaration2 1`] = `
Object {
  "EntryFiles": Array [
    "SourceFile-0",
  ],
  "Registry": Object {
    "ModuleDeclaration-0": Object {
      "ApiKind": "namespace",
      "Location": Object {
        "Character": 0,
        "FileName": "./cases/NamespaceDeclaration2.ts",
        "IsExternalPackage": false,
        "Line": 0,
      },
      "Members": Array [
        Object {
          "Alias": "Bar",
          "Ids": Array [
            "ModuleDeclaration-1",
          ],
        },
      ],
      "Metadata": Object {
        "DocumentationComment": "",
        "JSDocTags": Array [],
      },
      "Name": "Foo",
      "_ts": Object {
        "Kind": 233,
        "KindString": "ModuleDeclaration",
      },
    },
    "ModuleDeclaration-1": Object {
      "ApiKind": "namespace",
      "Location": Object {
        "Character": 4,
        "FileName": "./cases/NamespaceDeclaration2.ts",
        "IsExternalPackage": false,
        "Line": 1,
      },
      "Members": Array [],
      "Metadata": Object {
        "DocumentationComment": "",
        "JSDocTags": Array [],
      },
      "Name": "Bar",
      "_ts": Object {
        "Kind": 233,
        "KindString": "ModuleDeclaration",
      },
    },
    "SourceFile-0": Object {
      "ApiKind": "source-file",
      "Location": Object {
        "Character": 0,
        "FileName": "./cases/NamespaceDeclaration2.ts",
        "IsExternalPackage": false,
        "Line": 0,
      },
      "Members": Array [
        Object {
          "Alias": "Foo",
          "Ids": Array [
            "ModuleDeclaration-0",
          ],
        },
      ],
      "Metadata": Object {
        "DocumentationComment": "",
        "JSDocTags": Array [],
      },
      "Name": "NamespaceDeclaration2.ts",
      "_ts": Object {
        "Kind": 268,
        "KindString": "SourceFile",
      },
    },
  },
}
`;
