// Jest Snapshot v1, https://goo.gl/fbAQLP

exports[`ObjectLiteral1 1`] = `
Object {
  "EntryFiles": Array [
    "SourceFile-0",
  ],
  "Registry": Object {
    "ObjectLiteralExpression-0": Object {
      "ApiKind": "object-literal",
      "Location": Object {
        "Character": 34,
        "FileName": "./cases/ObjectLiteral1.ts",
        "IsExternalPackage": false,
        "Line": 0,
      },
      "Members": Array [
        Object {
          "Alias": "Property",
          "Ids": Array [
            "PropertyAssignment-0",
          ],
        },
      ],
      "Metadata": Object {
        "DocumentationComment": "",
        "JSDocTags": Array [],
      },
      "Name": "__object",
      "ParentId": "VariableDeclaration-0",
      "_ts": Object {
        "Kind": 178,
        "KindString": "ObjectLiteralExpression",
      },
    },
    "PropertyAssignment-0": Object {
      "ApiKind": "property",
      "IsOptional": false,
      "IsReadonly": false,
      "Location": Object {
        "Character": 36,
        "FileName": "./cases/ObjectLiteral1.ts",
        "IsExternalPackage": false,
        "Line": 0,
      },
      "Metadata": Object {
        "DocumentationComment": "",
        "JSDocTags": Array [],
      },
      "Name": "Property",
      "ParentId": "ObjectLiteralExpression-0",
      "Type": Object {
        "ApiTypeKind": "basic",
        "Location": Object {
          "Character": 36,
          "FileName": "./cases/ObjectLiteral1.ts",
          "IsExternalPackage": false,
          "Line": 0,
        },
        "Text": "string",
        "_ts": Object {
          "Kind": 136,
          "KindString": "StringKeyword",
        },
      },
      "_ts": Object {
        "Kind": 264,
        "KindString": "PropertyAssignment",
      },
    },
    "SourceFile-0": Object {
      "ApiKind": "source-file",
      "Location": Object {
        "Character": 0,
        "FileName": "./cases/ObjectLiteral1.ts",
        "IsExternalPackage": false,
        "Line": 0,
      },
      "Members": Array [
        Object {
          "Alias": "ObjectLiteralConst",
          "Ids": Array [
            "VariableDeclaration-0",
          ],
        },
      ],
      "Metadata": Object {
        "DocumentationComment": "",
        "JSDocTags": Array [],
      },
      "Name": "ObjectLiteral1.ts",
      "ParentId": undefined,
      "_ts": Object {
        "Kind": 268,
        "KindString": "SourceFile",
      },
    },
    "VariableDeclaration-0": Object {
      "ApiKind": "variable",
      "Location": Object {
        "Character": 13,
        "FileName": "./cases/ObjectLiteral1.ts",
        "IsExternalPackage": false,
        "Line": 0,
      },
      "Metadata": Object {
        "DocumentationComment": "",
        "JSDocTags": Array [],
      },
      "Name": "ObjectLiteralConst",
      "ParentId": undefined,
      "Type": Object {
        "ApiTypeKind": "type-literal",
        "Location": Object {
          "Character": 13,
          "FileName": "./cases/ObjectLiteral1.ts",
          "IsExternalPackage": false,
          "Line": 0,
        },
        "ReferenceId": "ObjectLiteralExpression-0",
        "Text": "{ Property: string; }",
        "_ts": Object {
          "Kind": 163,
          "KindString": "TypeLiteral",
        },
      },
      "VariableDeclarationType": "const",
      "_ts": Object {
        "Kind": 226,
        "KindString": "VariableDeclaration",
      },
    },
  },
}
`;
