// Jest Snapshot v1, https://goo.gl/fbAQLP

exports[`ParameterDeclaration2 1`] = `
Object {
  "EntryFiles": Array [
    Object {
      "ApiKind": "source-file",
      "Kind": 265,
      "KindString": "SourceFile",
      "Members": Array [
        Array [
          "FooFunction",
          Array [
            "FunctionDeclaration-0",
          ],
        ],
      ],
      "Name": "ParameterDeclaration2.ts",
      "Path": "./cases/ParameterDeclaration2.ts",
    },
  ],
  "Registry": Object {
    "FunctionDeclaration-0": Object {
      "ApiKind": "function",
      "IsAsync": false,
      "Kind": 228,
      "KindString": "FunctionDeclaration",
      "Location": Object {
        "Character": 0,
        "FileName": "./cases/ParameterDeclaration2.ts",
        "Line": 2,
      },
      "Metadata": Object {
        "DocumentationComment": Array [],
        "JSDocTags": Array [],
      },
      "Name": "FooFunction",
      "Parameters": Array [
        Array [
          "bar",
          Array [
            "Parameter-0",
          ],
        ],
      ],
      "ReturnType": Object {
        "ApiTypeKind": "basic",
        "Flags": 1024,
        "FlagsString": "Void",
        "Generics": undefined,
        "Name": undefined,
        "Text": "void",
      },
      "TypeParameters": Array [],
    },
    "Parameter-0": Object {
      "ApiKind": "parameter",
      "IsOptional": false,
      "IsSpread": true,
      "Kind": 146,
      "KindString": "Parameter",
      "Location": Object {
        "Character": 28,
        "FileName": "./cases/ParameterDeclaration2.ts",
        "Line": 2,
      },
      "Metadata": Object {
        "DocumentationComment": Array [],
        "JSDocTags": Array [],
      },
      "Name": "bar",
      "Type": Object {
        "ApiTypeKind": "basic",
        "Flags": 32768,
        "FlagsString": "Object",
        "Generics": Array [
          Object {
            "ApiTypeKind": "basic",
            "Flags": 2,
            "FlagsString": "String",
            "Generics": undefined,
            "Name": undefined,
            "Text": "string",
          },
        ],
        "Name": "Array",
        "Text": "string[]",
      },
    },
  },
}
`;
