// Jest Snapshot v1, https://goo.gl/fbAQLP

exports[`ParameterDeclaration1 1`] = `
Object {
  "EntryFiles": Array [
    Object {
      "ApiKind": "source-file",
      "Kind": 268,
      "KindString": "SourceFile",
      "Members": Array [
        Array [
          "FooFunction",
          Array [
            "FunctionDeclaration-0",
          ],
        ],
      ],
      "Metadata": Object {
        "DocumentationComment": "",
        "JSDocTags": Array [],
      },
      "Name": "ParameterDeclaration1.ts",
      "Path": "./cases/ParameterDeclaration1.ts",
    },
  ],
  "Registry": Object {
    "FunctionDeclaration-0": Object {
      "ApiKind": "function",
      "IsAsync": false,
      "IsOverloadBase": false,
      "Kind": 228,
      "KindString": "FunctionDeclaration",
      "Location": Object {
        "Character": 0,
        "FileName": "./cases/ParameterDeclaration1.ts",
        "Line": 2,
      },
      "Metadata": Object {
        "DocumentationComment": "",
        "JSDocTags": Array [],
      },
      "Name": "FooFunction",
      "Parameters": Array [
        Array [
          "bar",
          Array [
            "Parameter-0",
          ],
        ],
      ],
      "ReturnType": Object {
        "ApiTypeKind": "basic",
        "Flags": 1024,
        "FlagsString": "Void",
        "Generics": undefined,
        "Name": undefined,
        "ReferenceId": undefined,
        "Text": "void",
      },
      "TypeParameters": Array [],
    },
    "Parameter-0": Object {
      "ApiKind": "parameter",
      "IsOptional": true,
      "IsSpread": false,
      "Kind": 146,
      "KindString": "Parameter",
      "Location": Object {
        "Character": 28,
        "FileName": "./cases/ParameterDeclaration1.ts",
        "Line": 2,
      },
      "Metadata": Object {
        "DocumentationComment": "",
        "JSDocTags": Array [],
      },
      "Name": "bar",
      "Type": Object {
        "ApiTypeKind": "union",
        "Flags": 65544,
        "FlagsString": undefined,
        "Name": undefined,
        "ReferenceId": undefined,
        "Text": "boolean",
        "Types": Array [
          Object {
            "ApiTypeKind": "basic",
            "Flags": 128,
            "FlagsString": "BooleanLiteral",
            "Generics": undefined,
            "Name": undefined,
            "ReferenceId": undefined,
            "Text": "true",
          },
          Object {
            "ApiTypeKind": "basic",
            "Flags": 128,
            "FlagsString": "BooleanLiteral",
            "Generics": undefined,
            "Name": undefined,
            "ReferenceId": undefined,
            "Text": "false",
          },
        ],
      },
    },
  },
}
`;
