// Jest Snapshot v1, https://goo.gl/fbAQLP

exports[`PropertyDeclaration4 1`] = `
Object {
  "EntryFiles": Array [
    Object {
      "ApiKind": "source-file",
      "Kind": 265,
      "KindString": "SourceFile",
      "Members": Object {
        "A": "InterfaceDeclaration-0",
        "a": "VariableDeclaration-0",
        "z": "VariableDeclaration-1",
      },
      "Metadata": Object {
        "DocumentationComment": Array [],
        "JSDocTags": Array [],
      },
      "Name": "PropertyDeclaration4.ts",
      "Path": "cases/PropertyDeclaration4.ts",
    },
  ],
  "Registry": Object {
    "InterfaceDeclaration-0": Object {
      "ApiKind": "interface",
      "Extends": Array [],
      "Kind": 230,
      "KindString": "InterfaceDeclaration",
      "Members": Object {
        "b": "PropertySignature-0",
      },
      "Metadata": Object {
        "DocumentationComment": Array [],
        "JSDocTags": Array [],
      },
      "Name": "A",
      "TypeParameters": Object {},
    },
    "PropertySignature-0": Object {
      "ApiKind": "property",
      "Kind": 148,
      "KindString": "PropertySignature",
      "Metadata": Object {
        "DocumentationComment": Array [],
        "JSDocTags": Array [],
      },
      "Name": "b",
      "Type": Object {
        "ApiTypeKind": "basic",
        "Flags": 2,
        "FlagsString": "String",
        "Generics": undefined,
        "Name": undefined,
        "Text": "string",
      },
    },
    "VariableDeclaration-0": Object {
      "ApiKind": "variable",
      "Kind": 226,
      "KindString": "VariableDeclaration",
      "Metadata": Object {
        "DocumentationComment": Array [],
        "JSDocTags": Array [],
      },
      "Name": "a",
      "Type": Object {
        "ApiTypeKind": "reference",
        "Generics": undefined,
        "Name": "A",
        "ReferenceId": "InterfaceDeclaration-0",
        "Text": "A",
      },
    },
    "VariableDeclaration-1": Object {
      "ApiKind": "variable",
      "Kind": 226,
      "KindString": "VariableDeclaration",
      "Metadata": Object {
        "DocumentationComment": Array [],
        "JSDocTags": Array [],
      },
      "Name": "z",
      "Type": Object {
        "ApiTypeKind": "reference",
        "Generics": undefined,
        "Name": "A",
        "ReferenceId": "InterfaceDeclaration-0",
        "Text": "A",
      },
    },
  },
}
`;
