// Jest Snapshot v1, https://goo.gl/fbAQLP

exports[`PropertyDeclaration1 1`] = `
Object {
  "EntryFiles": Array [
    Object {
      "ApiType": "source-file",
      "FileName": "D:/Packages/quatrodev/ts-extractor/tests/cases/PropertyDeclaration1.ts",
      "Kind": 265,
      "KindString": "SourceFile",
      "Members": Object {
        "FOO": "VariableDeclaration-0",
      },
      "Name": "D:/Packages/quatrodev/ts-extractor/tests/cases/PropertyDeclaration1.ts",
    },
  ],
  "Registry": Object {
    "VariableDeclaration-0": Object {
      "ApiType": "variable",
      "Kind": 226,
      "KindString": "VariableDeclaration",
      "Name": "FOO",
      "Type": "undefined",
    },
  },
}
`;
