// Jest Snapshot v1, https://goo.gl/fbAQLP

exports[`TypeAliasDeclaration2 1`] = `
Object {
  "EntryFiles": Array [
    "SourceFile-0",
  ],
  "Registry": Object {
    "PropertySignature-0": Object {
      "ApiKind": "property",
      "IsOptional": false,
      "IsReadonly": false,
      "Location": Object {
        "Character": 4,
        "FileName": "./cases/TypeAliasDeclaration2.ts",
        "IsExternalPackage": false,
        "Line": 1,
      },
      "Metadata": Object {
        "DocumentationComment": "",
        "JSDocTags": Array [],
      },
      "Name": "BarName",
      "Type": Object {
        "ApiTypeKind": "basic",
        "Flags": 2,
        "FlagsString": "String",
        "Generics": undefined,
        "Name": undefined,
        "ReferenceId": undefined,
        "Text": "string",
      },
      "_ts": Object {
        "Kind": 148,
        "KindString": "PropertySignature",
      },
    },
    "PropertySignature-1": Object {
      "ApiKind": "property",
      "IsOptional": false,
      "IsReadonly": false,
      "Location": Object {
        "Character": 4,
        "FileName": "./cases/TypeAliasDeclaration2.ts",
        "IsExternalPackage": false,
        "Line": 2,
      },
      "Metadata": Object {
        "DocumentationComment": "",
        "JSDocTags": Array [],
      },
      "Name": "FooName",
      "Type": Object {
        "ApiTypeKind": "basic",
        "Flags": 2,
        "FlagsString": "String",
        "Generics": undefined,
        "Name": undefined,
        "ReferenceId": undefined,
        "Text": "string",
      },
      "_ts": Object {
        "Kind": 148,
        "KindString": "PropertySignature",
      },
    },
    "PropertySignature-2": Object {
      "ApiKind": "property",
      "IsOptional": false,
      "IsReadonly": false,
      "Location": Object {
        "Character": 4,
        "FileName": "./cases/TypeAliasDeclaration2.ts",
        "IsExternalPackage": false,
        "Line": 6,
      },
      "Metadata": Object {
        "DocumentationComment": "",
        "JSDocTags": Array [],
      },
      "Name": "BarName",
      "Type": Object {
        "ApiTypeKind": "basic",
        "Flags": 2,
        "FlagsString": "String",
        "Generics": undefined,
        "Name": undefined,
        "ReferenceId": undefined,
        "Text": "string",
      },
      "_ts": Object {
        "Kind": 148,
        "KindString": "PropertySignature",
      },
    },
    "PropertySignature-3": Object {
      "ApiKind": "property",
      "IsOptional": false,
      "IsReadonly": false,
      "Location": Object {
        "Character": 4,
        "FileName": "./cases/TypeAliasDeclaration2.ts",
        "IsExternalPackage": false,
        "Line": 7,
      },
      "Metadata": Object {
        "DocumentationComment": "",
        "JSDocTags": Array [],
      },
      "Name": "BazName",
      "Type": Object {
        "ApiTypeKind": "basic",
        "Flags": 2,
        "FlagsString": "String",
        "Generics": undefined,
        "Name": undefined,
        "ReferenceId": undefined,
        "Text": "string",
      },
      "_ts": Object {
        "Kind": 148,
        "KindString": "PropertySignature",
      },
    },
    "SourceFile-0": Object {
      "ApiKind": "source-file",
      "Location": Object {
        "Character": 0,
        "FileName": "./cases/TypeAliasDeclaration2.ts",
        "IsExternalPackage": false,
        "Line": 0,
      },
      "Members": Array [
        Object {
          "Alias": "OneCommonField1",
          "Ids": Array [
            "TypeAliasDeclaration-0",
          ],
        },
        Object {
          "Alias": "OneCommonField2",
          "Ids": Array [
            "TypeAliasDeclaration-1",
          ],
        },
        Object {
          "Alias": "OneCommonFieldTypeIntersection",
          "Ids": Array [
            "TypeAliasDeclaration-2",
          ],
        },
      ],
      "Metadata": Object {
        "DocumentationComment": "",
        "JSDocTags": Array [],
      },
      "Name": "TypeAliasDeclaration2.ts",
      "_ts": Object {
        "Kind": 268,
        "KindString": "SourceFile",
      },
    },
    "TypeAliasDeclaration-0": Object {
      "ApiKind": "type",
      "Location": Object {
        "Character": 0,
        "FileName": "./cases/TypeAliasDeclaration2.ts",
        "IsExternalPackage": false,
        "Line": 0,
      },
      "Metadata": Object {
        "DocumentationComment": "",
        "JSDocTags": Array [],
      },
      "Name": "OneCommonField1",
      "Type": Object {
        "ApiTypeKind": "basic",
        "Flags": 32768,
        "FlagsString": "Object",
        "Generics": undefined,
        "Name": "__type",
        "ReferenceId": "TypeLiteral-0",
        "Text": "OneCommonField1",
      },
      "TypeParameters": Array [],
      "_ts": Object {
        "Kind": 231,
        "KindString": "TypeAliasDeclaration",
      },
    },
    "TypeAliasDeclaration-1": Object {
      "ApiKind": "type",
      "Location": Object {
        "Character": 0,
        "FileName": "./cases/TypeAliasDeclaration2.ts",
        "IsExternalPackage": false,
        "Line": 5,
      },
      "Metadata": Object {
        "DocumentationComment": "",
        "JSDocTags": Array [],
      },
      "Name": "OneCommonField2",
      "Type": Object {
        "ApiTypeKind": "basic",
        "Flags": 32768,
        "FlagsString": "Object",
        "Generics": undefined,
        "Name": "__type",
        "ReferenceId": "TypeLiteral-1",
        "Text": "OneCommonField2",
      },
      "TypeParameters": Array [],
      "_ts": Object {
        "Kind": 231,
        "KindString": "TypeAliasDeclaration",
      },
    },
    "TypeAliasDeclaration-2": Object {
      "ApiKind": "type",
      "Location": Object {
        "Character": 0,
        "FileName": "./cases/TypeAliasDeclaration2.ts",
        "IsExternalPackage": false,
        "Line": 10,
      },
      "Metadata": Object {
        "DocumentationComment": "",
        "JSDocTags": Array [],
      },
      "Name": "OneCommonFieldTypeIntersection",
      "Type": Object {
        "ApiTypeKind": "union",
        "Flags": 65536,
        "FlagsString": "Union",
        "Name": undefined,
        "ReferenceId": undefined,
        "Text": "OneCommonFieldTypeIntersection",
        "Types": Array [
          Object {
            "ApiTypeKind": "basic",
            "Flags": 32768,
            "FlagsString": "Object",
            "Generics": undefined,
            "Name": "OneCommonField1",
            "ReferenceId": "TypeAliasDeclaration-0",
            "Text": "OneCommonField1",
          },
          Object {
            "ApiTypeKind": "basic",
            "Flags": 32768,
            "FlagsString": "Object",
            "Generics": undefined,
            "Name": "OneCommonField2",
            "ReferenceId": "TypeAliasDeclaration-1",
            "Text": "OneCommonField2",
          },
        ],
      },
      "TypeParameters": Array [],
      "_ts": Object {
        "Kind": 231,
        "KindString": "TypeAliasDeclaration",
      },
    },
    "TypeLiteral-0": Object {
      "ApiKind": "type-literal",
      "Location": Object {
        "Character": 30,
        "FileName": "./cases/TypeAliasDeclaration2.ts",
        "IsExternalPackage": false,
        "Line": 0,
      },
      "Members": Array [
        Object {
          "Alias": "BarName",
          "Ids": Array [
            "PropertySignature-0",
          ],
        },
        Object {
          "Alias": "FooName",
          "Ids": Array [
            "PropertySignature-1",
          ],
        },
      ],
      "Metadata": Object {
        "DocumentationComment": "",
        "JSDocTags": Array [],
      },
      "Name": "__type",
      "_ts": Object {
        "Kind": 163,
        "KindString": "TypeLiteral",
      },
    },
    "TypeLiteral-1": Object {
      "ApiKind": "type-literal",
      "Location": Object {
        "Character": 30,
        "FileName": "./cases/TypeAliasDeclaration2.ts",
        "IsExternalPackage": false,
        "Line": 5,
      },
      "Members": Array [
        Object {
          "Alias": "BarName",
          "Ids": Array [
            "PropertySignature-2",
          ],
        },
        Object {
          "Alias": "BazName",
          "Ids": Array [
            "PropertySignature-3",
          ],
        },
      ],
      "Metadata": Object {
        "DocumentationComment": "",
        "JSDocTags": Array [],
      },
      "Name": "__type",
      "_ts": Object {
        "Kind": 163,
        "KindString": "TypeLiteral",
      },
    },
  },
}
`;
