// Jest Snapshot v1, https://goo.gl/fbAQLP

exports[`TypeAliasDeclaration4 1`] = `
Object {
  "EntryFiles": Array [
    "SourceFile-0",
  ],
  "Registry": Object {
    "PropertySignature-0": Object {
      "ApiKind": "property",
      "IsOptional": false,
      "IsReadonly": false,
      "Location": Object {
        "Character": 4,
        "FileName": "./cases/TypeAliasDeclaration4.ts",
        "IsExternalPackage": false,
        "Line": 1,
      },
      "Metadata": Object {
        "DocumentationComment": "",
        "JSDocTags": Array [],
      },
      "Name": "Name",
      "Type": Object {
        "ApiTypeKind": "basic",
        "Text": "string",
        "_ts": Object {
          "Kind": 136,
          "KindString": "StringKeyword",
        },
      },
      "_ts": Object {
        "Kind": 148,
        "KindString": "PropertySignature",
      },
    },
    "SourceFile-0": Object {
      "ApiKind": "source-file",
      "Location": Object {
        "Character": 0,
        "FileName": "./cases/TypeAliasDeclaration4.ts",
        "IsExternalPackage": false,
        "Line": 0,
      },
      "Members": Array [
        Object {
          "Alias": "User",
          "Ids": Array [
            "TypeAliasDeclaration-0",
          ],
        },
        Object {
          "Alias": "ReadonlyUser",
          "Ids": Array [
            "TypeAliasDeclaration-1",
          ],
        },
      ],
      "Metadata": Object {
        "DocumentationComment": "",
        "JSDocTags": Array [],
      },
      "Name": "TypeAliasDeclaration4.ts",
      "_ts": Object {
        "Kind": 268,
        "KindString": "SourceFile",
      },
    },
    "TypeAliasDeclaration-0": Object {
      "ApiKind": "type-alias",
      "Location": Object {
        "Character": 0,
        "FileName": "./cases/TypeAliasDeclaration4.ts",
        "IsExternalPackage": false,
        "Line": 0,
      },
      "Metadata": Object {
        "DocumentationComment": "",
        "JSDocTags": Array [],
      },
      "Name": "User",
      "Type": Object {
        "ApiTypeKind": "type-literal",
        "ReferenceId": "TypeLiteral-0",
        "Text": "User",
        "_ts": Object {
          "Kind": 163,
          "KindString": "TypeLiteral",
        },
      },
      "TypeParameters": Array [],
      "_ts": Object {
        "Kind": 231,
        "KindString": "TypeAliasDeclaration",
      },
    },
    "TypeAliasDeclaration-1": Object {
      "ApiKind": "type-alias",
      "Location": Object {
        "Character": 0,
        "FileName": "./cases/TypeAliasDeclaration4.ts",
        "IsExternalPackage": false,
        "Line": 4,
      },
      "Metadata": Object {
        "DocumentationComment": "",
        "JSDocTags": Array [],
      },
      "Name": "ReadonlyUser",
      "Type": Object {
        "ApiTypeKind": "reference",
        "ReferenceId": undefined,
        "SymbolName": "Readonly",
        "Text": "Readonly<User>",
        "TypeParameters": Array [
          Object {
            "ApiTypeKind": "reference",
            "ReferenceId": "TypeAliasDeclaration-0",
            "SymbolName": "User",
            "Text": "User",
            "TypeParameters": undefined,
            "_ts": Object {
              "Kind": 159,
              "KindString": "TypeReference",
            },
          },
        ],
        "_ts": Object {
          "Kind": 159,
          "KindString": "TypeReference",
        },
      },
      "TypeParameters": Array [],
      "_ts": Object {
        "Kind": 231,
        "KindString": "TypeAliasDeclaration",
      },
    },
    "TypeLiteral-0": Object {
      "ApiKind": "type-literal",
      "Location": Object {
        "Character": 19,
        "FileName": "./cases/TypeAliasDeclaration4.ts",
        "IsExternalPackage": false,
        "Line": 0,
      },
      "Members": Array [
        Object {
          "Alias": "Name",
          "Ids": Array [
            "PropertySignature-0",
          ],
        },
      ],
      "Metadata": Object {
        "DocumentationComment": "",
        "JSDocTags": Array [],
      },
      "Name": "__type",
      "_ts": Object {
        "Kind": 163,
        "KindString": "TypeLiteral",
      },
    },
  },
}
`;
