// Jest Snapshot v1, https://goo.gl/fbAQLP

exports[`TypeAliasDeclaration2 1`] = `
Object {
  "EntryFiles": Array [
    Object {
      "ApiKind": "source-file",
      "Kind": 265,
      "KindString": "SourceFile",
      "Members": Array [
        Array [
          "OneCommonField1",
          Array [
            "TypeAliasDeclaration-0",
          ],
        ],
        Array [
          "OneCommonField2",
          Array [
            "TypeAliasDeclaration-1",
          ],
        ],
        Array [
          "OneCommonFieldTypeIntersection",
          Array [
            "TypeAliasDeclaration-2",
          ],
        ],
      ],
      "Name": "TypeAliasDeclaration2.ts",
      "Path": "./cases/TypeAliasDeclaration2.ts",
    },
  ],
  "Registry": Object {
    "PropertySignature-0": Object {
      "ApiKind": "property",
      "IsOptional": false,
      "Kind": 148,
      "KindString": "PropertySignature",
      "Location": Object {
        "Character": 4,
        "FileName": "./cases/TypeAliasDeclaration2.ts",
        "Line": 1,
      },
      "Metadata": Object {
        "DocumentationComment": Array [],
        "JSDocTags": Array [],
      },
      "Name": "BarName",
      "Type": Object {
        "ApiTypeKind": "basic",
        "Flags": 2,
        "FlagsString": "String",
        "Generics": undefined,
        "Name": undefined,
        "Text": "string",
      },
    },
    "PropertySignature-1": Object {
      "ApiKind": "property",
      "IsOptional": false,
      "Kind": 148,
      "KindString": "PropertySignature",
      "Location": Object {
        "Character": 4,
        "FileName": "./cases/TypeAliasDeclaration2.ts",
        "Line": 2,
      },
      "Metadata": Object {
        "DocumentationComment": Array [],
        "JSDocTags": Array [],
      },
      "Name": "FooName",
      "Type": Object {
        "ApiTypeKind": "basic",
        "Flags": 2,
        "FlagsString": "String",
        "Generics": undefined,
        "Name": undefined,
        "Text": "string",
      },
    },
    "PropertySignature-2": Object {
      "ApiKind": "property",
      "IsOptional": false,
      "Kind": 148,
      "KindString": "PropertySignature",
      "Location": Object {
        "Character": 4,
        "FileName": "./cases/TypeAliasDeclaration2.ts",
        "Line": 6,
      },
      "Metadata": Object {
        "DocumentationComment": Array [],
        "JSDocTags": Array [],
      },
      "Name": "BarName",
      "Type": Object {
        "ApiTypeKind": "basic",
        "Flags": 2,
        "FlagsString": "String",
        "Generics": undefined,
        "Name": undefined,
        "Text": "string",
      },
    },
    "PropertySignature-3": Object {
      "ApiKind": "property",
      "IsOptional": false,
      "Kind": 148,
      "KindString": "PropertySignature",
      "Location": Object {
        "Character": 4,
        "FileName": "./cases/TypeAliasDeclaration2.ts",
        "Line": 7,
      },
      "Metadata": Object {
        "DocumentationComment": Array [],
        "JSDocTags": Array [],
      },
      "Name": "BazName",
      "Type": Object {
        "ApiTypeKind": "basic",
        "Flags": 2,
        "FlagsString": "String",
        "Generics": undefined,
        "Name": undefined,
        "Text": "string",
      },
    },
    "TypeAliasDeclaration-0": Object {
      "ApiKind": "type",
      "Kind": 231,
      "KindString": "TypeAliasDeclaration",
      "Location": Object {
        "Character": 0,
        "FileName": "./cases/TypeAliasDeclaration2.ts",
        "Line": 0,
      },
      "Metadata": Object {
        "DocumentationComment": Array [],
        "JSDocTags": Array [],
      },
      "Name": "OneCommonField1",
      "Type": Object {
        "ApiTypeKind": "reference",
        "Generics": undefined,
        "Name": "__type",
        "ReferenceId": "TypeLiteral-0",
        "Text": "OneCommonField1",
      },
      "TypeParameters": Array [],
    },
    "TypeAliasDeclaration-1": Object {
      "ApiKind": "type",
      "Kind": 231,
      "KindString": "TypeAliasDeclaration",
      "Location": Object {
        "Character": 0,
        "FileName": "./cases/TypeAliasDeclaration2.ts",
        "Line": 5,
      },
      "Metadata": Object {
        "DocumentationComment": Array [],
        "JSDocTags": Array [],
      },
      "Name": "OneCommonField2",
      "Type": Object {
        "ApiTypeKind": "reference",
        "Generics": undefined,
        "Name": "__type",
        "ReferenceId": "TypeLiteral-1",
        "Text": "OneCommonField2",
      },
      "TypeParameters": Array [],
    },
    "TypeAliasDeclaration-2": Object {
      "ApiKind": "type",
      "Kind": 231,
      "KindString": "TypeAliasDeclaration",
      "Location": Object {
        "Character": 0,
        "FileName": "./cases/TypeAliasDeclaration2.ts",
        "Line": 10,
      },
      "Metadata": Object {
        "DocumentationComment": Array [],
        "JSDocTags": Array [],
      },
      "Name": "OneCommonFieldTypeIntersection",
      "Type": Object {
        "ApiTypeKind": "union",
        "Flags": 65536,
        "FlagsString": "Union",
        "Name": undefined,
        "Text": "OneCommonFieldTypeIntersection",
        "Types": Array [
          Object {
            "ApiTypeKind": "reference",
            "Generics": undefined,
            "Name": "__type",
            "ReferenceId": "TypeLiteral-0",
            "Text": "OneCommonField1",
          },
          Object {
            "ApiTypeKind": "reference",
            "Generics": undefined,
            "Name": "__type",
            "ReferenceId": "TypeLiteral-1",
            "Text": "OneCommonField2",
          },
        ],
      },
      "TypeParameters": Array [],
    },
    "TypeLiteral-0": Object {
      "ApiKind": "type-literal",
      "Kind": 163,
      "KindString": "TypeLiteral",
      "Location": Object {
        "Character": 30,
        "FileName": "./cases/TypeAliasDeclaration2.ts",
        "Line": 0,
      },
      "Members": Array [
        Array [
          "BarName",
          Array [
            "PropertySignature-0",
          ],
        ],
        Array [
          "FooName",
          Array [
            "PropertySignature-1",
          ],
        ],
      ],
      "Metadata": Object {
        "DocumentationComment": Array [],
        "JSDocTags": Array [],
      },
      "Name": "__type",
    },
    "TypeLiteral-1": Object {
      "ApiKind": "type-literal",
      "Kind": 163,
      "KindString": "TypeLiteral",
      "Location": Object {
        "Character": 30,
        "FileName": "./cases/TypeAliasDeclaration2.ts",
        "Line": 5,
      },
      "Members": Array [
        Array [
          "BarName",
          Array [
            "PropertySignature-2",
          ],
        ],
        Array [
          "BazName",
          Array [
            "PropertySignature-3",
          ],
        ],
      ],
      "Metadata": Object {
        "DocumentationComment": Array [],
        "JSDocTags": Array [],
      },
      "Name": "__type",
    },
  },
}
`;
