// Jest Snapshot v1, https://goo.gl/fbAQLP

exports[`TypeParameterDeclaration3 1`] = `
Object {
  "EntryFiles": Array [
    "SourceFile-0",
  ],
  "Registry": Object {
    "FunctionDeclaration-0": Object {
      "ApiKind": "function",
      "IsAsync": false,
      "IsOverloadBase": false,
      "Kind": 228,
      "KindString": "FunctionDeclaration",
      "Location": Object {
        "Character": 0,
        "FileName": "./cases/TypeParameterDeclaration3.ts",
        "IsExternalPackage": false,
        "Line": 0,
      },
      "Metadata": Object {
        "DocumentationComment": "",
        "JSDocTags": Array [],
      },
      "Name": "Foo",
      "Parameters": Array [
        Object {
          "Alias": "a",
          "Ids": Array [
            "Parameter-0",
          ],
        },
      ],
      "ReturnType": Object {
        "ApiTypeKind": "basic",
        "Flags": 1024,
        "FlagsString": "Void",
        "Generics": undefined,
        "Name": undefined,
        "ReferenceId": undefined,
        "Text": "void",
      },
      "TypeParameters": Array [
        Object {
          "Alias": "TValue",
          "Ids": Array [
            "TypeParameter-0",
          ],
        },
      ],
    },
    "Parameter-0": Object {
      "ApiKind": "parameter",
      "IsOptional": false,
      "IsSpread": false,
      "Kind": 146,
      "KindString": "Parameter",
      "Location": Object {
        "Character": 48,
        "FileName": "./cases/TypeParameterDeclaration3.ts",
        "IsExternalPackage": false,
        "Line": 0,
      },
      "Metadata": Object {
        "DocumentationComment": "",
        "JSDocTags": Array [],
      },
      "Name": "a",
      "Type": Object {
        "ApiTypeKind": "type-parameter",
        "Flags": 16384,
        "FlagsString": "TypeParameter",
        "Generics": undefined,
        "Name": "TValue",
        "ReferenceId": "TypeParameter-0",
        "Text": "TValue",
      },
    },
    "SourceFile-0": Object {
      "ApiKind": "source-file",
      "Kind": 268,
      "KindString": "SourceFile",
      "Location": Object {
        "Character": 0,
        "FileName": "./cases/TypeParameterDeclaration3.ts",
        "IsExternalPackage": false,
        "Line": 0,
      },
      "Members": Array [
        Object {
          "Alias": "Foo",
          "Ids": Array [
            "FunctionDeclaration-0",
          ],
        },
      ],
      "Metadata": Object {
        "DocumentationComment": "",
        "JSDocTags": Array [],
      },
      "Name": "TypeParameterDeclaration3.ts",
    },
    "TypeParameter-0": Object {
      "ApiKind": "type-parameter",
      "ConstraintType": Object {
        "ApiTypeKind": "basic",
        "Flags": 32768,
        "FlagsString": "Object",
        "Generics": undefined,
        "Name": "Date",
        "ReferenceId": undefined,
        "Text": "Date",
      },
      "DefaultType": Object {
        "ApiTypeKind": "basic",
        "Flags": 32768,
        "FlagsString": "Object",
        "Generics": undefined,
        "Name": "Date",
        "ReferenceId": undefined,
        "Text": "Date",
      },
      "Kind": 145,
      "KindString": "TypeParameter",
      "Location": Object {
        "Character": 20,
        "FileName": "./cases/TypeParameterDeclaration3.ts",
        "IsExternalPackage": false,
        "Line": 0,
      },
      "Metadata": Object {
        "DocumentationComment": "",
        "JSDocTags": Array [],
      },
      "Name": "TValue",
    },
  },
}
`;
