// Jest Snapshot v1, https://goo.gl/fbAQLP

exports[`TypeAliasDeclaration7 1`] = `
Object {
  "EntryFiles": Array [
    "SourceFile-0",
  ],
  "Registry": Object {
    "SourceFile-0": Object {
      "ApiKind": "source-file",
      "Location": Object {
        "Character": 0,
        "FileName": "./cases/TypeAliasDeclaration7.ts",
        "IsExternalPackage": false,
        "Line": 0,
      },
      "Members": Array [
        Object {
          "Alias": "Foo",
          "Ids": Array [
            "TypeAliasDeclaration-0",
          ],
        },
      ],
      "Metadata": Object {
        "DocumentationComment": "",
        "JSDocTags": Array [],
      },
      "Name": "TypeAliasDeclaration7.ts",
      "ParentId": undefined,
      "_ts": Object {
        "Kind": 268,
        "KindString": "SourceFile",
      },
    },
    "TypeAliasDeclaration-0": Object {
      "ApiKind": "type-alias",
      "Location": Object {
        "Character": 0,
        "FileName": "./cases/TypeAliasDeclaration7.ts",
        "IsExternalPackage": false,
        "Line": 0,
      },
      "Metadata": Object {
        "DocumentationComment": "",
        "JSDocTags": Array [],
      },
      "Name": "Foo",
      "ParentId": "SourceFile-0",
      "Type": Object {
        "ApiTypeKind": "array",
        "Location": Object {
          "Character": 18,
          "FileName": "./cases/TypeAliasDeclaration7.ts",
          "IsExternalPackage": false,
          "Line": 0,
        },
        "Text": "(string | number)[]",
        "Type": Object {
          "ApiTypeKind": "parenthesized",
          "Location": Object {
            "Character": 18,
            "FileName": "./cases/TypeAliasDeclaration7.ts",
            "IsExternalPackage": false,
            "Line": 0,
          },
          "Text": "string | number",
          "Type": Object {
            "ApiTypeKind": "union",
            "Location": Object {
              "Character": 19,
              "FileName": "./cases/TypeAliasDeclaration7.ts",
              "IsExternalPackage": false,
              "Line": 0,
            },
            "Members": Array [
              Object {
                "ApiTypeKind": "basic",
                "Location": Object {
                  "Character": 19,
                  "FileName": "./cases/TypeAliasDeclaration7.ts",
                  "IsExternalPackage": false,
                  "Line": 0,
                },
                "Text": "string",
                "_ts": Object {
                  "Kind": 136,
                  "KindString": "StringKeyword",
                },
              },
              Object {
                "ApiTypeKind": "basic",
                "Location": Object {
                  "Character": 28,
                  "FileName": "./cases/TypeAliasDeclaration7.ts",
                  "IsExternalPackage": false,
                  "Line": 0,
                },
                "Text": "number",
                "_ts": Object {
                  "Kind": 133,
                  "KindString": "NumberKeyword",
                },
              },
            ],
            "Text": "string | number",
            "_ts": Object {
              "Kind": 166,
              "KindString": "UnionType",
            },
          },
          "_ts": Object {
            "Kind": 168,
            "KindString": "ParenthesizedType",
          },
        },
        "_ts": Object {
          "Kind": 164,
          "KindString": "ArrayType",
        },
      },
      "TypeParameters": Array [],
      "_ts": Object {
        "Kind": 231,
        "KindString": "TypeAliasDeclaration",
      },
    },
  },
}
`;
