// Jest Snapshot v1, https://goo.gl/fbAQLP

exports[`TypeParameterDeclaration3 1`] = `
Object {
  "EntryFiles": Array [
    "SourceFile-0",
  ],
  "Registry": Object {
    "FunctionDeclaration-0": Object {
      "ApiKind": "function",
      "IsAsync": false,
      "IsOverloadBase": false,
      "Location": Object {
        "Character": 0,
        "FileName": "./cases/TypeParameterDeclaration3.ts",
        "IsExternalPackage": false,
        "Line": 0,
      },
      "Metadata": Object {
        "DocumentationComment": "",
        "JSDocTags": Array [],
      },
      "Name": "Foo",
      "Parameters": Array [
        Object {
          "Alias": "a",
          "Ids": Array [
            "Parameter-0",
          ],
        },
      ],
      "ParentId": "SourceFile-0",
      "ReturnType": Object {
        "ApiTypeKind": "basic",
        "Location": Object {
          "Character": 60,
          "FileName": "./cases/TypeParameterDeclaration3.ts",
          "IsExternalPackage": false,
          "Line": 0,
        },
        "Text": "void",
        "_ts": Object {
          "Kind": 105,
          "KindString": "VoidKeyword",
        },
      },
      "TypeParameters": Array [
        Object {
          "Alias": "TValue",
          "Ids": Array [
            "TypeParameter-0",
          ],
        },
      ],
      "_ts": Object {
        "Kind": 228,
        "KindString": "FunctionDeclaration",
      },
    },
    "Parameter-0": Object {
      "ApiKind": "parameter",
      "Initializer": undefined,
      "IsOptional": false,
      "IsSpread": false,
      "Location": Object {
        "Character": 48,
        "FileName": "./cases/TypeParameterDeclaration3.ts",
        "IsExternalPackage": false,
        "Line": 0,
      },
      "Metadata": Object {
        "DocumentationComment": "",
        "JSDocTags": Array [],
      },
      "Name": "a",
      "ParentId": "FunctionDeclaration-0",
      "Type": Object {
        "ApiTypeKind": "reference",
        "Location": Object {
          "Character": 51,
          "FileName": "./cases/TypeParameterDeclaration3.ts",
          "IsExternalPackage": false,
          "Line": 0,
        },
        "ReferenceId": "TypeParameter-0",
        "SymbolName": "TValue",
        "Text": "TValue",
        "TypeParameters": undefined,
        "_ts": Object {
          "Kind": 159,
          "KindString": "TypeReference",
        },
      },
      "_ts": Object {
        "Kind": 146,
        "KindString": "Parameter",
      },
    },
    "SourceFile-0": Object {
      "ApiKind": "source-file",
      "Location": Object {
        "Character": 0,
        "FileName": "./cases/TypeParameterDeclaration3.ts",
        "IsExternalPackage": false,
        "Line": 0,
      },
      "Members": Array [
        Object {
          "Alias": "Foo",
          "Ids": Array [
            "FunctionDeclaration-0",
          ],
        },
      ],
      "Metadata": Object {
        "DocumentationComment": "",
        "JSDocTags": Array [],
      },
      "Name": "TypeParameterDeclaration3.ts",
      "ParentId": undefined,
      "_ts": Object {
        "Kind": 268,
        "KindString": "SourceFile",
      },
    },
    "TypeParameter-0": Object {
      "ApiKind": "type-parameter",
      "ConstraintType": Object {
        "ApiTypeKind": "reference",
        "Location": Object {
          "Character": 35,
          "FileName": "./cases/TypeParameterDeclaration3.ts",
          "IsExternalPackage": false,
          "Line": 0,
        },
        "ReferenceId": undefined,
        "SymbolName": "Date",
        "Text": "Date",
        "TypeParameters": undefined,
        "_ts": Object {
          "Kind": 159,
          "KindString": "TypeReference",
        },
      },
      "DefaultType": Object {
        "ApiTypeKind": "reference",
        "Location": Object {
          "Character": 42,
          "FileName": "./cases/TypeParameterDeclaration3.ts",
          "IsExternalPackage": false,
          "Line": 0,
        },
        "ReferenceId": undefined,
        "SymbolName": "Date",
        "Text": "Date",
        "TypeParameters": undefined,
        "_ts": Object {
          "Kind": 159,
          "KindString": "TypeReference",
        },
      },
      "Location": Object {
        "Character": 20,
        "FileName": "./cases/TypeParameterDeclaration3.ts",
        "IsExternalPackage": false,
        "Line": 0,
      },
      "Metadata": Object {
        "DocumentationComment": "",
        "JSDocTags": Array [],
      },
      "Name": "TValue",
      "ParentId": "FunctionDeclaration-0",
      "_ts": Object {
        "Kind": 145,
        "KindString": "TypeParameter",
      },
    },
  },
}
`;
