// Jest Snapshot v1, https://goo.gl/fbAQLP

exports[`TypeAliasDeclaration1 1`] = `
Object {
  "EntryFiles": Array [
    Object {
      "ApiKind": "source-file",
      "Kind": 268,
      "KindString": "SourceFile",
      "Members": Array [
        Array [
          "MyType",
          Array [
            "TypeAliasDeclaration-0",
          ],
        ],
        Array [
          "AnotherType",
          Array [
            "TypeAliasDeclaration-1",
          ],
        ],
      ],
      "Metadata": Object {
        "DocumentationComment": "",
        "JSDocTags": Array [],
      },
      "Name": "TypeAliasDeclaration1.ts",
      "Path": "./cases/TypeAliasDeclaration1.ts",
    },
  ],
  "Registry": Object {
    "PropertySignature-0": Object {
      "ApiKind": "property",
      "IsOptional": false,
      "Kind": 148,
      "KindString": "PropertySignature",
      "Location": Object {
        "Character": 4,
        "FileName": "./cases/TypeAliasDeclaration1.ts",
        "Line": 3,
      },
      "Metadata": Object {
        "DocumentationComment": "",
        "JSDocTags": Array [],
      },
      "Name": "BarName",
      "Type": Object {
        "ApiTypeKind": "basic",
        "Flags": 2,
        "FlagsString": "String",
        "Generics": undefined,
        "Name": undefined,
        "ReferenceId": undefined,
        "Text": "string",
      },
    },
    "TypeAliasDeclaration-0": Object {
      "ApiKind": "type",
      "Kind": 231,
      "KindString": "TypeAliasDeclaration",
      "Location": Object {
        "Character": 0,
        "FileName": "./cases/TypeAliasDeclaration1.ts",
        "Line": 2,
      },
      "Metadata": Object {
        "DocumentationComment": "",
        "JSDocTags": Array [],
      },
      "Name": "MyType",
      "Type": Object {
        "ApiTypeKind": "basic",
        "Flags": 32768,
        "FlagsString": "Object",
        "Generics": undefined,
        "Name": "__type",
        "ReferenceId": "TypeLiteral-0",
        "Text": "MyType",
      },
      "TypeParameters": Array [],
    },
    "TypeAliasDeclaration-1": Object {
      "ApiKind": "type",
      "Kind": 231,
      "KindString": "TypeAliasDeclaration",
      "Location": Object {
        "Character": 0,
        "FileName": "./cases/TypeAliasDeclaration1.ts",
        "Line": 6,
      },
      "Metadata": Object {
        "DocumentationComment": "",
        "JSDocTags": Array [],
      },
      "Name": "AnotherType",
      "Type": Object {
        "ApiTypeKind": "basic",
        "Flags": 32768,
        "FlagsString": "Object",
        "Generics": undefined,
        "Name": "__type",
        "ReferenceId": "TypeLiteral-0",
        "Text": "MyType",
      },
      "TypeParameters": Array [],
    },
    "TypeLiteral-0": Object {
      "ApiKind": "type-literal",
      "Kind": 163,
      "KindString": "TypeLiteral",
      "Location": Object {
        "Character": 21,
        "FileName": "./cases/TypeAliasDeclaration1.ts",
        "Line": 2,
      },
      "Members": Array [
        Array [
          "BarName",
          Array [
            "PropertySignature-0",
          ],
        ],
      ],
      "Metadata": Object {
        "DocumentationComment": "",
        "JSDocTags": Array [],
      },
      "Name": "__type",
    },
  },
}
`;
