// Jest Snapshot v1, https://goo.gl/fbAQLP

exports[`VariableDeclaration4 1`] = `
Object {
  "EntryFiles": Array [
    "SourceFile-0",
  ],
  "Registry": Object {
    "InterfaceDeclaration-0": Object {
      "ApiKind": "interface",
      "Extends": Array [],
      "Location": Object {
        "Character": 0,
        "FileName": "./cases/VariableDeclaration4.ts",
        "IsExternalPackage": false,
        "Line": 0,
      },
      "Members": Array [
        Object {
          "Alias": "b",
          "Ids": Array [
            "PropertySignature-0",
          ],
        },
      ],
      "Metadata": Object {
        "DocumentationComment": "",
        "JSDocTags": Array [],
      },
      "Name": "A",
      "TypeParameters": Array [],
      "_ts": Object {
        "Kind": 230,
        "KindString": "InterfaceDeclaration",
      },
    },
    "PropertySignature-0": Object {
      "ApiKind": "property",
      "IsOptional": false,
      "IsReadonly": false,
      "Location": Object {
        "Character": 4,
        "FileName": "./cases/VariableDeclaration4.ts",
        "IsExternalPackage": false,
        "Line": 1,
      },
      "Metadata": Object {
        "DocumentationComment": "",
        "JSDocTags": Array [],
      },
      "Name": "b",
      "Type": Object {
        "ApiTypeKind": "basic",
        "Flags": 2,
        "FlagsString": "String",
        "Generics": undefined,
        "Name": undefined,
        "ReferenceId": undefined,
        "Text": "string",
      },
      "_ts": Object {
        "Kind": 148,
        "KindString": "PropertySignature",
      },
    },
    "SourceFile-0": Object {
      "ApiKind": "source-file",
      "Location": Object {
        "Character": 0,
        "FileName": "./cases/VariableDeclaration4.ts",
        "IsExternalPackage": false,
        "Line": 0,
      },
      "Members": Array [
        Object {
          "Alias": "A",
          "Ids": Array [
            "InterfaceDeclaration-0",
          ],
        },
        Object {
          "Alias": "a",
          "Ids": Array [
            "VariableDeclaration-0",
          ],
        },
        Object {
          "Alias": "z",
          "Ids": Array [
            "VariableDeclaration-1",
          ],
        },
      ],
      "Metadata": Object {
        "DocumentationComment": "",
        "JSDocTags": Array [],
      },
      "Name": "VariableDeclaration4.ts",
      "_ts": Object {
        "Kind": 268,
        "KindString": "SourceFile",
      },
    },
    "VariableDeclaration-0": Object {
      "ApiKind": "variable",
      "Location": Object {
        "Character": 13,
        "FileName": "./cases/VariableDeclaration4.ts",
        "IsExternalPackage": false,
        "Line": 4,
      },
      "Metadata": Object {
        "DocumentationComment": "",
        "JSDocTags": Array [],
      },
      "Name": "a",
      "Type": Object {
        "ApiTypeKind": "basic",
        "Flags": 32768,
        "FlagsString": "Object",
        "Generics": undefined,
        "Name": "A",
        "ReferenceId": "InterfaceDeclaration-0",
        "Text": "A",
      },
      "VariableDeclarationType": "const",
      "_ts": Object {
        "Kind": 226,
        "KindString": "VariableDeclaration",
      },
    },
    "VariableDeclaration-1": Object {
      "ApiKind": "variable",
      "Location": Object {
        "Character": 13,
        "FileName": "./cases/VariableDeclaration4.ts",
        "IsExternalPackage": false,
        "Line": 8,
      },
      "Metadata": Object {
        "DocumentationComment": "",
        "JSDocTags": Array [],
      },
      "Name": "z",
      "Type": Object {
        "ApiTypeKind": "basic",
        "Flags": 32768,
        "FlagsString": "Object",
        "Generics": undefined,
        "Name": "A",
        "ReferenceId": "InterfaceDeclaration-0",
        "Text": "A",
      },
      "VariableDeclarationType": "const",
      "_ts": Object {
        "Kind": 226,
        "KindString": "VariableDeclaration",
      },
    },
  },
}
`;
